<html>
<body>
<pre>
<h1>礦ision Build Log</h1>
<h2>Project:</h2>
D:\ANOTech\KEIL-0811-视频所用源码\ANO_FLY\ANO_FLY.uvproj
Project File Date:  09/03/2013

<h2>Output:</h2>
Build target 'ANO_FLY'
compiling stm32f10x_it.c...
compiling Control.c...
linking...
Program Size: Code=30596 RO-data=508 RW-data=236 ZI-data=2364  
FromELF: creating hex file...
".\OUT\ANO_FLY.axf" - 0 Errors, 0 Warning(s).
Build target 'ANO_FLY'
compiling Control.c...
linking...
Program Size: Code=30596 RO-data=508 RW-data=236 ZI-data=2364  
FromELF: creating hex file...
".\OUT\ANO_FLY.axf" - 0 Errors, 0 Warning(s).
Load "D:\\ANOTech\\KEIL-0811-视频所用源码\\ANO_FLY\\OUT\\ANO_FLY.axf" 
Erase Done.
Programming Done.
Verify OK.
Application running ...
Build target 'ANO_FLY'
compiling BSP.c...
compiling MPU6050.c...
compiling eeprom.c...
compiling main.c...
compiling stm32f10x_it.c...
compiling Rc.c...
compiling Control.c...
linking...
Program Size: Code=30596 RO-data=508 RW-data=236 ZI-data=2364  
FromELF: creating hex file...
".\OUT\ANO_FLY.axf" - 0 Errors, 0 Warning(s).
Load "D:\\ANOTech\\KEIL-0811-视频所用源码\\ANO_FLY\\OUT\\ANO_FLY.axf" 
Erase Done.
Programming Done.
Verify OK.
Application running ...
Build target 'ANO_FLY'
compiling Control.c...
linking...
Program Size: Code=30596 RO-data=508 RW-data=236 ZI-data=2364  
FromELF: creating hex file...
".\OUT\ANO_FLY.axf" - 0 Errors, 0 Warning(s).
Load "D:\\ANOTech\\KEIL-0811-视频所用源码\\ANO_FLY\\OUT\\ANO_FLY.axf" 
Erase Done.
Programming Done.
Verify OK.
Application running ...
Build target 'ANO_FLY'
compiling Control.c...
linking...
Program Size: Code=30596 RO-data=508 RW-data=236 ZI-data=2364  
FromELF: creating hex file...
".\OUT\ANO_FLY.axf" - 0 Errors, 0 Warning(s).
Load "D:\\ANOTech\\KEIL-0811-视频所用源码\\ANO_FLY\\OUT\\ANO_FLY.axf" 
Erase Done.
Programming Done.
Verify OK.
Application running ...
Load "D:\\ANOTech\\KEIL-0811-视频所用源码\\ANO_FLY\\OUT\\ANO_FLY.axf" 
Erase Done.
Programming Done.
Verify OK.
Application running ...
Build target 'ANO_FLY'
compiling Control.c...
linking...
Program Size: Code=30596 RO-data=508 RW-data=236 ZI-data=2364  
FromELF: creating hex file...
".\OUT\ANO_FLY.axf" - 0 Errors, 0 Warning(s).
Load "D:\\ANOTech\\KEIL-0811-视频所用源码\\ANO_FLY\\OUT\\ANO_FLY.axf" 
Erase Done.
Programming Done.
Verify OK.
Application running ...
Build target 'ANO_FLY'
compiling Control.c...
linking...
Program Size: Code=30636 RO-data=508 RW-data=236 ZI-data=2364  
FromELF: creating hex file...
".\OUT\ANO_FLY.axf" - 0 Errors, 0 Warning(s).
Build target 'ANO_FLY'
linking...
Program Size: Code=30636 RO-data=508 RW-data=236 ZI-data=2364  
FromELF: creating hex file...
".\OUT\ANO_FLY.axf" - 0 Errors, 0 Warning(s).
Load "D:\\ANOTech\\KEIL-0811-视频所用源码\\ANO_FLY\\OUT\\ANO_FLY.axf" 
Erase Done.
Programming Done.
Verify OK.
Application running ...
Build target 'ANO_FLY'
compiling Control.c...
linking...
Program Size: Code=30636 RO-data=508 RW-data=236 ZI-data=2364  
FromELF: creating hex file...
".\OUT\ANO_FLY.axf" - 0 Errors, 0 Warning(s).
Load "D:\\ANOTech\\KEIL-0811-视频所用源码\\ANO_FLY\\OUT\\ANO_FLY.axf" 
Erase Done.
Programming Done.
Verify OK.
Application running ...
Build target 'ANO_FLY'
compiling Rc.c...
linking...
Program Size: Code=30636 RO-data=508 RW-data=236 ZI-data=2364  
FromELF: creating hex file...
".\OUT\ANO_FLY.axf" - 0 Errors, 0 Warning(s).
Build target 'ANO_FLY'
compiling Rc.c...
linking...
Program Size: Code=30636 RO-data=508 RW-data=236 ZI-data=2364  
FromELF: creating hex file...
".\OUT\ANO_FLY.axf" - 0 Errors, 0 Warning(s).
Load "D:\\ANOTech\\KEIL-0811-视频所用源码\\ANO_FLY\\OUT\\ANO_FLY.axf" 
Erase Done.
Programming Done.
Verify OK.
Application running ...
Build target 'ANO_FLY'
compiling Control.c...
linking...
Program Size: Code=30636 RO-data=508 RW-data=236 ZI-data=2364  
FromELF: creating hex file...
".\OUT\ANO_FLY.axf" - 0 Errors, 0 Warning(s).
Build target 'ANO_FLY'
compiling Control.c...
linking...
Program Size: Code=30636 RO-data=508 RW-data=236 ZI-data=2364  
FromELF: creating hex file...
".\OUT\ANO_FLY.axf" - 0 Errors, 0 Warning(s).
Load "D:\\ANOTech\\KEIL-0811-视频所用源码\\ANO_FLY\\OUT\\ANO_FLY.axf" 
Erase Done.
Programming Done.
Verify OK.
Application running ...
Build target 'ANO_FLY'
compiling Rc.c...
linking...
Program Size: Code=30636 RO-data=508 RW-data=236 ZI-data=2364  
FromELF: creating hex file...
".\OUT\ANO_FLY.axf" - 0 Errors, 0 Warning(s).
Build target 'ANO_FLY'
linking...
Program Size: Code=30636 RO-data=508 RW-data=236 ZI-data=2364  
FromELF: creating hex file...
".\OUT\ANO_FLY.axf" - 0 Errors, 0 Warning(s).
Load "D:\\ANOTech\\KEIL-0811-视频所用源码\\ANO_FLY\\OUT\\ANO_FLY.axf" 
Erase Done.
Programming Done.
Verify OK.
Application running ...
Build target 'ANO_FLY'
compiling Rc.c...
linking...
Program Size: Code=30636 RO-data=508 RW-data=236 ZI-data=2364  
FromELF: creating hex file...
".\OUT\ANO_FLY.axf" - 0 Errors, 0 Warning(s).
Load "D:\\ANOTech\\KEIL-0811-视频所用源码\\ANO_FLY\\OUT\\ANO_FLY.axf" 
Erase Done.
Programming Done.
Verify OK.
Application running ...
