ARM Linker, 5.03 [Build 76] [MDK-ARM Standard]

==============================================================================

Section Cross References

    system_stm32f10x.o(.text) refers to system_stm32f10x.o(.data) for SystemCoreClock
    stm32f10x_gpio.o(.text) refers to stm32f10x_rcc.o(.text) for RCC_APB2PeriphResetCmd
    stm32f10x_tim.o(.text) refers to stm32f10x_rcc.o(.text) for RCC_APB2PeriphResetCmd
    stm32f10x_usart.o(.text) refers to stm32f10x_rcc.o(.text) for RCC_APB2PeriphResetCmd
    stm32f10x_rcc.o(.text) refers to stm32f10x_rcc.o(.data) for APBAHBPrescTable
    stm32f10x_spi.o(.text) refers to stm32f10x_rcc.o(.text) for RCC_APB2PeriphResetCmd
    startup_stm32f10x_md.o(STACK) refers (Special) to heapauxi.o(.text) for __use_two_region_memory
    startup_stm32f10x_md.o(HEAP) refers (Special) to heapauxi.o(.text) for __use_two_region_memory
    startup_stm32f10x_md.o(RESET) refers (Special) to heapauxi.o(.text) for __use_two_region_memory
    startup_stm32f10x_md.o(RESET) refers to startup_stm32f10x_md.o(STACK) for __initial_sp
    startup_stm32f10x_md.o(RESET) refers to startup_stm32f10x_md.o(.text) for Reset_Handler
    startup_stm32f10x_md.o(RESET) refers to stm32f10x_it.o(.text) for NMI_Handler
    startup_stm32f10x_md.o(RESET) refers to timcap.o(.text) for TIM1_BRK_IRQHandler
    startup_stm32f10x_md.o(.text) refers (Special) to heapauxi.o(.text) for __use_two_region_memory
    startup_stm32f10x_md.o(.text) refers to system_stm32f10x.o(.text) for SystemInit
    startup_stm32f10x_md.o(.text) refers to __main.o(!!!main) for __main
    startup_stm32f10x_md.o(.text) refers to startup_stm32f10x_md.o(HEAP) for Heap_Mem
    startup_stm32f10x_md.o(.text) refers to startup_stm32f10x_md.o(STACK) for Stack_Mem
    bsp.o(.text) refers to misc.o(.text) for NVIC_PriorityGroupConfig
    tim.o(.text) refers to stm32f10x_rcc.o(.text) for RCC_APB1PeriphClockCmd
    tim.o(.text) refers to stm32f10x_tim.o(.text) for TIM_DeInit
    tim.o(.text) refers to stm32f10x_gpio.o(.text) for GPIO_Init
    usart.o(.text) refers to stm32f10x_rcc.o(.text) for RCC_APB2PeriphClockCmd
    usart.o(.text) refers to stm32f10x_gpio.o(.text) for GPIO_Init
    usart.o(.text) refers to stm32f10x_usart.o(.text) for USART_Init
    usart.o(.text) refers to usart.o(.data) for TxCounter
    usart.o(.text) refers to usart.o(.bss) for TxBuffer
    spi.o(.text) refers to stm32f10x_rcc.o(.text) for RCC_APB2PeriphClockCmd
    spi.o(.text) refers to stm32f10x_gpio.o(.text) for GPIO_Init
    spi.o(.text) refers to stm32f10x_spi.o(.text) for SPI_Init
    nrf24l01.o(.text) refers to stm32f10x_gpio.o(.text) for GPIO_ResetBits
    nrf24l01.o(.text) refers to spi.o(.text) for Spi_RW
    nrf24l01.o(.text) refers to nrf24l01.o(.data) for TX_ADDRESS
    main.o(.text) refers to tim.o(.text) for Tim3_Init
    main.o(.text) refers to timcap.o(.text) for TIM2_Cap_Init
    main.o(.text) refers to bsp.o(.text) for Nvic_Init
    main.o(.text) refers to usart.o(.text) for Uart1_Init
    main.o(.text) refers to spi.o(.text) for Spi2_Init
    main.o(.text) refers to nrf24l01.o(.text) for Nrf24l01_Init
    main.o(.text) refers to uart1.o(.text) for Uart_CheckEvent
    main.o(.text) refers to rc.o(.text) for Nrf_Check_Event
    main.o(.text) refers to bsp.o(.data) for SYS_INIT_OK
    main.o(.text) refers to rc.o(.data) for NRF_SEND_RC_FLAG
    main.o(.text) refers to nrf24l01.o(.bss) for NRF24L01_TXDATA_RC
    stm32f10x_it.o(.text) refers to usart.o(.text) for Uart1_IRQ
    stm32f10x_it.o(.text) refers to rc.o(.text) for NRF_Send_RC
    stm32f10x_it.o(.text) refers to bsp.o(.data) for SYS_INIT_OK
    stm32f10x_it.o(.text) refers to stm32f10x_it.o(.data) for ms1
    stm32f10x_it.o(.text) refers to timcap.o(.data) for percent2
    stm32f10x_it.o(.text) refers to rc.o(.bss) for Rc_Get
    timcap.o(.text) refers to stm32f10x_tim.o(.text) for TIM_GetITStatus
    timcap.o(.text) refers to timcap.o(.data) for OC_STA
    timcap.o(.text) refers to stm32f10x_rcc.o(.text) for RCC_APB2PeriphClockCmd
    timcap.o(.text) refers to stm32f10x_gpio.o(.text) for GPIO_Init
    uart1.o(.text) refers to rc.o(.text) for NRF_SendData_AP
    uart1.o(.text) refers to usart.o(.text) for Uart1_Put_Char
    uart1.o(.text) refers to usart.o(.bss) for Rx_Buf
    uart1.o(.text) refers to usart.o(.data) for Rx_Ok0
    uart1.o(.text) refers to rc.o(.bss) for Rc_Get
    uart1.o(.text) refers to uart1.o(.data) for led_s
    rc.o(.text) refers to nrf24l01.o(.text) for NRF_TxPacket_AP
    rc.o(.text) refers to uart1.o(.text) for Uart1_Send_Buf
    rc.o(.text) refers to nrf24l01.o(.bss) for NRF24L01_RXDATA
    rc.o(.text) refers to rc.o(.data) for max_cnt
    rc.o(.text) refers to rc.o(.bss) for Rc_Get
    __main.o(!!!main) refers to rtentry.o(.ARM.Collect$$rtentry$$00000000) for __rt_entry
    rtentry.o(.ARM.Collect$$rtentry$$00000000) refers (Special) to rtentry2.o(.ARM.Collect$$rtentry$$0000000A) for __rt_entry_li
[...]
    libinit.o(.ARM.Collect$$libinit$$00000000) refers (Special) to libinit2.o(.ARM.Collect$$libinit$$00000008) for __rt_lib_init_heap_1
    libinit.o(.ARM.Collect$$libinit$$00000000) refers (Special) to libinit2.o(.ARM.Collect$$libinit$$0000000F) for __rt_lib_init_lc_collate_1
    libinit.o(.ARM.Collect$$libinit$$00000000) refers (Special) to libinit2.o(.ARM.Collect$$libinit$$00000011) for __rt_lib_init_lc_ctype_1
    libinit.o(.ARM.Collect$$libinit$$00000000) refers (Special) to libinit2.o(.ARM.Collect$$libinit$$00000013) for __rt_lib_init_lc_monetary_1
    libinit.o(.ARM.Collect$$libinit$$00000000) refers (Special) to libinit2.o(.ARM.Collect$$libinit$$00000015) for __rt_lib_init_lc_numeric_1
    libinit.o(.ARM.Collect$$libinit$$00000000) refers (Special) to libinit2.o(.ARM.Collect$$libinit$$00000017) for __rt_lib_init_lc_time_1
    libinit.o(.ARM.Collect$$libinit$$00000000) refers (Special) to libinit2.o(.ARM.Collect$$libinit$$0000000C) for __rt_lib_init_rand_1
    libinit.o(.ARM.Collect$$libinit$$00000000) refers (Special) to libinit2.o(.ARM.Collect$$libinit$$00000031) for __rt_lib_init_return
    libinit.o(.ARM.Collect$$libinit$$00000000) refers (Special) to libinit2.o(.ARM.Collect$$libinit$$0000001B) for __rt_lib_init_signal_1
    libinit.o(.ARM.Collect$$libinit$$00000000) refers (Special) to libinit2.o(.ARM.Collect$$libinit$$00000023) for __rt_lib_init_stdio_1
    libinit.o(.ARM.Collect$$libinit$$00000000) refers (Special) to libinit2.o(.ARM.Collect$$libinit$$0000000A) for __rt_lib_init_user_alloc_1
    libspace.o(.text) refers to libspace.o(.bss) for __libspace_start
    rtexit.o(.ARM.Collect$$rtexit$$00000000) refers (Special) to rtexit2.o(.ARM.Collect$$rtexit$$00000004) for __rt_exit_exit
    rtexit.o(.ARM.Collect$$rtexit$$00000000) refers (Special) to rtexit2.o(.ARM.Collect$$rtexit$$00000003) for __rt_exit_ls
    rtexit.o(.ARM.Collect$$rtexit$$00000000) refers (Special) to rtexit2.o(.ARM.Collect$$rtexit$$00000002) for __rt_exit_prels_1
    rtexit.o(.ARM.exidx) refers (Special) to rtexit2.o(.ARM.Collect$$rtexit$$00000004) for __rt_exit_exit
    rtexit.o(.ARM.exidx) refers (Special) to rtexit2.o(.ARM.Collect$$rtexit$$00000003) for __rt_exit_ls
    rtexit.o(.ARM.exidx) refers (Special) to rtexit2.o(.ARM.Collect$$rtexit$$00000002) for __rt_exit_prels_1
    rtexit.o(.ARM.exidx) refers to rtexit.o(.ARM.Collect$$rtexit$$00000000) for .ARM.Collect$$rtexit$$00000000
    libinit2.o(.ARM.Collect$$libinit$$0000000E) refers to libinit2.o(.ARM.Collect$$libinit$$0000000D) for .ARM.Collect$$libinit$$0000000D
    libinit2.o(.ARM.Collect$$libinit$$00000010) refers to libinit2.o(.ARM.Collect$$libinit$$0000000D) for .ARM.Collect$$libinit$$0000000D
    libinit2.o(.ARM.Collect$$libinit$$00000012) refers to libinit2.o(.ARM.Collect$$libinit$$0000000D) for .ARM.Collect$$libinit$$0000000D
    libinit2.o(.ARM.Collect$$libinit$$00000014) refers to libinit2.o(.ARM.Collect$$libinit$$0000000D) for .ARM.Collect$$libinit$$0000000D
    libinit2.o(.ARM.Collect$$libinit$$00000016) refers to libinit2.o(.ARM.Collect$$libinit$$0000000D) for .ARM.Collect$$libinit$$0000000D
    libinit2.o(.ARM.Collect$$libinit$$00000024) refers to argv_veneer.o(.emb_text) for __ARM_argv_veneer
    libinit2.o(.ARM.Collect$$libinit$$00000025) refers to argv_veneer.o(.emb_text) for __ARM_argv_veneer
    rtexit2.o(.ARM.Collect$$rtexit$$00000003) refers to libshutdown.o(.ARM.Collect$$libshutdown$$00000000) for __rt_lib_shutdown
    rtexit2.o(.ARM.Collect$$rtexit$$00000004) refers to sys_exit.o(.text) for _sys_exit
    rtexit2.o(.ARM.exidx) refers to rtexit2.o(.ARM.Collect$$rtexit$$00000001) for .ARM.Collect$$rtexit$$00000001
    rtexit2.o(.ARM.exidx) refers to rtexit2.o(.ARM.Collect$$rtexit$$00000003) for .ARM.Collect$$rtexit$$00000003
    rtexit2.o(.ARM.exidx) refers to rtexit2.o(.ARM.Collect$$rtexit$$00000004) for .ARM.Collect$$rtexit$$00000004
    argv_veneer.o(.emb_text) refers to no_argv.o(.text) for __ARM_get_argv
    sys_exit.o(.text) refers (Special) to use_no_semi.o(.text) for __I$use$semihosting
    sys_exit.o(.text) refers (Special) to indicate_semi.o(.text) for __semihosting_library_function
    _get_argv_nomalloc.o(.text) refers (Special) to hrguard.o(.text) for __heap_region$guard
    _get_argv_nomalloc.o(.text) refers to defsig_rtmem_outer.o(.text) for __rt_SIGRTMEM
    _get_argv_nomalloc.o(.text) refers to sys_command.o(.text) for _sys_command_string
    libshutdown.o(.ARM.Collect$$libshutdown$$00000000) refers (Special) to libshutdown2.o(.ARM.Collect$$libshutdown$$00000006) for __rt_lib_shutdown_fp_trap_1
    libshutdown.o(.ARM.Collect$$libshutdown$$00000000) refers (Special) to libshutdown2.o(.ARM.Collect$$libshutdown$$0000000E) for __rt_lib_shutdown_heap_1
    libshutdown.o(.ARM.Collect$$libshutdown$$00000000) refers (Special) to libshutdown2.o(.ARM.Collect$$libshutdown$$0000000F) for __rt_lib_shutdown_return
    libshutdown.o(.ARM.Collect$$libshutdown$$00000000) refers (Special) to libshutdown2.o(.ARM.Collect$$libshutdown$$00000009) for __rt_lib_shutdown_signal_1
    libshutdown.o(.ARM.Collect$$libshutdown$$00000000) refers (Special) to libshutdown2.o(.ARM.Collect$$libshutdown$$00000003) for __rt_lib_shutdown_stdio_1
    libshutdown.o(.ARM.Collect$$libshutdown$$00000000) refers (Special) to libshutdown2.o(.ARM.Collect$$libshutdown$$0000000B) for __rt_lib_shutdown_user_alloc_1
    sys_command.o(.text) refers (Special) to use_no_semi.o(.text) for __I$use$semihosting
    sys_command.o(.text) refers (Special) to indicate_semi.o(.text) for __semihosting_library_function
    defsig_rtmem_outer.o(.text) refers to defsig_rtmem_inner.o(.text) for __rt_SIGRTMEM_inner
    defsig_rtmem_outer.o(.text) refers to defsig_exit.o(.text) for __sig_exit
    defsig_rtmem_formal.o(.text) refers to rt_raise.o(.text) for __rt_raise
    rt_raise.o(.text) refers to __raise.o(.text) for __raise
    rt_raise.o(.text) refers to sys_exit.o(.text) for _sys_exit
    defsig_exit.o(.text) refers to sys_exit.o(.text) for _sys_exit
    defsig_rtmem_inner.o(.text) refers to defsig_general.o(.text) for __default_signal_display
    __raise.o(.text) refers to defsig.o(CL$$defsig) for __default_signal_handler
    defsig_general.o(.text) refers to sys_wrch.o(.text) for _ttywrch
    sys_wrch.o(.text) refers (Special) to use_no_semi.o(.text) for __I$use$semihosting
    sys_wrch.o(.text) refers (Special) to indicate_semi.o(.text) for __semihosting_library_function
    defsig.o(CL$$defsig) refers to defsig_rtmem_inner.o(.text) for __rt_SIGRTMEM_inner
    defsig_abrt_inner.o(.text) refers to defsig_general.o(.text) for __default_signal_display
    defsig_fpe_inner.o(.text) refers to defsig_general.o(.text) for __default_signal_display
    defsig_rtred_inner.o(.text) refers to defsig_general.o(.text) for __default_signal_display
    defsig_stak_inner.o(.text) refers to defsig_general.o(.text) for __default_signal_display
    defsig_pvfn_inner.o(.text) refers to defsig_general.o(.text) for __default_signal_display
    defsig_cppl_inner.o(.text) refers to defsig_general.o(.text) for __default_signal_display
    defsig_segv_inner.o(.text) refers to defsig_general.o(.text) for __default_signal_display
    defsig_other.o(.text) refers to defsig_general.o(.text) for __default_signal_display


==============================================================================

Removing Unused input sections from the image.

    Removing core_cm3.o(.emb_text), (32 bytes).
    Removing main.o(.bss), (100 bytes).

2 unused section(s) (total 132 bytes) removed from the image.

==============================================================================

Image Symbol Table

    Local Symbols

    Symbol Name                              Value     Ov Type        Size  Object(Section)

    ../clib/angel/boardlib.s                 0x00000000   Number         0  boardinit3.o ABSOLUTE
    ../clib/angel/boardlib.s                 0x00000000   Number         0  boardinit2.o ABSOLUTE
    ../clib/angel/boardlib.s                 0x00000000   Number         0  boardinit1.o ABSOLUTE
    ../clib/angel/boardlib.s                 0x00000000   Number         0  boardshut.o ABSOLUTE
    ../clib/angel/dczerorl2.s                0x00000000   Number         0  __dczerorl2.o ABSOLUTE
    ../clib/angel/handlers.s                 0x00000000   Number         0  __scatter_zi.o ABSOLUTE
    ../clib/angel/kernel.s                   0x00000000   Number         0  rtexit2.o ABSOLUTE
    ../clib/angel/kernel.s                   0x00000000   Number         0  rtexit.o ABSOLUTE
    ../clib/angel/kernel.s                   0x00000000   Number         0  rtentry4.o ABSOLUTE
    ../clib/angel/kernel.s                   0x00000000   Number         0  rtentry2.o ABSOLUTE
    ../clib/angel/kernel.s                   0x00000000   Number         0  rtentry.o ABSOLUTE
    ../clib/angel/rt.s                       0x00000000   Number         0  rt_raise.o ABSOLUTE
    ../clib/angel/scatter.s                  0x00000000   Number         0  __scatter.o ABSOLUTE
    ../clib/angel/startup.s                  0x00000000   Number         0  __main.o ABSOLUTE
    ../clib/angel/sys.s                      0x00000000   Number         0  sys_stackheap_outer.o ABSOLUTE
    ../clib/angel/sys.s                      0x00000000   Number         0  use_no_semi.o ABSOLUTE
    ../clib/angel/sys.s                      0x00000000   Number         0  indicate_semi.o ABSOLUTE
    ../clib/angel/sys.s                      0x00000000   Number         0  libspace.o ABSOLUTE
    ../clib/angel/sysapp.c                   0x00000000   Number         0  sys_command.o ABSOLUTE
    ../clib/angel/sysapp.c                   0x00000000   Number         0  sys_exit.o ABSOLUTE
    ../clib/angel/sysapp.c                   0x00000000   Number         0  sys_wrch.o ABSOLUTE
    ../clib/armsys.c                         0x00000000   Number         0  argv_veneer.o ABSOLUTE
    ../clib/armsys.c                         0x00000000   Number         0  argv_veneer.o ABSOLUTE
    ../clib/armsys.c                         0x00000000   Number         0  _get_argv_nomalloc.o ABSOLUTE
    ../clib/armsys.c                         0x00000000   Number         0  no_argv.o ABSOLUTE
    ../clib/heapalloc.c                      0x00000000   Number         0  hrguard.o ABSOLUTE
    ../clib/heapaux.c                        0x00000000   Number         0  heapauxi.o ABSOLUTE
    ../clib/libinit.s                        0x00000000   Number         0  libinit2.o ABSOLUTE
    ../clib/libinit.s                        0x00000000   Number         0  libshutdown2.o ABSOLUTE
    ../clib/libinit.s                        0x00000000   Number         0  libshutdown.o ABSOLUTE
    ../clib/libinit.s                        0x00000000   Number         0  libinit.o ABSOLUTE
    ../clib/signal.c                         0x00000000   Number         0  defsig_segv_inner.o ABSOLUTE
    ../clib/signal.c                         0x00000000   Number         0  defsig_abrt_inner.o ABSOLUTE
    ../clib/signal.c                         0x00000000   Number         0  defsig_general.o ABSOLUTE
    ../clib/signal.c                         0x00000000   Number         0  defsig_cppl_inner.o ABSOLUTE
    ../clib/signal.c                         0x00000000   Number         0  defsig_other.o ABSOLUTE
    ../clib/signal.c                         0x00000000   Number         0  defsig_pvfn_inner.o ABSOLUTE
    ../clib/signal.c                         0x00000000   Number         0  __raise.o ABSOLUTE
    ../clib/signal.c                         0x00000000   Number         0  defsig_rtmem_inner.o ABSOLUTE
    ../clib/signal.c                         0x00000000   Number         0  defsig_exit.o ABSOLUTE
    ../clib/signal.c                         0x00000000   Number         0  defsig_stak_inner.o ABSOLUTE
    ../clib/signal.c                         0x00000000   Number         0  defsig_rtmem_formal.o ABSOLUTE
    ../clib/signal.c                         0x00000000   Number         0  defsig_rtmem_outer.o ABSOLUTE
    ../clib/signal.c                         0x00000000   Number         0  defsig_rtred_inner.o ABSOLUTE
    ../clib/signal.c                         0x00000000   Number         0  defsig_fpe_inner.o ABSOLUTE
    ../clib/signal.s                         0x00000000   Number         0  defsig.o ABSOLUTE
    ../clib/stdlib.c                         0x00000000   Number         0  exit.o ABSOLUTE
    ../fplib/fpinit.s                        0x00000000   Number         0  fpinit.o ABSOLUTE
    APP\RC\Rc.c                              0x00000000   Number         0  rc.o ABSOLUTE
    APP\SYS\TIMCap.c                         0x00000000   Number         0  timcap.o ABSOLUTE
    APP\SYS\main.c                           0x00000000   Number         0  main.o ABSOLUTE
    APP\SYS\stm32f10x_it.c                   0x00000000   Number         0  stm32f10x_it.o ABSOLUTE
    APP\UART\Uart1.c                         0x00000000   Number         0  uart1.o ABSOLUTE
    BSP\BSP.c                                0x00000000   Number         0  bsp.o ABSOLUTE
    BSP\Nrf24l01.C                           0x00000000   Number         0  nrf24l01.o ABSOLUTE
    BSP\Spi.c                                0x00000000   Number         0  spi.o ABSOLUTE
    BSP\Tim.c                                0x00000000   Number         0  tim.o ABSOLUTE
    BSP\Usart.c                              0x00000000   Number         0  usart.o ABSOLUTE
    LIB\\core_cm3.c                          0x00000000   Number         0  core_cm3.o ABSOLUTE
    LIB\core_cm3.c                           0x00000000   Number         0  core_cm3.o ABSOLUTE
    LIB\misc.c                               0x00000000   Number         0  misc.o ABSOLUTE
    LIB\startup_stm32f10x_md.s               0x00000000   Number         0  startup_stm32f10x_md.o ABSOLUTE
    LIB\stm32f10x_gpio.c                     0x00000000   Number         0  stm32f10x_gpio.o ABSOLUTE
    LIB\stm32f10x_rcc.c                      0x00000000   Number         0  stm32f10x_rcc.o ABSOLUTE
    LIB\stm32f10x_spi.c                      0x00000000   Number         0  stm32f10x_spi.o ABSOLUTE
    LIB\stm32f10x_tim.c                      0x00000000   Number         0  stm32f10x_tim.o ABSOLUTE
    LIB\stm32f10x_usart.c                    0x00000000   Number         0  stm32f10x_usart.o ABSOLUTE
    LIB\system_stm32f10x.c                   0x00000000   Number         0  system_stm32f10x.o ABSOLUTE
    dc.s                                     0x00000000   Number         0  dc.o ABSOLUTE
    RESET                                    0x08000000   Section      236  startup_stm32f10x_md.o(RESET)
    !!!main                                  0x080000ec   Section        8  __main.o(!!!main)
    !!!scatter                               0x080000f4   Section       52  __scatter.o(!!!scatter)
    !!dczerorl2                              0x08000128   Section       90  __dczerorl2.o(!!dczerorl2)
    !!handler_zi                             0x08000184   Section       28  __scatter_zi.o(!!handler_zi)
    .ARM.Collect$$libinit$$00000000          0x080001a0   Section        2  libinit.o(.ARM.Collect$$libinit$$00000000)
    .ARM.Collect$$libinit$$00000002          0x080001a2   Section        0  libinit2.o(.ARM.Collect$$libinit$$00000002)
    .ARM.Collect$$libinit$$00000008          0x080001a2   Section        0  libinit2.o(.ARM.Collect$$libinit$$00000008)
    .ARM.Collect$$libinit$$0000000A          0x080001a2   Section        0  libinit2.o(.ARM.Collect$$libinit$$0000000A)
    .ARM.Collect$$libinit$$0000000C          0x080001a2   Section        0  libinit2.o(.ARM.Collect$$libinit$$0000000C)
    .ARM.Collect$$libinit$$0000000F          0x080001a2   Section        0  libinit2.o(.ARM.Collect$$libinit$$0000000F)
    .ARM.Collect$$libinit$$00000011          0x080001a2   Section        0  libinit2.o(.ARM.Collect$$libinit$$00000011)
    .ARM.Collect$$libinit$$00000013          0x080001a2   Section        0  libinit2.o(.ARM.Collect$$libinit$$00000013)
    .ARM.Collect$$libinit$$00000015          0x080001a2   Section        0  libinit2.o(.ARM.Collect$$libinit$$00000015)
    .ARM.Collect$$libinit$$00000017          0x080001a2   Section        0  libinit2.o(.ARM.Collect$$libinit$$00000017)
    .ARM.Collect$$libinit$$00000019          0x080001a2   Section        0  libinit2.o(.ARM.Collect$$libinit$$00000019)
    .ARM.Collect$$libinit$$0000001B          0x080001a2   Section        0  libinit2.o(.ARM.Collect$$libinit$$0000001B)
    .ARM.Collect$$libinit$$0000001D          0x080001a2   Section        0  libinit2.o(.ARM.Collect$$libinit$$0000001D)
    .ARM.Collect$$libinit$$0000001F          0x080001a2   Section        0  libinit2.o(.ARM.Collect$$libinit$$0000001F)
    .ARM.Collect$$libinit$$00000021          0x080001a2   Section        0  libinit2.o(.ARM.Collect$$libinit$$00000021)
    .ARM.Collect$$libinit$$00000023          0x080001a2   Section        0  libinit2.o(.ARM.Collect$$libinit$$00000023)
    .ARM.Collect$$libinit$$0000002A          0x080001a2   Section        0  libinit2.o(.ARM.Collect$$libinit$$0000002A)
    .ARM.Collect$$libinit$$0000002C          0x080001a2   Section        0  libinit2.o(.ARM.Collect$$libinit$$0000002C)
    .ARM.Collect$$libinit$$0000002E          0x080001a2   Section        0  libinit2.o(.ARM.Collect$$libinit$$0000002E)
    .ARM.Collect$$libinit$$00000030          0x080001a2   Section        0  libinit2.o(.ARM.Collect$$libinit$$00000030)
    .ARM.Collect$$libinit$$00000031          0x080001a2   Section        2  libinit2.o(.ARM.Collect$$libinit$$00000031)
    .ARM.Collect$$libshutdown$$00000000      0x080001a4   Section        2  libshutdown.o(.ARM.Collect$$libshutdown$$00000000)
    .ARM.Collect$$libshutdown$$00000003      0x080001a6   Section        0  libshutdown2.o(.ARM.Collect$$libshutdown$$00000003)
    .ARM.Collect$$libshutdown$$00000006      0x080001a6   Section        0  libshutdown2.o(.ARM.Collect$$libshutdown$$00000006)
    .ARM.Collect$$libshutdown$$00000009      0x080001a6   Section        0  libshutdown2.o(.ARM.Collect$$libshutdown$$00000009)
    .ARM.Collect$$libshutdown$$0000000B      0x080001a6   Section        0  libshutdown2.o(.ARM.Collect$$libshutdown$$0000000B)
    .ARM.Collect$$libshutdown$$0000000E      0x080001a6   Section        0  libshutdown2.o(.ARM.Collect$$libshutdown$$0000000E)
    .ARM.Collect$$libshutdown$$0000000F      0x080001a6   Section        2  libshutdown2.o(.ARM.Collect$$libshutdown$$0000000F)
    .ARM.Collect$$rtentry$$00000000          0x080001a8   Section        0  rtentry.o(.ARM.Collect$$rtentry$$00000000)
    .ARM.Collect$$rtentry$$00000002          0x080001a8   Section        0  rtentry2.o(.ARM.Collect$$rtentry$$00000002)
    .ARM.Collect$$rtentry$$00000004          0x080001a8   Section        6  rtentry4.o(.ARM.Collect$$rtentry$$00000004)
    .ARM.Collect$$rtentry$$00000009          0x080001ae   Section        0  rtentry2.o(.ARM.Collect$$rtentry$$00000009)
    .ARM.Collect$$rtentry$$0000000A          0x080001ae   Section        4  rtentry2.o(.ARM.Collect$$rtentry$$0000000A)
    .ARM.Collect$$rtentry$$0000000C          0x080001b2   Section        0  rtentry2.o(.ARM.Collect$$rtentry$$0000000C)
    .ARM.Collect$$rtentry$$0000000D          0x080001b2   Section        8  rtentry2.o(.ARM.Collect$$rtentry$$0000000D)
    .ARM.Collect$$rtexit$$00000000           0x080001ba   Section        2  rtexit.o(.ARM.Collect$$rtexit$$00000000)
    .ARM.Collect$$rtexit$$00000002           0x080001bc   Section        0  rtexit2.o(.ARM.Collect$$rtexit$$00000002)
    .ARM.Collect$$rtexit$$00000003           0x080001bc   Section        4  rtexit2.o(.ARM.Collect$$rtexit$$00000003)
    .ARM.Collect$$rtexit$$00000004           0x080001c0   Section        6  rtexit2.o(.ARM.Collect$$rtexit$$00000004)
    .text                                    0x080001c8   Section        0  system_stm32f10x.o(.text)
    SetSysClockTo72                          0x080001c9   Thumb Code   212  system_stm32f10x.o(.text)
    SetSysClock                              0x0800029d   Thumb Code     8  system_stm32f10x.o(.text)
    .text                                    0x080003a4   Section        0  misc.o(.text)
    .text                                    0x08000480   Section        0  stm32f10x_gpio.o(.text)
    .text                                    0x080007d8   Section        0  stm32f10x_tim.o(.text)
    TI4_Config                               0x08000c7f   Thumb Code   130  stm32f10x_tim.o(.text)
    TI3_Config                               0x08000d13   Thumb Code   122  stm32f10x_tim.o(.text)
    TI2_Config                               0x08000da7   Thumb Code   130  stm32f10x_tim.o(.text)
    TI1_Config                               0x08000e3b   Thumb Code   108  stm32f10x_tim.o(.text)
    .text                                    0x080015f4   Section        0  stm32f10x_usart.o(.text)
    .text                                    0x080019fc   Section        0  stm32f10x_rcc.o(.text)
    .text                                    0x08001da0   Section        0  stm32f10x_spi.o(.text)
    .text                                    0x080020ac   Section       64  startup_stm32f10x_md.o(.text)
    .text                                    0x080020ec   Section        0  bsp.o(.text)
    .text                                    0x08002154   Section        0  tim.o(.text)
    .text                                    0x08002238   Section        0  usart.o(.text)
    .text                                    0x08002528   Section        0  spi.o(.text)
    .text                                    0x08002650   Section        0  nrf24l01.o(.text)
    .text                                    0x080028ac   Section        0  main.o(.text)
    .text                                    0x08002980   Section        0  stm32f10x_it.o(.text)
    .text                                    0x08002a8c   Section        0  timcap.o(.text)
    .text                                    0x08004828   Section        0  uart1.o(.text)
    .text                                    0x08004a70   Section        0  rc.o(.text)
    .text                                    0x08004b98   Section        0  heapauxi.o(.text)
    .text                                    0x08004b9e   Section       74  sys_stackheap_outer.o(.text)
    .text                                    0x08004be8   Section        0  exit.o(.text)
    .text                                    0x08004bf4   Section        8  libspace.o(.text)
    .text                                    0x08004bfc   Section        0  sys_exit.o(.text)
    .text                                    0x08004c08   Section        2  use_no_semi.o(.text)
    .text                                    0x08004c0a   Section        0  indicate_semi.o(.text)
    .data                                    0x20000000   Section       20  system_stm32f10x.o(.data)
    .data                                    0x20000014   Section       20  stm32f10x_rcc.o(.data)
    APBAHBPrescTable                         0x20000014   Data          16  stm32f10x_rcc.o(.data)
    ADCPrescTable                            0x20000024   Data           4  stm32f10x_rcc.o(.data)
    .data                                    0x20000028   Section        1  bsp.o(.data)
    .data                                    0x2000002c   Section       12  usart.o(.data)
    .data                                    0x20000038   Section       10  nrf24l01.o(.data)
    .data                                    0x20000042   Section        4  stm32f10x_it.o(.data)
    ms1                                      0x20000042   Data           1  stm32f10x_it.o(.data)
    ms2                                      0x20000043   Data           1  stm32f10x_it.o(.data)
    ms5                                      0x20000044   Data           1  stm32f10x_it.o(.data)
    ms10                                     0x20000045   Data           1  stm32f10x_it.o(.data)
    .data                                    0x20000046   Section      272  timcap.o(.data)
    OC_STA                                   0x20000046   Data           1  timcap.o(.data)
    Last_Bas_Val                             0x20000048   Data           2  timcap.o(.data)
    Bas_Val                                  0x2000004a   Data           2  timcap.o(.data)
    All_Val                                  0x2000004c   Data           2  timcap.o(.data)
    Up_Val                                   0x2000004e   Data           2  timcap.o(.data)
    OC_STA                                   0x20000050   Data           1  timcap.o(.data)
    Last_Bas_Val                             0x20000052   Data           2  timcap.o(.data)
    Bas_Val                                  0x20000054   Data           2  timcap.o(.data)
    All_Val                                  0x20000056   Data           2  timcap.o(.data)
    Up_Val                                   0x20000058   Data           2  timcap.o(.data)
    OC_STA                                   0x2000005a   Data           1  timcap.o(.data)
    Last_Bas_Val                             0x2000005c   Data           2  timcap.o(.data)
    Bas_Val                                  0x2000005e   Data           2  timcap.o(.data)
    All_Val                                  0x20000060   Data           2  timcap.o(.data)
    Up_Val                                   0x20000062   Data           2  timcap.o(.data)
    OC_STA                                   0x20000064   Data           1  timcap.o(.data)
    Last_Bas_Val                             0x20000066   Data           2  timcap.o(.data)
    Bas_Val                                  0x20000068   Data           2  timcap.o(.data)
    All_Val                                  0x2000006a   Data           2  timcap.o(.data)
    Up_Val                                   0x2000006c   Data           2  timcap.o(.data)
    OC_STA                                   0x2000006e   Data           1  timcap.o(.data)
    Last_Bas_Val                             0x20000070   Data           2  timcap.o(.data)
    Bas_Val                                  0x20000072   Data           2  timcap.o(.data)
    All_Val                                  0x20000074   Data           2  timcap.o(.data)
    Up_Val                                   0x20000076   Data           2  timcap.o(.data)
    OC_STA                                   0x20000078   Data           1  timcap.o(.data)
    Last_Bas_Val                             0x2000007a   Data           2  timcap.o(.data)
    Bas_Val                                  0x2000007c   Data           2  timcap.o(.data)
    All_Val                                  0x2000007e   Data           2  timcap.o(.data)
    Up_Val                                   0x20000080   Data           2  timcap.o(.data)
    OC_STA                                   0x20000082   Data           1  timcap.o(.data)
    Last_Bas_Val                             0x20000084   Data           2  timcap.o(.data)
    Bas_Val                                  0x20000086   Data           2  timcap.o(.data)
    All_Val                                  0x20000088   Data           2  timcap.o(.data)
    Up_Val                                   0x2000008a   Data           2  timcap.o(.data)
    OC_STA                                   0x2000008c   Data           1  timcap.o(.data)
    Last_Bas_Val                             0x2000008e   Data           2  timcap.o(.data)
    Bas_Val                                  0x20000090   Data           2  timcap.o(.data)
    All_Val                                  0x20000092   Data           2  timcap.o(.data)
    Up_Val                                   0x20000094   Data           2  timcap.o(.data)
    OC_STA                                   0x20000096   Data           1  timcap.o(.data)
    Last_Bas_Val                             0x20000098   Data           2  timcap.o(.data)
    Bas_Val                                  0x2000009a   Data           2  timcap.o(.data)
    All_Val                                  0x2000009c   Data           2  timcap.o(.data)
    Up_Val                                   0x2000009e   Data           2  timcap.o(.data)
    OC_STA                                   0x200000a0   Data           1  timcap.o(.data)
    Last_Bas_Val                             0x200000a2   Data           2  timcap.o(.data)
    Bas_Val                                  0x200000a4   Data           2  timcap.o(.data)
    All_Val                                  0x200000a6   Data           2  timcap.o(.data)
    Up_Val                                   0x200000a8   Data           2  timcap.o(.data)
    OC_STA                                   0x200000aa   Data           1  timcap.o(.data)
    Last_Bas_Val                             0x200000ac   Data           2  timcap.o(.data)
    Bas_Val                                  0x200000ae   Data           2  timcap.o(.data)
    All_Val                                  0x200000b0   Data           2  timcap.o(.data)
    Up_Val                                   0x200000b2   Data           2  timcap.o(.data)
    OC_STA                                   0x200000b4   Data           1  timcap.o(.data)
    Last_Bas_Val                             0x200000b6   Data           2  timcap.o(.data)
    Bas_Val                                  0x200000b8   Data           2  timcap.o(.data)
    All_Val                                  0x200000ba   Data           2  timcap.o(.data)
    Up_Val                                   0x200000bc   Data           2  timcap.o(.data)
    OC_STA                                   0x200000be   Data           1  timcap.o(.data)
    Last_Bas_Val                             0x200000c0   Data           2  timcap.o(.data)
    Bas_Val                                  0x200000c2   Data           2  timcap.o(.data)
    All_Val                                  0x200000c4   Data           2  timcap.o(.data)
    Up_Val                                   0x200000c6   Data           2  timcap.o(.data)
    OC_STA                                   0x200000c8   Data           1  timcap.o(.data)
    Last_Bas_Val                             0x200000ca   Data           2  timcap.o(.data)
    Bas_Val                                  0x200000cc   Data           2  timcap.o(.data)
    All_Val                                  0x200000ce   Data           2  timcap.o(.data)
    Up_Val                                   0x200000d0   Data           2  timcap.o(.data)
    OC_STA                                   0x200000d2   Data           1  timcap.o(.data)
    Last_Bas_Val                             0x200000d4   Data           2  timcap.o(.data)
    Bas_Val                                  0x200000d6   Data           2  timcap.o(.data)
    All_Val                                  0x200000d8   Data           2  timcap.o(.data)
    Up_Val                                   0x200000da   Data           2  timcap.o(.data)
    OC_STA                                   0x200000dc   Data           1  timcap.o(.data)
    Last_Bas_Val                             0x200000de   Data           2  timcap.o(.data)
    Bas_Val                                  0x200000e0   Data           2  timcap.o(.data)
    All_Val                                  0x200000e2   Data           2  timcap.o(.data)
    Up_Val                                   0x200000e4   Data           2  timcap.o(.data)
    OC_STA                                   0x200000e6   Data           1  timcap.o(.data)
    Last_Bas_Val                             0x200000e8   Data           2  timcap.o(.data)
    Bas_Val                                  0x200000ea   Data           2  timcap.o(.data)
    All_Val                                  0x200000ec   Data           2  timcap.o(.data)
    Up_Val                                   0x200000ee   Data           2  timcap.o(.data)
    OC_STA                                   0x200000f0   Data           1  timcap.o(.data)
    Last_Bas_Val                             0x200000f2   Data           2  timcap.o(.data)
    Bas_Val                                  0x200000f4   Data           2  timcap.o(.data)
    All_Val                                  0x200000f6   Data           2  timcap.o(.data)
    Up_Val                                   0x200000f8   Data           2  timcap.o(.data)
    OC_STA                                   0x200000fa   Data           1  timcap.o(.data)
    Last_Bas_Val                             0x200000fc   Data           2  timcap.o(.data)
    Bas_Val                                  0x200000fe   Data           2  timcap.o(.data)
    All_Val                                  0x20000100   Data           2  timcap.o(.data)
    Up_Val                                   0x20000102   Data           2  timcap.o(.data)
    OC_STA                                   0x20000104   Data           1  timcap.o(.data)
    Last_Bas_Val                             0x20000106   Data           2  timcap.o(.data)
    Bas_Val                                  0x20000108   Data           2  timcap.o(.data)
    All_Val                                  0x2000010a   Data           2  timcap.o(.data)
    Up_Val                                   0x2000010c   Data           2  timcap.o(.data)
    OC_STA                                   0x2000010e   Data           1  timcap.o(.data)
    Last_Bas_Val                             0x20000110   Data           2  timcap.o(.data)
    Bas_Val                                  0x20000112   Data           2  timcap.o(.data)
    All_Val                                  0x20000114   Data           2  timcap.o(.data)
    Up_Val                                   0x20000116   Data           2  timcap.o(.data)
    OC_STA                                   0x20000118   Data           1  timcap.o(.data)
    Last_Bas_Val                             0x2000011a   Data           2  timcap.o(.data)
    Bas_Val                                  0x2000011c   Data           2  timcap.o(.data)
    All_Val                                  0x2000011e   Data           2  timcap.o(.data)
    Up_Val                                   0x20000120   Data           2  timcap.o(.data)
    OC_STA                                   0x20000122   Data           1  timcap.o(.data)
    Last_Bas_Val                             0x20000124   Data           2  timcap.o(.data)
    Bas_Val                                  0x20000126   Data           2  timcap.o(.data)
    All_Val                                  0x20000128   Data           2  timcap.o(.data)
    Up_Val                                   0x2000012a   Data           2  timcap.o(.data)
    OC_STA                                   0x2000012c   Data           1  timcap.o(.data)
    Last_Bas_Val                             0x2000012e   Data           2  timcap.o(.data)
    Bas_Val                                  0x20000130   Data           2  timcap.o(.data)
    All_Val                                  0x20000132   Data           2  timcap.o(.data)
    Up_Val                                   0x20000134   Data           2  timcap.o(.data)
    TIM1_Prescaler                           0x20000136   Data           2  timcap.o(.data)
    TIM2_Prescaler                           0x20000138   Data           2  timcap.o(.data)
    TIM3_Prescaler                           0x2000013a   Data           2  timcap.o(.data)
    TIM4_Prescaler                           0x2000013c   Data           2  timcap.o(.data)
    TIM5_Prescaler                           0x2000013e   Data           2  timcap.o(.data)
    TIM8_Prescaler                           0x20000140   Data           2  timcap.o(.data)
    .data                                    0x20000156   Section        6  uart1.o(.data)
    led_s                                    0x20000156   Data           6  uart1.o(.data)
    .data                                    0x2000015c   Section        4  rc.o(.data)
    max_cnt                                  0x2000015e   Data           2  rc.o(.data)
    .bss                                     0x20000160   Section      319  usart.o(.bss)
    .bss                                     0x2000029f   Section       96  nrf24l01.o(.bss)
    .bss                                     0x20000300   Section       18  rc.o(.bss)
    .bss                                     0x20000314   Section       96  libspace.o(.bss)
    HEAP                                     0x20000378   Section      512  startup_stm32f10x_md.o(HEAP)
    Heap_Mem                                 0x20000378   Data         512  startup_stm32f10x_md.o(HEAP)
    STACK                                    0x20000578   Section     1024  startup_stm32f10x_md.o(STACK)
    Stack_Mem                                0x20000578   Data        1024  startup_stm32f10x_md.o(STACK)
    __initial_sp                             0x20000978   Data           0  startup_stm32f10x_md.o(STACK)

    Global Symbols

    Symbol Name                              Value     Ov Type        Size  Object(Section)

    BuildAttributes$$THM_ISAv4$P$D$K$B$S$PE$A:L22UL41UL21$X:L11$S22US41US21$IEEE1$IW$USESV6$~STKCKD$USESV7$~SHL$OSPACE$ROPI$EBA8$UX$STANDARDLIB$REQ8$PRES8$EABIv2 0x00000000   Number         0  anon$$obj.o ABSOLUTE
    __ARM_use_no_argv                        0x00000000   Number         0  main.o ABSOLUTE
    __ARM_exceptions_init                     - Undefined Weak Reference
    __alloca_initialize                       - Undefined Weak Reference
    __cpp_initialize__aeabi_                  - Undefined Weak Reference
    __cxa_finalize                            - Undefined Weak Reference
    __rt_locale                               - Undefined Weak Reference
    __sigvec_lookup                           - Undefined Weak Reference
    _atexit_init                              - Undefined Weak Reference
    _call_atexit_fns                          - Undefined Weak Reference
    _clock_init                               - Undefined Weak Reference
    _fp_trap_init                             - Undefined Weak Reference
    _fp_trap_shutdown                         - Undefined Weak Reference
    _get_lc_collate                           - Undefined Weak Reference
    _get_lc_ctype                             - Undefined Weak Reference
    _get_lc_monetary                          - Undefined Weak Reference
    _get_lc_numeric                           - Undefined Weak Reference
    _get_lc_time                              - Undefined Weak Reference
    _getenv_init                              - Undefined Weak Reference
    _handle_redirection                       - Undefined Weak Reference
    _init_alloc                               - Undefined Weak Reference
    _init_user_alloc                          - Undefined Weak Reference
    _initio                                   - Undefined Weak Reference
    _rand_init                                - Undefined Weak Reference
    _signal_finish                            - Undefined Weak Reference
    _signal_init                              - Undefined Weak Reference
    _terminate_alloc                          - Undefined Weak Reference
    _terminate_user_alloc                     - Undefined Weak Reference
    _terminateio                              - Undefined Weak Reference
    __Vectors_Size                           0x000000ec   Number         0  startup_stm32f10x_md.o ABSOLUTE
    __Vectors                                0x08000000   Data           4  startup_stm32f10x_md.o(RESET)
    __Vectors_End                            0x080000ec   Data           0  startup_stm32f10x_md.o(RESET)
    __main                                   0x080000ed   Thumb Code     8  __main.o(!!!main)
    __scatterload                            0x080000f5   Thumb Code     0  __scatter.o(!!!scatter)
    __scatterload_rt2                        0x080000f5   Thumb Code    44  __scatter.o(!!!scatter)
    __scatterload_rt2_thumb_only             0x080000f5   Thumb Code     0  __scatter.o(!!!scatter)
    __scatterload_null                       0x08000103   Thumb Code     0  __scatter.o(!!!scatter)
    __decompress                             0x08000129   Thumb Code    90  __dczerorl2.o(!!dczerorl2)
    __decompress1                            0x08000129   Thumb Code     0  __dczerorl2.o(!!dczerorl2)
    __scatterload_zeroinit                   0x08000185   Thumb Code    28  __scatter_zi.o(!!handler_zi)
    __rt_lib_init                            0x080001a1   Thumb Code     0  libinit.o(.ARM.Collect$$libinit$$00000000)
    __rt_lib_init_alloca_1                   0x080001a3   Thumb Code     0  libinit2.o(.ARM.Collect$$libinit$$0000002C)
    __rt_lib_init_argv_1                     0x080001a3   Thumb Code     0  libinit2.o(.ARM.Collect$$libinit$$0000002A)
    __rt_lib_init_atexit_1                   0x080001a3   Thumb Code     0  libinit2.o(.ARM.Collect$$libinit$$00000019)
    __rt_lib_init_clock_1                    0x080001a3   Thumb Code     0  libinit2.o(.ARM.Collect$$libinit$$0000001F)
    __rt_lib_init_cpp_1                      0x080001a3   Thumb Code     0  libinit2.o(.ARM.Collect$$libinit$$00000030)
    __rt_lib_init_exceptions_1               0x080001a3   Thumb Code     0  libinit2.o(.ARM.Collect$$libinit$$0000002E)
    __rt_lib_init_fp_1                       0x080001a3   Thumb Code     0  libinit2.o(.ARM.Collect$$libinit$$00000002)
    __rt_lib_init_fp_trap_1                  0x080001a3   Thumb Code     0  libinit2.o(.ARM.Collect$$libinit$$0000001D)
    __rt_lib_init_getenv_1                   0x080001a3   Thumb Code     0  libinit2.o(.ARM.Collect$$libinit$$00000021)
    __rt_lib_init_heap_1                     0x080001a3   Thumb Code     0  libinit2.o(.ARM.Collect$$libinit$$00000008)
    __rt_lib_init_lc_collate_1               0x080001a3   Thumb Code     0  libinit2.o(.ARM.Collect$$libinit$$0000000F)
    __rt_lib_init_lc_ctype_1                 0x080001a3   Thumb Code     0  libinit2.o(.ARM.Collect$$libinit$$00000011)
    __rt_lib_init_lc_monetary_1              0x080001a3   Thumb Code     0  libinit2.o(.ARM.Collect$$libinit$$00000013)
    __rt_lib_init_lc_numeric_1               0x080001a3   Thumb Code     0  libinit2.o(.ARM.Collect$$libinit$$00000015)
    __rt_lib_init_lc_time_1                  0x080001a3   Thumb Code     0  libinit2.o(.ARM.Collect$$libinit$$00000017)
    __rt_lib_init_rand_1                     0x080001a3   Thumb Code     0  libinit2.o(.ARM.Collect$$libinit$$0000000C)
    __rt_lib_init_return                     0x080001a3   Thumb Code     0  libinit2.o(.ARM.Collect$$libinit$$00000031)
    __rt_lib_init_signal_1                   0x080001a3   Thumb Code     0  libinit2.o(.ARM.Collect$$libinit$$0000001B)
    __rt_lib_init_stdio_1                    0x080001a3   Thumb Code     0  libinit2.o(.ARM.Collect$$libinit$$00000023)
    __rt_lib_init_user_alloc_1               0x080001a3   Thumb Code     0  libinit2.o(.ARM.Collect$$libinit$$0000000A)
    __rt_lib_shutdown                        0x080001a5   Thumb Code     0  libshutdown.o(.ARM.Collect$$libshutdown$$00000000)
    __rt_lib_shutdown_fp_trap_1              0x080001a7   Thumb Code     0  libshutdown2.o(.ARM.Collect$$libshutdown$$00000006)
    __rt_lib_shutdown_heap_1                 0x080001a7   Thumb Code     0  libshutdown2.o(.ARM.Collect$$libshutdown$$0000000E)
    __rt_lib_shutdown_return                 0x080001a7   Thumb Code     0  libshutdown2.o(.ARM.Collect$$libshutdown$$0000000F)
    __rt_lib_shutdown_signal_1               0x080001a7   Thumb Code     0  libshutdown2.o(.ARM.Collect$$libshutdown$$00000009)
    __rt_lib_shutdown_stdio_1                0x080001a7   Thumb Code     0  libshutdown2.o(.ARM.Collect$$libshutdown$$00000003)
    __rt_lib_shutdown_user_alloc_1           0x080001a7   Thumb Code     0  libshutdown2.o(.ARM.Collect$$libshutdown$$0000000B)
    __rt_entry                               0x080001a9   Thumb Code     0  rtentry.o(.ARM.Collect$$rtentry$$00000000)
    __rt_entry_presh_1                       0x080001a9   Thumb Code     0  rtentry2.o(.ARM.Collect$$rtentry$$00000002)
    __rt_entry_sh                            0x080001a9   Thumb Code     0  rtentry4.o(.ARM.Collect$$rtentry$$00000004)
    __rt_entry_li                            0x080001af   Thumb Code     0  rtentry2.o(.ARM.Collect$$rtentry$$0000000A)
    __rt_entry_postsh_1                      0x080001af   Thumb Code     0  rtentry2.o(.ARM.Collect$$rtentry$$00000009)
    __rt_entry_main                          0x080001b3   Thumb Code     0  rtentry2.o(.ARM.Collect$$rtentry$$0000000D)
    __rt_entry_postli_1                      0x080001b3   Thumb Code     0  rtentry2.o(.ARM.Collect$$rtentry$$0000000C)
    __rt_exit                                0x080001bb   Thumb Code     0  rtexit.o(.ARM.Collect$$rtexit$$00000000)
    __rt_exit_ls                             0x080001bd   Thumb Code     0  rtexit2.o(.ARM.Collect$$rtexit$$00000003)
    __rt_exit_prels_1                        0x080001bd   Thumb Code     0  rtexit2.o(.ARM.Collect$$rtexit$$00000002)
    __rt_exit_exit                           0x080001c1   Thumb Code     0  rtexit2.o(.ARM.Collect$$rtexit$$00000004)
    SystemInit                               0x080002a5   Thumb Code    78  system_stm32f10x.o(.text)
    SystemCoreClockUpdate                    0x080002f3   Thumb Code   142  system_stm32f10x.o(.text)
    NVIC_PriorityGroupConfig                 0x080003a5   Thumb Code    10  misc.o(.text)
    NVIC_Init                                0x080003af   Thumb Code   102  misc.o(.text)
    NVIC_SetVectorTable                      0x08000415   Thumb Code    14  misc.o(.text)
    NVIC_SystemLPConfig                      0x08000423   Thumb Code    34  misc.o(.text)
    SysTick_CLKSourceConfig                  0x08000445   Thumb Code    40  misc.o(.text)
    GPIO_DeInit                              0x08000481   Thumb Code   172  stm32f10x_gpio.o(.text)
    GPIO_AFIODeInit                          0x0800052d   Thumb Code    20  stm32f10x_gpio.o(.text)
    GPIO_Init                                0x08000541   Thumb Code   274  stm32f10x_gpio.o(.text)
    GPIO_StructInit                          0x08000653   Thumb Code    16  stm32f10x_gpio.o(.text)
    GPIO_ReadInputDataBit                    0x08000663   Thumb Code    18  stm32f10x_gpio.o(.text)
    GPIO_ReadInputData                       0x08000675   Thumb Code     8  stm32f10x_gpio.o(.text)
    GPIO_ReadOutputDataBit                   0x0800067d   Thumb Code    18  stm32f10x_gpio.o(.text)
    GPIO_ReadOutputData                      0x0800068f   Thumb Code     8  stm32f10x_gpio.o(.text)
    GPIO_SetBits                             0x08000697   Thumb Code     4  stm32f10x_gpio.o(.text)
    GPIO_ResetBits                           0x0800069b   Thumb Code     4  stm32f10x_gpio.o(.text)
    GPIO_WriteBit                            0x0800069f   Thumb Code    10  stm32f10x_gpio.o(.text)
    GPIO_Write                               0x080006a9   Thumb Code     4  stm32f10x_gpio.o(.text)
    GPIO_PinLockConfig                       0x080006ad   Thumb Code    18  stm32f10x_gpio.o(.text)
    GPIO_EventOutputConfig                   0x080006bf   Thumb Code    26  stm32f10x_gpio.o(.text)
    GPIO_EventOutputCmd                      0x080006d9   Thumb Code     6  stm32f10x_gpio.o(.text)
    GPIO_PinRemapConfig                      0x080006df   Thumb Code   138  stm32f10x_gpio.o(.text)
    GPIO_EXTILineConfig                      0x08000769   Thumb Code    66  stm32f10x_gpio.o(.text)
    GPIO_ETH_MediaInterfaceConfig            0x080007ab   Thumb Code     6  stm32f10x_gpio.o(.text)
    TIM_DeInit                               0x080007d9   Thumb Code   424  stm32f10x_tim.o(.text)
    TIM_TimeBaseInit                         0x08000981   Thumb Code   122  stm32f10x_tim.o(.text)
    TIM_OC1Init                              0x080009fb   Thumb Code   132  stm32f10x_tim.o(.text)
    TIM_OC2Init                              0x08000a7f   Thumb Code   154  stm32f10x_tim.o(.text)
    TIM_OC3Init                              0x08000b19   Thumb Code   150  stm32f10x_tim.o(.text)
    TIM_OC4Init                              0x08000baf   Thumb Code   182  stm32f10x_tim.o(.text)
    TIM_SetIC4Prescaler                      0x08000c65   Thumb Code    26  stm32f10x_tim.o(.text)
    TIM_SetIC3Prescaler                      0x08000d01   Thumb Code    18  stm32f10x_tim.o(.text)
    TIM_SetIC2Prescaler                      0x08000d8d   Thumb Code    26  stm32f10x_tim.o(.text)
    TIM_SetIC1Prescaler                      0x08000e29   Thumb Code    18  stm32f10x_tim.o(.text)
    TIM_ICInit                               0x08000ea7   Thumb Code   150  stm32f10x_tim.o(.text)
    TIM_PWMIConfig                           0x08000f3d   Thumb Code   124  stm32f10x_tim.o(.text)
    TIM_BDTRConfig                           0x08000fb9   Thumb Code    32  stm32f10x_tim.o(.text)
    TIM_TimeBaseStructInit                   0x08000fd9   Thumb Code    18  stm32f10x_tim.o(.text)
    TIM_OCStructInit                         0x08000feb   Thumb Code    20  stm32f10x_tim.o(.text)
    TIM_ICStructInit                         0x08000fff   Thumb Code    18  stm32f10x_tim.o(.text)
    TIM_BDTRStructInit                       0x08001011   Thumb Code    40  stm32f10x_tim.o(.text)
    TIM_Cmd                                  0x08001039   Thumb Code    24  stm32f10x_tim.o(.text)
    TIM_CtrlPWMOutputs                       0x08001051   Thumb Code    30  stm32f10x_tim.o(.text)
    TIM_ITConfig                             0x0800106f   Thumb Code    18  stm32f10x_tim.o(.text)
    TIM_GenerateEvent                        0x08001081   Thumb Code     4  stm32f10x_tim.o(.text)
    TIM_DMAConfig                            0x08001085   Thumb Code    10  stm32f10x_tim.o(.text)
    TIM_DMACmd                               0x0800108f   Thumb Code    18  stm32f10x_tim.o(.text)
    TIM_InternalClockConfig                  0x080010a1   Thumb Code    12  stm32f10x_tim.o(.text)
    TIM_SelectInputTrigger                   0x080010ad   Thumb Code    18  stm32f10x_tim.o(.text)
    TIM_ITRxExternalClockConfig              0x080010bf   Thumb Code    24  stm32f10x_tim.o(.text)
    TIM_TIxExternalClockConfig               0x080010d7   Thumb Code    62  stm32f10x_tim.o(.text)
    TIM_ETRConfig                            0x08001115   Thumb Code    28  stm32f10x_tim.o(.text)
    TIM_ETRClockMode1Config                  0x08001131   Thumb Code    54  stm32f10x_tim.o(.text)
    TIM_ETRClockMode2Config                  0x08001167   Thumb Code    32  stm32f10x_tim.o(.text)
    TIM_PrescalerConfig                      0x08001187   Thumb Code     6  stm32f10x_tim.o(.text)
    TIM_CounterModeConfig                    0x0800118d   Thumb Code    18  stm32f10x_tim.o(.text)
    TIM_EncoderInterfaceConfig               0x0800119f   Thumb Code    66  stm32f10x_tim.o(.text)
    TIM_ForcedOC1Config                      0x080011e1   Thumb Code    18  stm32f10x_tim.o(.text)
    TIM_ForcedOC2Config                      0x080011f3   Thumb Code    26  stm32f10x_tim.o(.text)
    TIM_ForcedOC3Config                      0x0800120d   Thumb Code    18  stm32f10x_tim.o(.text)
    TIM_ForcedOC4Config                      0x0800121f   Thumb Code    26  stm32f10x_tim.o(.text)
    TIM_ARRPreloadConfig                     0x08001239   Thumb Code    24  stm32f10x_tim.o(.text)
    TIM_SelectCOM                            0x08001251   Thumb Code    24  stm32f10x_tim.o(.text)
    TIM_SelectCCDMA                          0x08001269   Thumb Code    24  stm32f10x_tim.o(.text)
    TIM_CCPreloadControl                     0x08001281   Thumb Code    24  stm32f10x_tim.o(.text)
    TIM_OC1PreloadConfig                     0x08001299   Thumb Code    18  stm32f10x_tim.o(.text)
    TIM_OC2PreloadConfig                     0x080012ab   Thumb Code    26  stm32f10x_tim.o(.text)
    TIM_OC3PreloadConfig                     0x080012c5   Thumb Code    18  stm32f10x_tim.o(.text)
    TIM_OC4PreloadConfig                     0x080012d7   Thumb Code    26  stm32f10x_tim.o(.text)
    TIM_OC1FastConfig                        0x080012f1   Thumb Code    18  stm32f10x_tim.o(.text)
    TIM_OC2FastConfig                        0x08001303   Thumb Code    26  stm32f10x_tim.o(.text)
    TIM_OC3FastConfig                        0x0800131d   Thumb Code    18  stm32f10x_tim.o(.text)
    TIM_OC4FastConfig                        0x0800132f   Thumb Code    26  stm32f10x_tim.o(.text)
    TIM_ClearOC1Ref                          0x08001349   Thumb Code    18  stm32f10x_tim.o(.text)
    TIM_ClearOC2Ref                          0x0800135b   Thumb Code    24  stm32f10x_tim.o(.text)
    TIM_ClearOC3Ref                          0x08001373   Thumb Code    18  stm32f10x_tim.o(.text)
    TIM_ClearOC4Ref                          0x08001385   Thumb Code    24  stm32f10x_tim.o(.text)
    TIM_OC1PolarityConfig                    0x0800139d   Thumb Code    18  stm32f10x_tim.o(.text)
    TIM_OC1NPolarityConfig                   0x080013af   Thumb Code    18  stm32f10x_tim.o(.text)
    TIM_OC2PolarityConfig                    0x080013c1   Thumb Code    26  stm32f10x_tim.o(.text)
    TIM_OC2NPolarityConfig                   0x080013db   Thumb Code    26  stm32f10x_tim.o(.text)
    TIM_OC3PolarityConfig                    0x080013f5   Thumb Code    26  stm32f10x_tim.o(.text)
    TIM_OC3NPolarityConfig                   0x0800140f   Thumb Code    26  stm32f10x_tim.o(.text)
    TIM_OC4PolarityConfig                    0x08001429   Thumb Code    26  stm32f10x_tim.o(.text)
    TIM_CCxCmd                               0x08001443   Thumb Code    30  stm32f10x_tim.o(.text)
    TIM_CCxNCmd                              0x08001461   Thumb Code    30  stm32f10x_tim.o(.text)
    TIM_SelectOCxM                           0x0800147f   Thumb Code    82  stm32f10x_tim.o(.text)
    TIM_UpdateDisableConfig                  0x080014d1   Thumb Code    24  stm32f10x_tim.o(.text)
    TIM_UpdateRequestConfig                  0x080014e9   Thumb Code    24  stm32f10x_tim.o(.text)
    TIM_SelectHallSensor                     0x08001501   Thumb Code    24  stm32f10x_tim.o(.text)
    TIM_SelectOnePulseMode                   0x08001519   Thumb Code    18  stm32f10x_tim.o(.text)
    TIM_SelectOutputTrigger                  0x0800152b   Thumb Code    18  stm32f10x_tim.o(.text)
    TIM_SelectSlaveMode                      0x0800153d   Thumb Code    18  stm32f10x_tim.o(.text)
    TIM_SelectMasterSlaveMode                0x0800154f   Thumb Code    18  stm32f10x_tim.o(.text)
    TIM_SetCounter                           0x08001561   Thumb Code     4  stm32f10x_tim.o(.text)
    TIM_SetAutoreload                        0x08001565   Thumb Code     4  stm32f10x_tim.o(.text)
    TIM_SetCompare1                          0x08001569   Thumb Code     4  stm32f10x_tim.o(.text)
    TIM_SetCompare2                          0x0800156d   Thumb Code     4  stm32f10x_tim.o(.text)
    TIM_SetCompare3                          0x08001571   Thumb Code     4  stm32f10x_tim.o(.text)
    TIM_SetCompare4                          0x08001575   Thumb Code     6  stm32f10x_tim.o(.text)
    TIM_SetClockDivision                     0x0800157b   Thumb Code    18  stm32f10x_tim.o(.text)
    TIM_GetCapture1                          0x0800158d   Thumb Code     6  stm32f10x_tim.o(.text)
    TIM_GetCapture2                          0x08001593   Thumb Code     6  stm32f10x_tim.o(.text)
    TIM_GetCapture3                          0x08001599   Thumb Code     6  stm32f10x_tim.o(.text)
    TIM_GetCapture4                          0x0800159f   Thumb Code     8  stm32f10x_tim.o(.text)
    TIM_GetCounter                           0x080015a7   Thumb Code     6  stm32f10x_tim.o(.text)
    TIM_GetPrescaler                         0x080015ad   Thumb Code     6  stm32f10x_tim.o(.text)
    TIM_GetFlagStatus                        0x080015b3   Thumb Code    18  stm32f10x_tim.o(.text)
    TIM_ClearFlag                            0x080015c5   Thumb Code     6  stm32f10x_tim.o(.text)
    TIM_GetITStatus                          0x080015cb   Thumb Code    34  stm32f10x_tim.o(.text)
    TIM_ClearITPendingBit                    0x080015ed   Thumb Code     6  stm32f10x_tim.o(.text)
    USART_DeInit                             0x080015f5   Thumb Code   134  stm32f10x_usart.o(.text)
    USART_Init                               0x0800167b   Thumb Code   210  stm32f10x_usart.o(.text)
    USART_StructInit                         0x0800174d   Thumb Code    24  stm32f10x_usart.o(.text)
    USART_ClockInit                          0x08001765   Thumb Code    34  stm32f10x_usart.o(.text)
    USART_ClockStructInit                    0x08001787   Thumb Code    12  stm32f10x_usart.o(.text)
    USART_Cmd                                0x08001793   Thumb Code    24  stm32f10x_usart.o(.text)
    USART_ITConfig                           0x080017ab   Thumb Code    74  stm32f10x_usart.o(.text)
    USART_DMACmd                             0x080017f5   Thumb Code    18  stm32f10x_usart.o(.text)
    USART_SetAddress                         0x08001807   Thumb Code    18  stm32f10x_usart.o(.text)
    USART_WakeUpConfig                       0x08001819   Thumb Code    18  stm32f10x_usart.o(.text)
    USART_ReceiverWakeUpCmd                  0x0800182b   Thumb Code    24  stm32f10x_usart.o(.text)
    USART_LINBreakDetectLengthConfig         0x08001843   Thumb Code    18  stm32f10x_usart.o(.text)
    USART_LINCmd                             0x08001855   Thumb Code    24  stm32f10x_usart.o(.text)
    USART_SendData                           0x0800186d   Thumb Code     8  stm32f10x_usart.o(.text)
    USART_ReceiveData                        0x08001875   Thumb Code    10  stm32f10x_usart.o(.text)
    USART_SendBreak                          0x0800187f   Thumb Code    10  stm32f10x_usart.o(.text)
    USART_SetGuardTime                       0x08001889   Thumb Code    16  stm32f10x_usart.o(.text)
    USART_SetPrescaler                       0x08001899   Thumb Code    16  stm32f10x_usart.o(.text)
    USART_SmartCardCmd                       0x080018a9   Thumb Code    24  stm32f10x_usart.o(.text)
    USART_SmartCardNACKCmd                   0x080018c1   Thumb Code    24  stm32f10x_usart.o(.text)
    USART_HalfDuplexCmd                      0x080018d9   Thumb Code    24  stm32f10x_usart.o(.text)
    USART_OverSampling8Cmd                   0x080018f1   Thumb Code    22  stm32f10x_usart.o(.text)
    USART_OneBitMethodCmd                    0x08001907   Thumb Code    24  stm32f10x_usart.o(.text)
    USART_IrDAConfig                         0x0800191f   Thumb Code    18  stm32f10x_usart.o(.text)
    USART_IrDACmd                            0x08001931   Thumb Code    24  stm32f10x_usart.o(.text)
    USART_GetFlagStatus                      0x08001949   Thumb Code    26  stm32f10x_usart.o(.text)
    USART_ClearFlag                          0x08001963   Thumb Code    18  stm32f10x_usart.o(.text)
    USART_GetITStatus                        0x08001975   Thumb Code    84  stm32f10x_usart.o(.text)
    USART_ClearITPendingBit                  0x080019c9   Thumb Code    52  stm32f10x_usart.o(.text)
    RCC_DeInit                               0x080019fd   Thumb Code    64  stm32f10x_rcc.o(.text)
    RCC_HSEConfig                            0x08001a3d   Thumb Code    70  stm32f10x_rcc.o(.text)
    RCC_GetFlagStatus                        0x08001a83   Thumb Code    56  stm32f10x_rcc.o(.text)
    RCC_WaitForHSEStartUp                    0x08001abb   Thumb Code    56  stm32f10x_rcc.o(.text)
    RCC_AdjustHSICalibrationValue            0x08001af3   Thumb Code    20  stm32f10x_rcc.o(.text)
    RCC_HSICmd                               0x08001b07   Thumb Code     6  stm32f10x_rcc.o(.text)
    RCC_PLLConfig                            0x08001b0d   Thumb Code    24  stm32f10x_rcc.o(.text)
    RCC_PLLCmd                               0x08001b25   Thumb Code     6  stm32f10x_rcc.o(.text)
    RCC_SYSCLKConfig                         0x08001b2b   Thumb Code    18  stm32f10x_rcc.o(.text)
    RCC_GetSYSCLKSource                      0x08001b3d   Thumb Code    10  stm32f10x_rcc.o(.text)
    RCC_HCLKConfig                           0x08001b47   Thumb Code    18  stm32f10x_rcc.o(.text)
    RCC_PCLK1Config                          0x08001b59   Thumb Code    18  stm32f10x_rcc.o(.text)
    RCC_PCLK2Config                          0x08001b6b   Thumb Code    20  stm32f10x_rcc.o(.text)
    RCC_ITConfig                             0x08001b7f   Thumb Code    26  stm32f10x_rcc.o(.text)
    RCC_USBCLKConfig                         0x08001b99   Thumb Code     6  stm32f10x_rcc.o(.text)
    RCC_ADCCLKConfig                         0x08001b9f   Thumb Code    18  stm32f10x_rcc.o(.text)
    RCC_LSEConfig                            0x08001bb1   Thumb Code    44  stm32f10x_rcc.o(.text)
    RCC_LSICmd                               0x08001bdd   Thumb Code     6  stm32f10x_rcc.o(.text)
    RCC_RTCCLKConfig                         0x08001be3   Thumb Code    12  stm32f10x_rcc.o(.text)
    RCC_RTCCLKCmd                            0x08001bef   Thumb Code     8  stm32f10x_rcc.o(.text)
    RCC_GetClocksFreq                        0x08001bf7   Thumb Code   192  stm32f10x_rcc.o(.text)
    RCC_AHBPeriphClockCmd                    0x08001cb7   Thumb Code    26  stm32f10x_rcc.o(.text)
    RCC_APB2PeriphClockCmd                   0x08001cd1   Thumb Code    26  stm32f10x_rcc.o(.text)
    RCC_APB1PeriphClockCmd                   0x08001ceb   Thumb Code    26  stm32f10x_rcc.o(.text)
    RCC_APB2PeriphResetCmd                   0x08001d05   Thumb Code    26  stm32f10x_rcc.o(.text)
    RCC_APB1PeriphResetCmd                   0x08001d1f   Thumb Code    26  stm32f10x_rcc.o(.text)
    RCC_BackupResetCmd                       0x08001d39   Thumb Code     8  stm32f10x_rcc.o(.text)
    RCC_ClockSecuritySystemCmd               0x08001d41   Thumb Code     6  stm32f10x_rcc.o(.text)
    RCC_MCOConfig                            0x08001d47   Thumb Code     6  stm32f10x_rcc.o(.text)
    RCC_ClearFlag                            0x08001d4d   Thumb Code    14  stm32f10x_rcc.o(.text)
    RCC_GetITStatus                          0x08001d5b   Thumb Code    20  stm32f10x_rcc.o(.text)
    RCC_ClearITPendingBit                    0x08001d6f   Thumb Code     6  stm32f10x_rcc.o(.text)
    SPI_I2S_DeInit                           0x08001da1   Thumb Code    76  stm32f10x_spi.o(.text)
    SPI_Init                                 0x08001ded   Thumb Code    60  stm32f10x_spi.o(.text)
    I2S_Init                                 0x08001e29   Thumb Code   226  stm32f10x_spi.o(.text)
    SPI_StructInit                           0x08001f0b   Thumb Code    24  stm32f10x_spi.o(.text)
    I2S_StructInit                           0x08001f23   Thumb Code    20  stm32f10x_spi.o(.text)
    SPI_Cmd                                  0x08001f37   Thumb Code    24  stm32f10x_spi.o(.text)
    I2S_Cmd                                  0x08001f4f   Thumb Code    24  stm32f10x_spi.o(.text)
    SPI_I2S_ITConfig                         0x08001f67   Thumb Code    32  stm32f10x_spi.o(.text)
    SPI_I2S_DMACmd                           0x08001f87   Thumb Code    18  stm32f10x_spi.o(.text)
    SPI_I2S_SendData                         0x08001f99   Thumb Code     4  stm32f10x_spi.o(.text)
    SPI_I2S_ReceiveData                      0x08001f9d   Thumb Code     6  stm32f10x_spi.o(.text)
    SPI_NSSInternalSoftwareConfig            0x08001fa3   Thumb Code    30  stm32f10x_spi.o(.text)
    SPI_SSOutputCmd                          0x08001fc1   Thumb Code    24  stm32f10x_spi.o(.text)
    SPI_DataSizeConfig                       0x08001fd9   Thumb Code    18  stm32f10x_spi.o(.text)
    SPI_TransmitCRC                          0x08001feb   Thumb Code    10  stm32f10x_spi.o(.text)
    SPI_CalculateCRC                         0x08001ff5   Thumb Code    24  stm32f10x_spi.o(.text)
    SPI_GetCRC                               0x0800200d   Thumb Code    16  stm32f10x_spi.o(.text)
    SPI_GetCRCPolynomial                     0x0800201d   Thumb Code     6  stm32f10x_spi.o(.text)
    SPI_BiDirectionalLineConfig              0x08002023   Thumb Code    28  stm32f10x_spi.o(.text)
    SPI_I2S_GetFlagStatus                    0x0800203f   Thumb Code    18  stm32f10x_spi.o(.text)
    SPI_I2S_ClearFlag                        0x08002051   Thumb Code     6  stm32f10x_spi.o(.text)
    SPI_I2S_GetITStatus                      0x08002057   Thumb Code    52  stm32f10x_spi.o(.text)
    SPI_I2S_ClearITPendingBit                0x0800208b   Thumb Code    20  stm32f10x_spi.o(.text)
    Reset_Handler                            0x080020ad   Thumb Code     8  startup_stm32f10x_md.o(.text)
    ADC1_2_IRQHandler                        0x080020c7   Thumb Code     0  startup_stm32f10x_md.o(.text)
    CAN1_RX1_IRQHandler                      0x080020c7   Thumb Code     0  startup_stm32f10x_md.o(.text)
    CAN1_SCE_IRQHandler                      0x080020c7   Thumb Code     0  startup_stm32f10x_md.o(.text)
    DMA1_Channel1_IRQHandler                 0x080020c7   Thumb Code     0  startup_stm32f10x_md.o(.text)
    DMA1_Channel2_IRQHandler                 0x080020c7   Thumb Code     0  startup_stm32f10x_md.o(.text)
    DMA1_Channel3_IRQHandler                 0x080020c7   Thumb Code     0  startup_stm32f10x_md.o(.text)
    DMA1_Channel4_IRQHandler                 0x080020c7   Thumb Code     0  startup_stm32f10x_md.o(.text)
    DMA1_Channel5_IRQHandler                 0x080020c7   Thumb Code     0  startup_stm32f10x_md.o(.text)
    DMA1_Channel6_IRQHandler                 0x080020c7   Thumb Code     0  startup_stm32f10x_md.o(.text)
    DMA1_Channel7_IRQHandler                 0x080020c7   Thumb Code     0  startup_stm32f10x_md.o(.text)
    EXTI0_IRQHandler                         0x080020c7   Thumb Code     0  startup_stm32f10x_md.o(.text)
    EXTI15_10_IRQHandler                     0x080020c7   Thumb Code     0  startup_stm32f10x_md.o(.text)
    EXTI1_IRQHandler                         0x080020c7   Thumb Code     0  startup_stm32f10x_md.o(.text)
    EXTI2_IRQHandler                         0x080020c7   Thumb Code     0  startup_stm32f10x_md.o(.text)
    EXTI3_IRQHandler                         0x080020c7   Thumb Code     0  startup_stm32f10x_md.o(.text)
    EXTI4_IRQHandler                         0x080020c7   Thumb Code     0  startup_stm32f10x_md.o(.text)
    EXTI9_5_IRQHandler                       0x080020c7   Thumb Code     0  startup_stm32f10x_md.o(.text)
    FLASH_IRQHandler                         0x080020c7   Thumb Code     0  startup_stm32f10x_md.o(.text)
    I2C1_ER_IRQHandler                       0x080020c7   Thumb Code     0  startup_stm32f10x_md.o(.text)
    I2C1_EV_IRQHandler                       0x080020c7   Thumb Code     0  startup_stm32f10x_md.o(.text)
    I2C2_ER_IRQHandler                       0x080020c7   Thumb Code     0  startup_stm32f10x_md.o(.text)
    I2C2_EV_IRQHandler                       0x080020c7   Thumb Code     0  startup_stm32f10x_md.o(.text)
    PVD_IRQHandler                           0x080020c7   Thumb Code     0  startup_stm32f10x_md.o(.text)
    RCC_IRQHandler                           0x080020c7   Thumb Code     0  startup_stm32f10x_md.o(.text)
    RTCAlarm_IRQHandler                      0x080020c7   Thumb Code     0  startup_stm32f10x_md.o(.text)
    RTC_IRQHandler                           0x080020c7   Thumb Code     0  startup_stm32f10x_md.o(.text)
    SPI1_IRQHandler                          0x080020c7   Thumb Code     0  startup_stm32f10x_md.o(.text)
    SPI2_IRQHandler                          0x080020c7   Thumb Code     0  startup_stm32f10x_md.o(.text)
    TAMPER_IRQHandler                        0x080020c7   Thumb Code     0  startup_stm32f10x_md.o(.text)
    USART2_IRQHandler                        0x080020c7   Thumb Code     0  startup_stm32f10x_md.o(.text)
    USART3_IRQHandler                        0x080020c7   Thumb Code     0  startup_stm32f10x_md.o(.text)
    USBWakeUp_IRQHandler                     0x080020c7   Thumb Code     0  startup_stm32f10x_md.o(.text)
    USB_HP_CAN1_TX_IRQHandler                0x080020c7   Thumb Code     0  startup_stm32f10x_md.o(.text)
    USB_LP_CAN1_RX0_IRQHandler               0x080020c7   Thumb Code     0  startup_stm32f10x_md.o(.text)
    WWDG_IRQHandler                          0x080020c7   Thumb Code     0  startup_stm32f10x_md.o(.text)
    __user_initial_stackheap                 0x080020c9   Thumb Code     0  startup_stm32f10x_md.o(.text)
    Nvic_Init                                0x080020ed   Thumb Code   102  bsp.o(.text)
    Tim3_Init                                0x08002155   Thumb Code    74  tim.o(.text)
    Tim2_Init                                0x0800219f   Thumb Code   146  tim.o(.text)
    Uart1_Init                               0x08002239   Thumb Code   168  usart.o(.text)
    Uart1_IRQ                                0x080022e1   Thumb Code   214  usart.o(.text)
    Uart1_Put_Char                           0x080023b7   Thumb Code    48  usart.o(.text)
    Uart1_Put_Int16                          0x080023e7   Thumb Code    86  usart.o(.text)
    Uart1_Put_Float                          0x0800243d   Thumb Code   144  usart.o(.text)
    Uart1_Put_String                         0x080024cd   Thumb Code    46  usart.o(.text)
    Spi2_Init                                0x08002529   Thumb Code   234  spi.o(.text)
    Spi_RW                                   0x08002613   Thumb Code    50  spi.o(.text)
    NRF_Write_Reg                            0x08002651   Thumb Code    40  nrf24l01.o(.text)
    NRF_Read_Reg                             0x08002679   Thumb Code    38  nrf24l01.o(.text)
    NRF_Write_Buf                            0x0800269f   Thumb Code    58  nrf24l01.o(.text)
    NRF_Read_Buf                             0x080026d9   Thumb Code    60  nrf24l01.o(.text)
    NRF_TxPacket                             0x08002715   Thumb Code    48  nrf24l01.o(.text)
    NRF_TxPacket_AP                          0x08002745   Thumb Code    38  nrf24l01.o(.text)
    Nrf24l01_Check                           0x0800276b   Thumb Code    62  nrf24l01.o(.text)
    Nrf24l01_Init                            0x080027a9   Thumb Code   242  nrf24l01.o(.text)
    SYS_INIT                                 0x080028ad   Thumb Code   102  main.o(.text)
    main                                     0x08002913   Thumb Code    48  main.o(.text)
    USART1_IRQHandler                        0x08002981   Thumb Code     8  stm32f10x_it.o(.text)
    TIM3_IRQHandler                          0x08002989   Thumb Code   190  stm32f10x_it.o(.text)
    NMI_Handler                              0x08002a47   Thumb Code     2  stm32f10x_it.o(.text)
    HardFault_Handler                        0x08002a49   Thumb Code     4  stm32f10x_it.o(.text)
    MemManage_Handler                        0x08002a4d   Thumb Code     4  stm32f10x_it.o(.text)
    BusFault_Handler                         0x08002a51   Thumb Code     4  stm32f10x_it.o(.text)
    UsageFault_Handler                       0x08002a55   Thumb Code     4  stm32f10x_it.o(.text)
    SVC_Handler                              0x08002a59   Thumb Code     2  stm32f10x_it.o(.text)
    DebugMon_Handler                         0x08002a5b   Thumb Code     2  stm32f10x_it.o(.text)
    PendSV_Handler                           0x08002a5d   Thumb Code     2  stm32f10x_it.o(.text)
    SysTick_Handler                          0x08002a5f   Thumb Code     2  stm32f10x_it.o(.text)
    TIM1_BRK_IRQHandler                      0x08002a8d   Thumb Code    22  timcap.o(.text)
    TIM1_UP_IRQHandler                       0x08002aa3   Thumb Code    22  timcap.o(.text)
    TIM1_TRG_COM_IRQHandler                  0x08002ab9   Thumb Code    22  timcap.o(.text)
    TIM1_CO1_Check                           0x08002acf   Thumb Code   170  timcap.o(.text)
    TIM1_CC_IRQHandler                       0x08002b79   Thumb Code    12  timcap.o(.text)
    TIM2_CO4_Check                           0x08002b85   Thumb Code   174  timcap.o(.text)
    TIM2_CO3_Check                           0x08002c33   Thumb Code   174  timcap.o(.text)
    TIM2_CO2_Check                           0x08002ce1   Thumb Code   174  timcap.o(.text)
    TIM2_CO1_Check                           0x08002d8f   Thumb Code   174  timcap.o(.text)
    TIM2_IRQHandler                          0x08002e3d   Thumb Code   212  timcap.o(.text)
    TIM4_IRQHandler                          0x08002f11   Thumb Code    22  timcap.o(.text)
    TIM5_CO4_Check                           0x08002f27   Thumb Code   186  timcap.o(.text)
    TIM5_CO3_Check                           0x08002fe1   Thumb Code   186  timcap.o(.text)
    TIM5_CO2_Check                           0x0800309b   Thumb Code   186  timcap.o(.text)
    TIM5_CO1_Check                           0x08003155   Thumb Code   186  timcap.o(.text)
    TIM5_IRQHandler                          0x0800320f   Thumb Code    54  timcap.o(.text)
    TIM6_IRQHandler                          0x08003245   Thumb Code    22  timcap.o(.text)
    TIM7_IRQHandler                          0x0800325b   Thumb Code    22  timcap.o(.text)
    TIM8_UP_IRQHandler                       0x08003271   Thumb Code    22  timcap.o(.text)
    TIM8_CO4_Check                           0x08003287   Thumb Code   352  timcap.o(.text)
    TIM8_CO3_Check                           0x080033e7   Thumb Code   186  timcap.o(.text)
    TIM8_CO2_Check                           0x080034a1   Thumb Code   186  timcap.o(.text)
    TIM8_CO1_Check                           0x0800355b   Thumb Code   186  timcap.o(.text)
    TIM8_CC_IRQHandler                       0x08003615   Thumb Code    36  timcap.o(.text)
    TIM8_TRG_COM_IRQHandler                  0x08003639   Thumb Code    22  timcap.o(.text)
    TIM8_BRK_IRQHandler                      0x0800364f   Thumb Code    22  timcap.o(.text)
    TIM1_Cap_Init                            0x08003665   Thumb Code   474  timcap.o(.text)
    TIM1_CO2_Check                           0x0800383f   Thumb Code   186  timcap.o(.text)
    TIM1_CO3_Check                           0x080038f9   Thumb Code   186  timcap.o(.text)
    TIM1_CO4_Check                           0x080039b3   Thumb Code   186  timcap.o(.text)
    TIM2_Cap_Init                            0x08003a6d   Thumb Code   338  timcap.o(.text)
    TIM3_Cap_Init                            0x08003bbf   Thumb Code   420  timcap.o(.text)
    TIM3_CO1_Check                           0x08003d63   Thumb Code   186  timcap.o(.text)
    TIM3_CO2_Check                           0x08003e1d   Thumb Code   186  timcap.o(.text)
    TIM3_CO3_Check                           0x08003ed7   Thumb Code   186  timcap.o(.text)
    TIM3_CO4_Check                           0x08003f91   Thumb Code   288  timcap.o(.text)
    TIM4_Cap_Init                            0x080040b1   Thumb Code   338  timcap.o(.text)
    TIM4_CO1_Check                           0x08004203   Thumb Code   186  timcap.o(.text)
    TIM4_CO2_Check                           0x080042bd   Thumb Code   186  timcap.o(.text)
    TIM4_CO3_Check                           0x08004377   Thumb Code   186  timcap.o(.text)
    TIM4_CO4_Check                           0x08004431   Thumb Code   284  timcap.o(.text)
    TIM5_Cap_Init                            0x0800454d   Thumb Code   334  timcap.o(.text)
    TIM8_Cap_Init                            0x0800469b   Thumb Code   358  timcap.o(.text)
    Uart_DataAnl                             0x08004829   Thumb Code    28  uart1.o(.text)
    Uart_CheckEvent                          0x08004845   Thumb Code   104  uart1.o(.text)
    Uart1_Send_Buf                           0x080048ad   Thumb Code    26  uart1.o(.text)
    Uart1_Send_RCdata                        0x080048c7   Thumb Code   214  uart1.o(.text)
    PC_Debug_Show                            0x0800499d   Thumb Code   192  uart1.o(.text)
    NRF_SendData_AP                          0x08004a71   Thumb Code    14  rc.o(.text)
    Nrf_Check_Event                          0x08004a7f   Thumb Code   108  rc.o(.text)
    NRF_Send_RC                              0x08004aeb   Thumb Code   154  rc.o(.text)
    __use_two_region_memory                  0x08004b99   Thumb Code     2  heapauxi.o(.text)
    __rt_heap_escrow$2region                 0x08004b9b   Thumb Code     2  heapauxi.o(.text)
    __rt_heap_expand$2region                 0x08004b9d   Thumb Code     2  heapauxi.o(.text)
    __user_setup_stackheap                   0x08004b9f   Thumb Code    74  sys_stackheap_outer.o(.text)
    exit                                     0x08004be9   Thumb Code    12  exit.o(.text)
    __user_libspace                          0x08004bf5   Thumb Code     8  libspace.o(.text)
    __user_perproc_libspace                  0x08004bf5   Thumb Code     0  libspace.o(.text)
    __user_perthread_libspace                0x08004bf5   Thumb Code     0  libspace.o(.text)
    _sys_exit                                0x08004bfd   Thumb Code     8  sys_exit.o(.text)
    __I$use$semihosting                      0x08004c09   Thumb Code     0  use_no_semi.o(.text)
    __use_no_semihosting_swi                 0x08004c09   Thumb Code     2  use_no_semi.o(.text)
    __semihosting_library_function           0x08004c0b   Thumb Code     0  indicate_semi.o(.text)
    Region$$Table$$Base                      0x08004c0c   Number         0  anon$$obj.o(Region$$Table)
    Region$$Table$$Limit                     0x08004c2c   Number         0  anon$$obj.o(Region$$Table)
    SystemCoreClock                          0x20000000   Data           4  system_stm32f10x.o(.data)
    AHBPrescTable                            0x20000004   Data          16  system_stm32f10x.o(.data)
    SYS_INIT_OK                              0x20000028   Data           1  bsp.o(.data)
    TxCounter                                0x2000002c   Data           1  usart.o(.data)
    count                                    0x2000002d   Data           1  usart.o(.data)
    Rx_Act                                   0x2000002e   Data           1  usart.o(.data)
    Rx_Adr                                   0x2000002f   Data           1  usart.o(.data)
    Rx_Ok0                                   0x20000030   Data           1  usart.o(.data)
    Rx_Ok1                                   0x20000031   Data           1  usart.o(.data)
    floattobyte                              0x20000034   Data           4  usart.o(.data)
    TX_ADDRESS                               0x20000038   Data           5  nrf24l01.o(.data)
    RX_ADDRESS                               0x2000003d   Data           5  nrf24l01.o(.data)
    frequency0                               0x20000142   Data           2  timcap.o(.data)
    percent0                                 0x20000144   Data           2  timcap.o(.data)
    frequency1                               0x20000146   Data           2  timcap.o(.data)
    percent1                                 0x20000148   Data           2  timcap.o(.data)
    frequency2                               0x2000014a   Data           2  timcap.o(.data)
    percent2                                 0x2000014c   Data           2  timcap.o(.data)
    frequency3                               0x2000014e   Data           2  timcap.o(.data)
    percent3                                 0x20000150   Data           2  timcap.o(.data)
    frequency4                               0x20000152   Data           2  timcap.o(.data)
    percent4                                 0x20000154   Data           2  timcap.o(.data)
    NRF_SEND_RC_FLAG                         0x2000015c   Data           1  rc.o(.data)
    TxBuffer                                 0x20000160   Data         255  usart.o(.bss)
    Rx_Buf                                   0x2000025f   Data          64  usart.o(.bss)
    NRF24L01_RXDATA                          0x2000029f   Data          32  nrf24l01.o(.bss)
    NRF24L01_TXDATA                          0x200002bf   Data          32  nrf24l01.o(.bss)
    NRF24L01_TXDATA_RC                       0x200002df   Data          32  nrf24l01.o(.bss)
    Rc_Get                                   0x20000300   Data          18  rc.o(.bss)
    __libspace_start                         0x20000314   Data          96  libspace.o(.bss)
    __temporary_stack_top$libspace           0x20000374   Data           0  libspace.o(.bss)



==============================================================================

Memory Map of the image

  Image Entry point : 0x080000ed

  Load Region LR_IROM1 (Base: 0x08000000, Size: 0x00004d8c, Max: 0x00010000, ABSOLUTE, COMPRESSED[0x00004c54])

    Execution Region ER_IROM1 (Base: 0x08000000, Size: 0x00004c2c, Max: 0x00010000, ABSOLUTE)

    Base Addr    Size         Type   Attr      Idx    E Section Name        Object

    0x08000000   0x000000ec   Data   RO          143    RESET               startup_stm32f10x_md.o
    0x080000ec   0x00000008   Code   RO          408  * !!!main             c_w.l(__main.o)
    0x080000f4   0x00000034   Code   RO          564    !!!scatter          c_w.l(__scatter.o)
    0x08000128   0x0000005a   Code   RO          562    !!dczerorl2         c_w.l(__dczerorl2.o)
    0x08000182   0x00000002   PAD
    0x08000184   0x0000001c   Code   RO          566    !!handler_zi        c_w.l(__scatter_zi.o)
    0x080001a0   0x00000002   Code   RO          435    .ARM.Collect$$libinit$$00000000  c_w.l(libinit.o)
    0x080001a2   0x00000000   Code   RO          442    .ARM.Collect$$libinit$$00000002  c_w.l(libinit2.o)
    0x080001a2   0x00000000   Code   RO          445    .ARM.Collect$$libinit$$00000008  c_w.l(libinit2.o)
    0x080001a2   0x00000000   Code   RO          447    .ARM.Collect$$libinit$$0000000A  c_w.l(libinit2.o)
    0x080001a2   0x00000000   Code   RO          449    .ARM.Collect$$libinit$$0000000C  c_w.l(libinit2.o)
    0x080001a2   0x00000000   Code   RO          452    .ARM.Collect$$libinit$$0000000F  c_w.l(libinit2.o)
    0x080001a2   0x00000000   Code   RO          454    .ARM.Collect$$libinit$$00000011  c_w.l(libinit2.o)
    0x080001a2   0x00000000   Code   RO          456    .ARM.Collect$$libinit$$00000013  c_w.l(libinit2.o)
    0x080001a2   0x00000000   Code   RO          458    .ARM.Collect$$libinit$$00000015  c_w.l(libinit2.o)
    0x080001a2   0x00000000   Code   RO          460    .ARM.Collect$$libinit$$00000017  c_w.l(libinit2.o)
    0x080001a2   0x00000000   Code   RO          462    .ARM.Collect$$libinit$$00000019  c_w.l(libinit2.o)
    0x080001a2   0x00000000   Code   RO          464    .ARM.Collect$$libinit$$0000001B  c_w.l(libinit2.o)
    0x080001a2   0x00000000   Code   RO          466    .ARM.Collect$$libinit$$0000001D  c_w.l(libinit2.o)
    0x080001a2   0x00000000   Code   RO          468    .ARM.Collect$$libinit$$0000001F  c_w.l(libinit2.o)
    0x080001a2   0x00000000   Code   RO          470    .ARM.Collect$$libinit$$00000021  c_w.l(libinit2.o)
    0x080001a2   0x00000000   Code   RO          472    .ARM.Collect$$libinit$$00000023  c_w.l(libinit2.o)
    0x080001a2   0x00000000   Code   RO          476    .ARM.Collect$$libinit$$0000002A  c_w.l(libinit2.o)
    0x080001a2   0x00000000   Code   RO          478    .ARM.Collect$$libinit$$0000002C  c_w.l(libinit2.o)
    0x080001a2   0x00000000   Code   RO          480    .ARM.Collect$$libinit$$0000002E  c_w.l(libinit2.o)
    0x080001a2   0x00000000   Code   RO          482    .ARM.Collect$$libinit$$00000030  c_w.l(libinit2.o)
    0x080001a2   0x00000002   Code   RO          483    .ARM.Collect$$libinit$$00000031  c_w.l(libinit2.o)
    0x080001a4   0x00000002   Code   RO          503    .ARM.Collect$$libshutdown$$00000000  c_w.l(libshutdown.o)
    0x080001a6   0x00000000   Code   RO          517    .ARM.Collect$$libshutdown$$00000003  c_w.l(libshutdown2.o)
    0x080001a6   0x00000000   Code   RO          520    .ARM.Collect$$libshutdown$$00000006  c_w.l(libshutdown2.o)
    0x080001a6   0x00000000   Code   RO          523    .ARM.Collect$$libshutdown$$00000009  c_w.l(libshutdown2.o)
    0x080001a6   0x00000000   Code   RO          525    .ARM.Collect$$libshutdown$$0000000B  c_w.l(libshutdown2.o)
    0x080001a6   0x00000000   Code   RO          528    .ARM.Collect$$libshutdown$$0000000E  c_w.l(libshutdown2.o)
    0x080001a6   0x00000002   Code   RO          529    .ARM.Collect$$libshutdown$$0000000F  c_w.l(libshutdown2.o)
    0x080001a8   0x00000000   Code   RO          410    .ARM.Collect$$rtentry$$00000000  c_w.l(rtentry.o)
    0x080001a8   0x00000000   Code   RO          412    .ARM.Collect$$rtentry$$00000002  c_w.l(rtentry2.o)
    0x080001a8   0x00000006   Code   RO          424    .ARM.Collect$$rtentry$$00000004  c_w.l(rtentry4.o)
    0x080001ae   0x00000000   Code   RO          414    .ARM.Collect$$rtentry$$00000009  c_w.l(rtentry2.o)
    0x080001ae   0x00000004   Code   RO          415    .ARM.Collect$$rtentry$$0000000A  c_w.l(rtentry2.o)
    0x080001b2   0x00000000   Code   RO          417    .ARM.Collect$$rtentry$$0000000C  c_w.l(rtentry2.o)
    0x080001b2   0x00000008   Code   RO          418    .ARM.Collect$$rtentry$$0000000D  c_w.l(rtentry2.o)
    0x080001ba   0x00000002   Code   RO          439    .ARM.Collect$$rtexit$$00000000  c_w.l(rtexit.o)
    0x080001bc   0x00000000   Code   RO          485    .ARM.Collect$$rtexit$$00000002  c_w.l(rtexit2.o)
    0x080001bc   0x00000004   Code   RO          486    .ARM.Collect$$rtexit$$00000003  c_w.l(rtexit2.o)
    0x080001c0   0x00000006   Code   RO          487    .ARM.Collect$$rtexit$$00000004  c_w.l(rtexit2.o)
    0x080001c6   0x00000002   PAD
    0x080001c8   0x000001dc   Code   RO            1    .text               system_stm32f10x.o
    0x080003a4   0x000000dc   Code   RO           63    .text               misc.o
    0x08000480   0x00000358   Code   RO           79    .text               stm32f10x_gpio.o
    0x080007d8   0x00000e1a   Code   RO           91    .text               stm32f10x_tim.o
    0x080015f2   0x00000002   PAD
    0x080015f4   0x00000408   Code   RO          103    .text               stm32f10x_usart.o
    0x080019fc   0x000003a4   Code   RO          115    .text               stm32f10x_rcc.o
    0x08001da0   0x0000030c   Code   RO          129    .text               stm32f10x_spi.o
    0x080020ac   0x00000040   Code   RO          144    .text               startup_stm32f10x_md.o
    0x080020ec   0x00000066   Code   RO          148    .text               bsp.o
    0x08002152   0x00000002   PAD
    0x08002154   0x000000e4   Code   RO          195    .text               tim.o
    0x08002238   0x000002f0   Code   RO          210    .text               usart.o
    0x08002528   0x00000128   Code   RO          226    .text               spi.o
    0x08002650   0x0000025c   Code   RO          241    .text               nrf24l01.o
    0x080028ac   0x000000d4   Code   RO          260    .text               main.o
    0x08002980   0x0000010c   Code   RO          307    .text               stm32f10x_it.o
    0x08002a8c   0x00001d9c   Code   RO          342    .text               timcap.o
    0x08004828   0x00000248   Code   RO          357    .text               uart1.o
    0x08004a70   0x00000128   Code   RO          377    .text               rc.o
    0x08004b98   0x00000006   Code   RO          406    .text               c_w.l(heapauxi.o)
    0x08004b9e   0x0000004a   Code   RO          426    .text               c_w.l(sys_stackheap_outer.o)
    0x08004be8   0x0000000c   Code   RO          428    .text               c_w.l(exit.o)
    0x08004bf4   0x00000008   Code   RO          436    .text               c_w.l(libspace.o)
    0x08004bfc   0x0000000c   Code   RO          495    .text               c_w.l(sys_exit.o)
    0x08004c08   0x00000002   Code   RO          506    .text               c_w.l(use_no_semi.o)
    0x08004c0a   0x00000000   Code   RO          508    .text               c_w.l(indicate_semi.o)
    0x08004c0a   0x00000002   PAD
    0x08004c0c   0x00000020   Data   RO          560    Region$$Table       anon$$obj.o


    Execution Region RW_IRAM1 (Base: 0x20000000, Size: 0x00000978, Max: 0x00005000, ABSOLUTE, COMPRESSED[0x00000028])

    Base Addr    Size         Type   Attr      Idx    E Section Name        Object

    0x20000000   0x00000014   Data   RW            2    .data               system_stm32f10x.o
    0x20000014   0x00000014   Data   RW          116    .data               stm32f10x_rcc.o
    0x20000028   0x00000001   Data   RW          149    .data               bsp.o
    0x20000029   0x00000003   PAD
    0x2000002c   0x0000000c   Data   RW          212    .data               usart.o
    0x20000038   0x0000000a   Data   RW          243    .data               nrf24l01.o
    0x20000042   0x00000004   Data   RW          308    .data               stm32f10x_it.o
    0x20000046   0x00000110   Data   RW          343    .data               timcap.o
    0x20000156   0x00000006   Data   RW          358    .data               uart1.o
    0x2000015c   0x00000004   Data   RW          379    .data               rc.o
    0x20000160   0x0000013f   Zero   RW          211    .bss                usart.o
    0x2000029f   0x00000060   Zero   RW          242    .bss                nrf24l01.o
    0x200002ff   0x00000001   PAD
    0x20000300   0x00000012   Zero   RW          378    .bss                rc.o
    0x20000312   0x00000002   PAD
    0x20000314   0x00000060   Zero   RW          437    .bss                c_w.l(libspace.o)
    0x20000374   0x00000004   PAD
    0x20000378   0x00000200   Zero   RW          142    HEAP                startup_stm32f10x_md.o
    0x20000578   0x00000400   Zero   RW          141    STACK               startup_stm32f10x_md.o


==============================================================================

Image component sizes


      Code (inc. data)   RO Data    RW Data    ZI Data      Debug   Object Name

       102          0          0          1          0     245198   bsp.o
         0          0          0          0          0         32   core_cm3.o
       212         62          0          0          0        576   main.o
       220         20          0          0          0       1617   misc.o
       604         18          0         10         96       3033   nrf24l01.o
       296         20          0          4         18       2100   rc.o
       296         12          0          0          0        779   spi.o
        64         26        236          0       1536        732   startup_stm32f10x_md.o
       856         40          0          0          0       5465   stm32f10x_gpio.o
       268         44          0          4          0       1652   stm32f10x_it.o
       932         44          0         20          0       8576   stm32f10x_rcc.o
       780         14          0          0          0       6346   stm32f10x_spi.o
      3610         88          0          0          0      21952   stm32f10x_tim.o
      1032         22          0          0          0       8188   stm32f10x_usart.o
       476         36          0         20          0     259039   system_stm32f10x.o
       228          8          0          0          0        798   tim.o
      7580        772          0        272          0      18176   timcap.o
       584         20          0          6          0       1882   uart1.o
       752         46          0         12        319       2749   usart.o

    ----------------------------------------------------------------------
     18896       1292        268        352       1972     588890   Object Totals
         0          0         32          0          0          0   (incl. Generated)
         4          0          0          3          3          0   (incl. Padding)

    ----------------------------------------------------------------------

      Code (inc. data)   RO Data    RW Data    ZI Data      Debug   Library Member Name

        90          0          0          0          0          0   __dczerorl2.o
         8          0          0          0          0         68   __main.o
        52          8          0          0          0          0   __scatter.o
        28          0          0          0          0          0   __scatter_zi.o
        12          0          0          0          0         72   exit.o
         6          0          0          0          0        152   heapauxi.o
         0          0          0          0          0          0   indicate_semi.o
         2          0          0          0          0          0   libinit.o
         2          0          0          0          0          0   libinit2.o
         2          0          0          0          0          0   libshutdown.o
         2          0          0          0          0          0   libshutdown2.o
         8          4          0          0         96         68   libspace.o
         0          0          0          0          0          0   rtentry.o
        12          0          0          0          0          0   rtentry2.o
         6          0          0          0          0          0   rtentry4.o
         2          0          0          0          0          0   rtexit.o
        10          0          0          0          0          0   rtexit2.o
        12          4          0          0          0         68   sys_exit.o
        74          0          0          0          0         80   sys_stackheap_outer.o
         2          0          0          0          0         68   use_no_semi.o

    ----------------------------------------------------------------------
       336         16          0          0        100        576   Library Totals
         6          0          0          0          4          0   (incl. Padding)

    ----------------------------------------------------------------------

      Code (inc. data)   RO Data    RW Data    ZI Data      Debug   Library Name

       330         16          0          0         96        576   c_w.l

    ----------------------------------------------------------------------
       336         16          0          0        100        576   Library Totals

    ----------------------------------------------------------------------

==============================================================================


      Code (inc. data)   RO Data    RW Data    ZI Data      Debug   

     19232       1308        268        352       2072     587698   Grand Totals
     19232       1308        268         40       2072     587698   ELF Image Totals (compressed)
     19232       1308        268         40          0          0   ROM Totals

==============================================================================

    Total RO  Size (Code + RO Data)                19500 (  19.04kB)
    Total RW  Size (RW Data + ZI Data)              2424 (   2.37kB)
    Total ROM Size (Code + RO Data + RW Data)      19540 (  19.08kB)

==============================================================================

