ARM Linker, 5.03 [Build 76] [MDK-ARM Standard]

==============================================================================

Section Cross References

    system_stm32f10x.o(.text) refers to system_stm32f10x.o(.data) for SystemCoreClock
    stm32f10x_gpio.o(.text) refers to stm32f10x_rcc.o(.text) for RCC_APB2PeriphResetCmd
    stm32f10x_tim.o(.text) refers to stm32f10x_rcc.o(.text) for RCC_APB2PeriphResetCmd
    stm32f10x_usart.o(.text) refers to stm32f10x_rcc.o(.text) for RCC_APB2PeriphResetCmd
    stm32f10x_rcc.o(.text) refers to stm32f10x_rcc.o(.data) for APBAHBPrescTable
    stm32f10x_spi.o(.text) refers to stm32f10x_rcc.o(.text) for RCC_APB2PeriphResetCmd
    stm32f10x_i2c.o(.text) refers to stm32f10x_rcc.o(.text) for RCC_APB1PeriphResetCmd
    stm32f10x_adc.o(.text) refers to stm32f10x_rcc.o(.text) for RCC_APB2PeriphResetCmd
    startup_stm32f10x_md.o(STACK) refers (Special) to heapauxi.o(.text) for __use_two_region_memory
    startup_stm32f10x_md.o(HEAP) refers (Special) to heapauxi.o(.text) for __use_two_region_memory
    startup_stm32f10x_md.o(RESET) refers (Special) to heapauxi.o(.text) for __use_two_region_memory
    startup_stm32f10x_md.o(RESET) refers to startup_stm32f10x_md.o(STACK) for __initial_sp
    startup_stm32f10x_md.o(RESET) refers to startup_stm32f10x_md.o(.text) for Reset_Handler
    startup_stm32f10x_md.o(RESET) refers to stm32f10x_it.o(.text) for NMI_Handler
    startup_stm32f10x_md.o(.text) refers (Special) to heapauxi.o(.text) for __use_two_region_memory
    startup_stm32f10x_md.o(.text) refers to system_stm32f10x.o(.text) for SystemInit
    startup_stm32f10x_md.o(.text) refers to __main.o(!!!main) for __main
    startup_stm32f10x_md.o(.text) refers to startup_stm32f10x_md.o(HEAP) for Heap_Mem
    startup_stm32f10x_md.o(.text) refers to startup_stm32f10x_md.o(STACK) for Stack_Mem
    bsp.o(.text) refers to stm32f10x_rcc.o(.text) for RCC_APB2PeriphClockCmd
    bsp.o(.text) refers to stm32f10x_gpio.o(.text) for GPIO_Init
    bsp.o(.text) refers to misc.o(.text) for NVIC_PriorityGroupConfig
    bsp.o(.text) refers to eeprom.o(.text) for EE_Init
    bsp.o(.text) refers to fmul.o(x$fpl$fmul) for __aeabi_fmul
    bsp.o(.text) refers to ffixu.o(x$fpl$ffixu) for __aeabi_f2uiz
    bsp.o(.text) refers to fflt_clz.o(x$fpl$ffltu) for __aeabi_ui2f
    bsp.o(.text) refers to fdiv.o(x$fpl$fdiv) for __aeabi_fdiv
    bsp.o(.text) refers to mpu6050.o(.data) for ACC_OFFSET
    bsp.o(.text) refers to bsp.o(.data) for VirtAddVarTab
    bsp.o(.text) refers to control.o(.bss) for PID_ROL
    tim.o(.text) refers to stm32f10x_rcc.o(.text) for RCC_APB1PeriphClockCmd
    tim.o(.text) refers to stm32f10x_tim.o(.text) for TIM_DeInit
    usart.o(.text) refers to stm32f10x_rcc.o(.text) for RCC_APB2PeriphClockCmd
    usart.o(.text) refers to stm32f10x_gpio.o(.text) for GPIO_Init
    usart.o(.text) refers to stm32f10x_usart.o(.text) for USART_Init
    usart.o(.text) refers to usart.o(.data) for TxCounter
    usart.o(.text) refers to usart.o(.bss) for TxBuffer
    spi.o(.text) refers to stm32f10x_rcc.o(.text) for RCC_APB2PeriphClockCmd
    spi.o(.text) refers to stm32f10x_gpio.o(.text) for GPIO_Init
    spi.o(.text) refers to stm32f10x_spi.o(.text) for SPI_Init
    led.o(.text) refers to stm32f10x_rcc.o(.text) for RCC_APB2PeriphClockCmd
    led.o(.text) refers to stm32f10x_gpio.o(.text) for GPIO_PinRemapConfig
    mpu6050.o(.text) refers to bsp.o(.text) for EE_SAVE_GYRO_OFFSET
    mpu6050.o(.text) refers to stm32_i2c.o(.text) for i2cRead
    mpu6050.o(.text) refers to tim.o(.data) for TIM3_IRQCNT
    mpu6050.o(.text) refers to mpu6050.o(.bss) for mpu6050_buffer
    mpu6050.o(.text) refers to mpu6050.o(.data) for ACC_OFFSET
    moto.o(.text) refers to stm32f10x_rcc.o(.text) for RCC_APB1PeriphClockCmd
    moto.o(.text) refers to stm32f10x_tim.o(.text) for TIM_DeInit
    moto.o(.text) refers to stm32f10x_gpio.o(.text) for GPIO_Init
    moto.o(.text) refers to moto.o(.bss) for TIM2_TimeBaseStructure
    nrf24l01.o(.text) refers to stm32f10x_gpio.o(.text) for GPIO_ResetBits
    nrf24l01.o(.text) refers to spi.o(.text) for Spi_RW
    nrf24l01.o(.text) refers to nrf24l01.o(.data) for TX_ADDRESS
    eeprom.o(.text) refers to stm32f10x_flash.o(.text) for FLASH_ErasePage
    eeprom.o(.text) refers to eeprom.o(.data) for CurWrAddress
    eeprom.o(.text) refers to bsp.o(.data) for VirtAddVarTab
    adc.o(.text) refers to stm32f10x_rcc.o(.text) for RCC_AHBPeriphClockCmd
    adc.o(.text) refers to stm32f10x_gpio.o(.text) for GPIO_Init
    adc.o(.text) refers to stm32f10x_dma.o(.text) for DMA_DeInit
    adc.o(.text) refers to stm32f10x_adc.o(.text) for ADC_Init
    adc.o(.text) refers to adc.o(.data) for ADC_ConvertedValue
    main.o(.text) refers to tim.o(.text) for Tim3_Init
    main.o(.text) refers to moto.o(.text) for Moto_Init
    main.o(.text) refers to spi.o(.text) for Spi2_Init
    main.o(.text) refers to bsp.o(.text) for Nvic_Init
    main.o(.text) refers to nrf24l01.o(.text) for Nrf24l01_Init
[...]
    .text                                    0x08005e20   Section        0  sys_exit.o(.text)
    .text                                    0x08005e2c   Section        2  use_no_semi.o(.text)
    .text                                    0x08005e2e   Section        0  indicate_semi.o(.text)
    i.__ARM_fpclassify                       0x08005e2e   Section        0  fpclassify.o(i.__ARM_fpclassify)
    i.__kernel_poly                          0x08005e56   Section        0  poly.o(i.__kernel_poly)
    i.__mathlib_dbl_underflow                0x08005f00   Section        0  dunder.o(i.__mathlib_dbl_underflow)
    i.asin                                   0x08005f10   Section        0  asin.o(i.asin)
    i.atan                                   0x0800618c   Section        0  atan.o(i.atan)
    i.atan2                                  0x080063b0   Section        0  atan2.o(i.atan2)
    i.sqrt                                   0x08006530   Section        0  sqrt.o(i.sqrt)
    x$fpl$d2f                                0x0800657c   Section       98  d2f.o(x$fpl$d2f)
    x$fpl$dadd                               0x080065e0   Section      336  daddsub_clz.o(x$fpl$dadd)
    _dadd1                                   0x080065f1   Thumb Code     0  daddsub_clz.o(x$fpl$dadd)
    x$fpl$dcheck1                            0x08006730   Section       16  dcheck1.o(x$fpl$dcheck1)
    x$fpl$dcmpinf                            0x08006740   Section       24  dcmpi.o(x$fpl$dcmpinf)
    x$fpl$ddiv                               0x08006758   Section      688  ddiv.o(x$fpl$ddiv)
    ddiv_entry                               0x0800675f   Thumb Code     0  ddiv.o(x$fpl$ddiv)
    x$fpl$dflt                               0x08006a08   Section       46  dflt_clz.o(x$fpl$dflt)
    x$fpl$dleqf                              0x08006a38   Section      120  dleqf.o(x$fpl$dleqf)
    x$fpl$dmul                               0x08006ab0   Section      340  dmul.o(x$fpl$dmul)
    x$fpl$dnaninf                            0x08006c04   Section      156  dnaninf.o(x$fpl$dnaninf)
    x$fpl$dretinf                            0x08006ca0   Section       12  dretinf.o(x$fpl$dretinf)
    x$fpl$drsb                               0x08006cac   Section       22  daddsub_clz.o(x$fpl$drsb)
    x$fpl$dsqrt                              0x08006cc4   Section      460  dsqrt_noumaal.o(x$fpl$dsqrt)
    x$fpl$dsub                               0x08006e90   Section      468  daddsub_clz.o(x$fpl$dsub)
    _dsub1                                   0x08006ea1   Thumb Code     0  daddsub_clz.o(x$fpl$dsub)
    x$fpl$f2d                                0x08007064   Section       86  f2d.o(x$fpl$f2d)
    x$fpl$fadd                               0x080070bc   Section      196  faddsub_clz.o(x$fpl$fadd)
    _fadd1                                   0x080070cb   Thumb Code     0  faddsub_clz.o(x$fpl$fadd)
    x$fpl$fcmpinf                            0x08007180   Section       24  fcmpi.o(x$fpl$fcmpinf)
    x$fpl$fdiv                               0x08007198   Section      388  fdiv.o(x$fpl$fdiv)
    _fdiv1                                   0x08007199   Thumb Code     0  fdiv.o(x$fpl$fdiv)
    x$fpl$feqf                               0x0800731c   Section      104  feqf.o(x$fpl$feqf)
    x$fpl$ffix                               0x08007384   Section       54  ffix.o(x$fpl$ffix)
    x$fpl$ffixu                              0x080073bc   Section       62  ffixu.o(x$fpl$ffixu)
    x$fpl$fflt                               0x080073fc   Section       48  fflt_clz.o(x$fpl$fflt)
    x$fpl$ffltu                              0x0800742c   Section       38  fflt_clz.o(x$fpl$ffltu)
    x$fpl$fleqf                              0x08007454   Section      104  fleqf.o(x$fpl$fleqf)
    x$fpl$fmul                               0x080074bc   Section      258  fmul.o(x$fpl$fmul)
    x$fpl$fnaninf                            0x080075be   Section      140  fnaninf.o(x$fpl$fnaninf)
    x$fpl$fretinf                            0x0800764a   Section       10  fretinf.o(x$fpl$fretinf)
    x$fpl$frleqf                             0x08007654   Section       98  frleqf.o(x$fpl$frleqf)
    x$fpl$fsub                               0x080076b8   Section      234  faddsub_clz.o(x$fpl$fsub)
    _fsub1                                   0x080076c7   Thumb Code     0  faddsub_clz.o(x$fpl$fsub)
    x$fpl$retnan                             0x080077a2   Section      100  retnan.o(x$fpl$retnan)
    x$fpl$scalbn                             0x08007806   Section       92  scalbn.o(x$fpl$scalbn)
    x$fpl$trapveneer                         0x08007862   Section       48  trapv.o(x$fpl$trapveneer)
    x$fpl$usenofp                            0x08007892   Section        0  usenofp.o(x$fpl$usenofp)
    .constdata                               0x08007898   Section       80  asin.o(.constdata)
    pS                                       0x08007898   Data          48  asin.o(.constdata)
    qS                                       0x080078c8   Data          32  asin.o(.constdata)
    .constdata                               0x080078e8   Section      152  atan.o(.constdata)
    atanhi                                   0x080078e8   Data          32  atan.o(.constdata)
    atanlo                                   0x08007908   Data          32  atan.o(.constdata)
    aTodd                                    0x08007928   Data          40  atan.o(.constdata)
    aTeven                                   0x08007950   Data          48  atan.o(.constdata)
    .constdata                               0x08007980   Section        8  qnan.o(.constdata)
    .data                                    0x20000000   Section       20  system_stm32f10x.o(.data)
    .data                                    0x20000014   Section       20  stm32f10x_rcc.o(.data)
    APBAHBPrescTable                         0x20000014   Data          16  stm32f10x_rcc.o(.data)
    ADCPrescTable                            0x20000024   Data           4  stm32f10x_rcc.o(.data)
    .data                                    0x20000028   Section       34  bsp.o(.data)
    .data                                    0x2000004c   Section        4  tim.o(.data)
    .data                                    0x20000050   Section       12  usart.o(.data)
    .data                                    0x2000005c   Section       58  mpu6050.o(.data)
    tempgx                                   0x20000060   Data           4  mpu6050.o(.data)
    tempgy                                   0x20000064   Data           4  mpu6050.o(.data)
    tempgz                                   0x20000068   Data           4  mpu6050.o(.data)
    cnt_g                                    0x2000006c   Data           1  mpu6050.o(.data)
    tempax                                   0x20000070   Data           4  mpu6050.o(.data)
    tempay                                   0x20000074   Data           4  mpu6050.o(.data)
    tempaz                                   0x20000078   Data           4  mpu6050.o(.data)
    cnt_a                                    0x2000007c   Data           1  mpu6050.o(.data)
    .data                                    0x20000096   Section       10  nrf24l01.o(.data)
    .data                                    0x200000a0   Section        8  eeprom.o(.data)
    .data                                    0x200000a8   Section        2  adc.o(.data)
    .data                                    0x200000aa   Section        5  stm32f10x_it.o(.data)
    ms1                                      0x200000aa   Data           1  stm32f10x_it.o(.data)
    ms2                                      0x200000ab   Data           1  stm32f10x_it.o(.data)
    ms5                                      0x200000ac   Data           1  stm32f10x_it.o(.data)
    ms10                                     0x200000ad   Data           1  stm32f10x_it.o(.data)
    ms100                                    0x200000ae   Data           1  stm32f10x_it.o(.data)
    .data                                    0x200000b0   Section       18  rc.o(.data)
    _armed_cnt1                              0x200000bc   Data           2  rc.o(.data)
    _armed_cnt2                              0x200000be   Data           2  rc.o(.data)
    led2_state                               0x200000c0   Data           1  rc.o(.data)
    temp                                     0x200000c1   Data           1  rc.o(.data)
    .data                                    0x200000c4   Section       36  imu.o(.data)
    filter_cnt                               0x200000e0   Data           1  imu.o(.data)
    .data                                    0x200000e8   Section        1  control.o(.data)
    .bss                                     0x200000ec   Section      319  usart.o(.bss)
    .bss                                     0x2000022b   Section       14  mpu6050.o(.bss)
    .bss                                     0x2000023a   Section       52  moto.o(.bss)
    TIM2_TimeBaseStructure                   0x2000023a   Data          10  moto.o(.bss)
    TIM8_TimeBaseStructure                   0x20000244   Data          10  moto.o(.bss)
    TIM2_OCInitStructure                     0x2000024e   Data          16  moto.o(.bss)
    TIM8_OCInitStructure                     0x2000025e   Data          16  moto.o(.bss)
    .bss                                     0x2000026e   Section       64  nrf24l01.o(.bss)
    .bss                                     0x200002ae   Section       18  rc.o(.bss)
    .bss                                     0x200002c0   Section      168  imu.o(.bss)
    .bss                                     0x20000368   Section       96  control.o(.bss)
    .bss                                     0x200003c8   Section       96  libspace.o(.bss)
    HEAP                                     0x20000428   Section      512  startup_stm32f10x_md.o(HEAP)
    Heap_Mem                                 0x20000428   Data         512  startup_stm32f10x_md.o(HEAP)
    STACK                                    0x20000628   Section     1024  startup_stm32f10x_md.o(STACK)
    Stack_Mem                                0x20000628   Data        1024  startup_stm32f10x_md.o(STACK)
    __initial_sp                             0x20000a28   Data           0  startup_stm32f10x_md.o(STACK)

    Global Symbols

    Symbol Name                              Value     Ov Type        Size  Object(Section)

    BuildAttributes$$THM_ISAv4$P$D$K$B$S$PE$A:L22UL41UL21$X:L11$S22US41US21$IEEE1$IW$USESV6$~STKCKD$USESV7$~SHL$OTIME$ROPI$IEEEX$EBA8$UX$STANDARDLIB$REQ8$PRES8$EABIv2 0x00000000   Number         0  anon$$obj.o ABSOLUTE
    __ARM_use_no_argv                        0x00000000   Number         0  main.o ABSOLUTE
    __ARM_exceptions_init                     - Undefined Weak Reference
    __alloca_initialize                       - Undefined Weak Reference
    __cpp_initialize__aeabi_                  - Undefined Weak Reference
    __cxa_finalize                            - Undefined Weak Reference
    __rt_locale                               - Undefined Weak Reference
    __sigvec_lookup                           - Undefined Weak Reference
    _atexit_init                              - Undefined Weak Reference
    _call_atexit_fns                          - Undefined Weak Reference
    _clock_init                               - Undefined Weak Reference
    _fp_trap_init                             - Undefined Weak Reference
    _fp_trap_shutdown                         - Undefined Weak Reference
    _get_lc_collate                           - Undefined Weak Reference
    _get_lc_ctype                             - Undefined Weak Reference
    _get_lc_monetary                          - Undefined Weak Reference
    _get_lc_numeric                           - Undefined Weak Reference
    _get_lc_time                              - Undefined Weak Reference
    _getenv_init                              - Undefined Weak Reference
    _handle_redirection                       - Undefined Weak Reference
    _init_alloc                               - Undefined Weak Reference
    _init_user_alloc                          - Undefined Weak Reference
    _initio                                   - Undefined Weak Reference
    _rand_init                                - Undefined Weak Reference
    _signal_finish                            - Undefined Weak Reference
    _signal_init                              - Undefined Weak Reference
    _terminate_alloc                          - Undefined Weak Reference
    _terminate_user_alloc                     - Undefined Weak Reference
    _terminateio                              - Undefined Weak Reference
    __Vectors_Size                           0x000000ec   Number         0  startup_stm32f10x_md.o ABSOLUTE
    __Vectors                                0x08000000   Data           4  startup_stm32f10x_md.o(RESET)
    __Vectors_End                            0x080000ec   Data           0  startup_stm32f10x_md.o(RESET)
    __main                                   0x080000ed   Thumb Code     8  __main.o(!!!main)
    __scatterload                            0x080000f5   Thumb Code     0  __scatter.o(!!!scatter)
    __scatterload_rt2                        0x080000f5   Thumb Code    44  __scatter.o(!!!scatter)
    __scatterload_rt2_thumb_only             0x080000f5   Thumb Code     0  __scatter.o(!!!scatter)
    __scatterload_null                       0x08000103   Thumb Code     0  __scatter.o(!!!scatter)
    __scatterload_copy                       0x08000129   Thumb Code    26  __scatter_copy.o(!!handler_copy)
    __scatterload_zeroinit                   0x08000145   Thumb Code    28  __scatter_zi.o(!!handler_zi)
    __rt_lib_init                            0x08000161   Thumb Code     0  libinit.o(.ARM.Collect$$libinit$$00000000)
    __rt_lib_init_alloca_1                   0x08000163   Thumb Code     0  libinit2.o(.ARM.Collect$$libinit$$0000002C)
    __rt_lib_init_argv_1                     0x08000163   Thumb Code     0  libinit2.o(.ARM.Collect$$libinit$$0000002A)
    __rt_lib_init_atexit_1                   0x08000163   Thumb Code     0  libinit2.o(.ARM.Collect$$libinit$$00000019)
    __rt_lib_init_clock_1                    0x08000163   Thumb Code     0  libinit2.o(.ARM.Collect$$libinit$$0000001F)
    __rt_lib_init_cpp_1                      0x08000163   Thumb Code     0  libinit2.o(.ARM.Collect$$libinit$$00000030)
    __rt_lib_init_exceptions_1               0x08000163   Thumb Code     0  libinit2.o(.ARM.Collect$$libinit$$0000002E)
    __rt_lib_init_fp_1                       0x08000163   Thumb Code     0  libinit2.o(.ARM.Collect$$libinit$$00000002)
    __rt_lib_init_fp_trap_1                  0x08000163   Thumb Code     0  libinit2.o(.ARM.Collect$$libinit$$0000001D)
    __rt_lib_init_getenv_1                   0x08000163   Thumb Code     0  libinit2.o(.ARM.Collect$$libinit$$00000021)
    __rt_lib_init_heap_1                     0x08000163   Thumb Code     0  libinit2.o(.ARM.Collect$$libinit$$00000008)
    __rt_lib_init_lc_collate_1               0x08000163   Thumb Code     0  libinit2.o(.ARM.Collect$$libinit$$0000000F)
    __rt_lib_init_lc_ctype_1                 0x08000163   Thumb Code     0  libinit2.o(.ARM.Collect$$libinit$$00000011)
    __rt_lib_init_lc_monetary_1              0x08000163   Thumb Code     0  libinit2.o(.ARM.Collect$$libinit$$00000013)
    __rt_lib_init_lc_numeric_1               0x08000163   Thumb Code     0  libinit2.o(.ARM.Collect$$libinit$$00000015)
    __rt_lib_init_lc_time_1                  0x08000163   Thumb Code     0  libinit2.o(.ARM.Collect$$libinit$$00000017)
    __rt_lib_init_rand_1                     0x08000163   Thumb Code     0  libinit2.o(.ARM.Collect$$libinit$$0000000C)
    __rt_lib_init_return                     0x08000163   Thumb Code     0  libinit2.o(.ARM.Collect$$libinit$$00000031)
    __rt_lib_init_signal_1                   0x08000163   Thumb Code     0  libinit2.o(.ARM.Collect$$libinit$$0000001B)
    __rt_lib_init_stdio_1                    0x08000163   Thumb Code     0  libinit2.o(.ARM.Collect$$libinit$$00000023)
    __rt_lib_init_user_alloc_1               0x08000163   Thumb Code     0  libinit2.o(.ARM.Collect$$libinit$$0000000A)
    __rt_lib_shutdown                        0x08000165   Thumb Code     0  libshutdown.o(.ARM.Collect$$libshutdown$$00000000)
    __rt_lib_shutdown_fp_trap_1              0x08000167   Thumb Code     0  libshutdown2.o(.ARM.Collect$$libshutdown$$00000006)
    __rt_lib_shutdown_heap_1                 0x08000167   Thumb Code     0  libshutdown2.o(.ARM.Collect$$libshutdown$$0000000E)
    __rt_lib_shutdown_return                 0x08000167   Thumb Code     0  libshutdown2.o(.ARM.Collect$$libshutdown$$0000000F)
    __rt_lib_shutdown_signal_1               0x08000167   Thumb Code     0  libshutdown2.o(.ARM.Collect$$libshutdown$$00000009)
    __rt_lib_shutdown_stdio_1                0x08000167   Thumb Code     0  libshutdown2.o(.ARM.Collect$$libshutdown$$00000003)
    __rt_lib_shutdown_user_alloc_1           0x08000167   Thumb Code     0  libshutdown2.o(.ARM.Collect$$libshutdown$$0000000B)
    __rt_entry                               0x08000169   Thumb Code     0  rtentry.o(.ARM.Collect$$rtentry$$00000000)
    __rt_entry_presh_1                       0x08000169   Thumb Code     0  rtentry2.o(.ARM.Collect$$rtentry$$00000002)
    __rt_entry_sh                            0x08000169   Thumb Code     0  rtentry4.o(.ARM.Collect$$rtentry$$00000004)
    __rt_entry_li                            0x0800016f   Thumb Code     0  rtentry2.o(.ARM.Collect$$rtentry$$0000000A)
    __rt_entry_postsh_1                      0x0800016f   Thumb Code     0  rtentry2.o(.ARM.Collect$$rtentry$$00000009)
    __rt_entry_main                          0x08000173   Thumb Code     0  rtentry2.o(.ARM.Collect$$rtentry$$0000000D)
    __rt_entry_postli_1                      0x08000173   Thumb Code     0  rtentry2.o(.ARM.Collect$$rtentry$$0000000C)
    __rt_exit                                0x0800017b   Thumb Code     0  rtexit.o(.ARM.Collect$$rtexit$$00000000)
    __rt_exit_ls                             0x0800017d   Thumb Code     0  rtexit2.o(.ARM.Collect$$rtexit$$00000003)
    __rt_exit_prels_1                        0x0800017d   Thumb Code     0  rtexit2.o(.ARM.Collect$$rtexit$$00000002)
    __rt_exit_exit                           0x08000181   Thumb Code     0  rtexit2.o(.ARM.Collect$$rtexit$$00000004)
    SystemInit                               0x08000265   Thumb Code    78  system_stm32f10x.o(.text)
    SystemCoreClockUpdate                    0x080002b3   Thumb Code   142  system_stm32f10x.o(.text)
    NVIC_PriorityGroupConfig                 0x08000365   Thumb Code    10  misc.o(.text)
    NVIC_Init                                0x0800036f   Thumb Code   102  misc.o(.text)
    NVIC_SetVectorTable                      0x080003d5   Thumb Code    14  misc.o(.text)
    NVIC_SystemLPConfig                      0x080003e3   Thumb Code    34  misc.o(.text)
    SysTick_CLKSourceConfig                  0x08000405   Thumb Code    40  misc.o(.text)
    GPIO_DeInit                              0x08000441   Thumb Code   172  stm32f10x_gpio.o(.text)
    GPIO_AFIODeInit                          0x080004ed   Thumb Code    20  stm32f10x_gpio.o(.text)
    GPIO_Init                                0x08000501   Thumb Code   274  stm32f10x_gpio.o(.text)
    GPIO_StructInit                          0x08000613   Thumb Code    16  stm32f10x_gpio.o(.text)
    GPIO_ReadInputDataBit                    0x08000623   Thumb Code    18  stm32f10x_gpio.o(.text)
    GPIO_ReadInputData                       0x08000635   Thumb Code     8  stm32f10x_gpio.o(.text)
    GPIO_ReadOutputDataBit                   0x0800063d   Thumb Code    18  stm32f10x_gpio.o(.text)
    GPIO_ReadOutputData                      0x0800064f   Thumb Code     8  stm32f10x_gpio.o(.text)
    GPIO_SetBits                             0x08000657   Thumb Code     4  stm32f10x_gpio.o(.text)
    GPIO_ResetBits                           0x0800065b   Thumb Code     4  stm32f10x_gpio.o(.text)
    GPIO_WriteBit                            0x0800065f   Thumb Code    10  stm32f10x_gpio.o(.text)
    GPIO_Write                               0x08000669   Thumb Code     4  stm32f10x_gpio.o(.text)
    GPIO_PinLockConfig                       0x0800066d   Thumb Code    18  stm32f10x_gpio.o(.text)
    GPIO_EventOutputConfig                   0x0800067f   Thumb Code    26  stm32f10x_gpio.o(.text)
    GPIO_EventOutputCmd                      0x08000699   Thumb Code     6  stm32f10x_gpio.o(.text)
    GPIO_PinRemapConfig                      0x0800069f   Thumb Code   138  stm32f10x_gpio.o(.text)
    GPIO_EXTILineConfig                      0x08000729   Thumb Code    66  stm32f10x_gpio.o(.text)
    GPIO_ETH_MediaInterfaceConfig            0x0800076b   Thumb Code     6  stm32f10x_gpio.o(.text)
    TIM_DeInit                               0x08000799   Thumb Code   424  stm32f10x_tim.o(.text)
    TIM_TimeBaseInit                         0x08000941   Thumb Code   122  stm32f10x_tim.o(.text)
    TIM_OC1Init                              0x080009bb   Thumb Code   132  stm32f10x_tim.o(.text)
    TIM_OC2Init                              0x08000a3f   Thumb Code   154  stm32f10x_tim.o(.text)
    TIM_OC3Init                              0x08000ad9   Thumb Code   150  stm32f10x_tim.o(.text)
    TIM_OC4Init                              0x08000b6f   Thumb Code   182  stm32f10x_tim.o(.text)
    TIM_SetIC4Prescaler                      0x08000c25   Thumb Code    26  stm32f10x_tim.o(.text)
    TIM_SetIC3Prescaler                      0x08000cc1   Thumb Code    18  stm32f10x_tim.o(.text)
    TIM_SetIC2Prescaler                      0x08000d4d   Thumb Code    26  stm32f10x_tim.o(.text)
    TIM_SetIC1Prescaler                      0x08000de9   Thumb Code    18  stm32f10x_tim.o(.text)
    TIM_ICInit                               0x08000e67   Thumb Code   150  stm32f10x_tim.o(.text)
    TIM_PWMIConfig                           0x08000efd   Thumb Code   124  stm32f10x_tim.o(.text)
    TIM_BDTRConfig                           0x08000f79   Thumb Code    32  stm32f10x_tim.o(.text)
    TIM_TimeBaseStructInit                   0x08000f99   Thumb Code    18  stm32f10x_tim.o(.text)
    TIM_OCStructInit                         0x08000fab   Thumb Code    20  stm32f10x_tim.o(.text)
    TIM_ICStructInit                         0x08000fbf   Thumb Code    18  stm32f10x_tim.o(.text)
    TIM_BDTRStructInit                       0x08000fd1   Thumb Code    40  stm32f10x_tim.o(.text)
    TIM_Cmd                                  0x08000ff9   Thumb Code    24  stm32f10x_tim.o(.text)
    TIM_CtrlPWMOutputs                       0x08001011   Thumb Code    30  stm32f10x_tim.o(.text)
    TIM_ITConfig                             0x0800102f   Thumb Code    18  stm32f10x_tim.o(.text)
    TIM_GenerateEvent                        0x08001041   Thumb Code     4  stm32f10x_tim.o(.text)
    TIM_DMAConfig                            0x08001045   Thumb Code    10  stm32f10x_tim.o(.text)
    TIM_DMACmd                               0x0800104f   Thumb Code    18  stm32f10x_tim.o(.text)
    TIM_InternalClockConfig                  0x08001061   Thumb Code    12  stm32f10x_tim.o(.text)
    TIM_SelectInputTrigger                   0x0800106d   Thumb Code    18  stm32f10x_tim.o(.text)
    TIM_ITRxExternalClockConfig              0x0800107f   Thumb Code    24  stm32f10x_tim.o(.text)
    TIM_TIxExternalClockConfig               0x08001097   Thumb Code    62  stm32f10x_tim.o(.text)
    TIM_ETRConfig                            0x080010d5   Thumb Code    28  stm32f10x_tim.o(.text)
    TIM_ETRClockMode1Config                  0x080010f1   Thumb Code    54  stm32f10x_tim.o(.text)
    TIM_ETRClockMode2Config                  0x08001127   Thumb Code    32  stm32f10x_tim.o(.text)
    TIM_PrescalerConfig                      0x08001147   Thumb Code     6  stm32f10x_tim.o(.text)
    TIM_CounterModeConfig                    0x0800114d   Thumb Code    18  stm32f10x_tim.o(.text)
    TIM_EncoderInterfaceConfig               0x0800115f   Thumb Code    66  stm32f10x_tim.o(.text)
    TIM_ForcedOC1Config                      0x080011a1   Thumb Code    18  stm32f10x_tim.o(.text)
    TIM_ForcedOC2Config                      0x080011b3   Thumb Code    26  stm32f10x_tim.o(.text)
    TIM_ForcedOC3Config                      0x080011cd   Thumb Code    18  stm32f10x_tim.o(.text)
    TIM_ForcedOC4Config                      0x080011df   Thumb Code    26  stm32f10x_tim.o(.text)
    TIM_ARRPreloadConfig                     0x080011f9   Thumb Code    24  stm32f10x_tim.o(.text)
    TIM_SelectCOM                            0x08001211   Thumb Code    24  stm32f10x_tim.o(.text)
    TIM_SelectCCDMA                          0x08001229   Thumb Code    24  stm32f10x_tim.o(.text)
    TIM_CCPreloadControl                     0x08001241   Thumb Code    24  stm32f10x_tim.o(.text)
    TIM_OC1PreloadConfig                     0x08001259   Thumb Code    18  stm32f10x_tim.o(.text)
    TIM_OC2PreloadConfig                     0x0800126b   Thumb Code    26  stm32f10x_tim.o(.text)
    TIM_OC3PreloadConfig                     0x08001285   Thumb Code    18  stm32f10x_tim.o(.text)
    TIM_OC4PreloadConfig                     0x08001297   Thumb Code    26  stm32f10x_tim.o(.text)
    TIM_OC1FastConfig                        0x080012b1   Thumb Code    18  stm32f10x_tim.o(.text)
    TIM_OC2FastConfig                        0x080012c3   Thumb Code    26  stm32f10x_tim.o(.text)
    TIM_OC3FastConfig                        0x080012dd   Thumb Code    18  stm32f10x_tim.o(.text)
    TIM_OC4FastConfig                        0x080012ef   Thumb Code    26  stm32f10x_tim.o(.text)
    TIM_ClearOC1Ref                          0x08001309   Thumb Code    18  stm32f10x_tim.o(.text)
    TIM_ClearOC2Ref                          0x0800131b   Thumb Code    24  stm32f10x_tim.o(.text)
    TIM_ClearOC3Ref                          0x08001333   Thumb Code    18  stm32f10x_tim.o(.text)
    TIM_ClearOC4Ref                          0x08001345   Thumb Code    24  stm32f10x_tim.o(.text)
    TIM_OC1PolarityConfig                    0x0800135d   Thumb Code    18  stm32f10x_tim.o(.text)
    TIM_OC1NPolarityConfig                   0x0800136f   Thumb Code    18  stm32f10x_tim.o(.text)
    TIM_OC2PolarityConfig                    0x08001381   Thumb Code    26  stm32f10x_tim.o(.text)
    TIM_OC2NPolarityConfig                   0x0800139b   Thumb Code    26  stm32f10x_tim.o(.text)
    TIM_OC3PolarityConfig                    0x080013b5   Thumb Code    26  stm32f10x_tim.o(.text)
    TIM_OC3NPolarityConfig                   0x080013cf   Thumb Code    26  stm32f10x_tim.o(.text)
    TIM_OC4PolarityConfig                    0x080013e9   Thumb Code    26  stm32f10x_tim.o(.text)
    TIM_CCxCmd                               0x08001403   Thumb Code    30  stm32f10x_tim.o(.text)
    TIM_CCxNCmd                              0x08001421   Thumb Code    30  stm32f10x_tim.o(.text)
    TIM_SelectOCxM                           0x0800143f   Thumb Code    82  stm32f10x_tim.o(.text)
    TIM_UpdateDisableConfig                  0x08001491   Thumb Code    24  stm32f10x_tim.o(.text)
    TIM_UpdateRequestConfig                  0x080014a9   Thumb Code    24  stm32f10x_tim.o(.text)
    TIM_SelectHallSensor                     0x080014c1   Thumb Code    24  stm32f10x_tim.o(.text)
    TIM_SelectOnePulseMode                   0x080014d9   Thumb Code    18  stm32f10x_tim.o(.text)
    TIM_SelectOutputTrigger                  0x080014eb   Thumb Code    18  stm32f10x_tim.o(.text)
    TIM_SelectSlaveMode                      0x080014fd   Thumb Code    18  stm32f10x_tim.o(.text)
    TIM_SelectMasterSlaveMode                0x0800150f   Thumb Code    18  stm32f10x_tim.o(.text)
    TIM_SetCounter                           0x08001521   Thumb Code     4  stm32f10x_tim.o(.text)
    TIM_SetAutoreload                        0x08001525   Thumb Code     4  stm32f10x_tim.o(.text)
    TIM_SetCompare1                          0x08001529   Thumb Code     4  stm32f10x_tim.o(.text)
    TIM_SetCompare2                          0x0800152d   Thumb Code     4  stm32f10x_tim.o(.text)
    TIM_SetCompare3                          0x08001531   Thumb Code     4  stm32f10x_tim.o(.text)
    TIM_SetCompare4                          0x08001535   Thumb Code     6  stm32f10x_tim.o(.text)
    TIM_SetClockDivision                     0x0800153b   Thumb Code    18  stm32f10x_tim.o(.text)
    TIM_GetCapture1                          0x0800154d   Thumb Code     6  stm32f10x_tim.o(.text)
    TIM_GetCapture2                          0x08001553   Thumb Code     6  stm32f10x_tim.o(.text)
    TIM_GetCapture3                          0x08001559   Thumb Code     6  stm32f10x_tim.o(.text)
    TIM_GetCapture4                          0x0800155f   Thumb Code     8  stm32f10x_tim.o(.text)
    TIM_GetCounter                           0x08001567   Thumb Code     6  stm32f10x_tim.o(.text)
    TIM_GetPrescaler                         0x0800156d   Thumb Code     6  stm32f10x_tim.o(.text)
    TIM_GetFlagStatus                        0x08001573   Thumb Code    18  stm32f10x_tim.o(.text)
    TIM_ClearFlag                            0x08001585   Thumb Code     6  stm32f10x_tim.o(.text)
    TIM_GetITStatus                          0x0800158b   Thumb Code    34  stm32f10x_tim.o(.text)
    TIM_ClearITPendingBit                    0x080015ad   Thumb Code     6  stm32f10x_tim.o(.text)
    USART_DeInit                             0x080015b5   Thumb Code   134  stm32f10x_usart.o(.text)
    USART_Init                               0x0800163b   Thumb Code   210  stm32f10x_usart.o(.text)
    USART_StructInit                         0x0800170d   Thumb Code    24  stm32f10x_usart.o(.text)
    USART_ClockInit                          0x08001725   Thumb Code    34  stm32f10x_usart.o(.text)
    USART_ClockStructInit                    0x08001747   Thumb Code    12  stm32f10x_usart.o(.text)
    USART_Cmd                                0x08001753   Thumb Code    24  stm32f10x_usart.o(.text)
    USART_ITConfig                           0x0800176b   Thumb Code    74  stm32f10x_usart.o(.text)
    USART_DMACmd                             0x080017b5   Thumb Code    18  stm32f10x_usart.o(.text)
    USART_SetAddress                         0x080017c7   Thumb Code    18  stm32f10x_usart.o(.text)
    USART_WakeUpConfig                       0x080017d9   Thumb Code    18  stm32f10x_usart.o(.text)
    USART_ReceiverWakeUpCmd                  0x080017eb   Thumb Code    24  stm32f10x_usart.o(.text)
    USART_LINBreakDetectLengthConfig         0x08001803   Thumb Code    18  stm32f10x_usart.o(.text)
    USART_LINCmd                             0x08001815   Thumb Code    24  stm32f10x_usart.o(.text)
    USART_SendData                           0x0800182d   Thumb Code     8  stm32f10x_usart.o(.text)
    USART_ReceiveData                        0x08001835   Thumb Code    10  stm32f10x_usart.o(.text)
    USART_SendBreak                          0x0800183f   Thumb Code    10  stm32f10x_usart.o(.text)
    USART_SetGuardTime                       0x08001849   Thumb Code    16  stm32f10x_usart.o(.text)
    USART_SetPrescaler                       0x08001859   Thumb Code    16  stm32f10x_usart.o(.text)
    USART_SmartCardCmd                       0x08001869   Thumb Code    24  stm32f10x_usart.o(.text)
    USART_SmartCardNACKCmd                   0x08001881   Thumb Code    24  stm32f10x_usart.o(.text)
    USART_HalfDuplexCmd                      0x08001899   Thumb Code    24  stm32f10x_usart.o(.text)
    USART_OverSampling8Cmd                   0x080018b1   Thumb Code    22  stm32f10x_usart.o(.text)
    USART_OneBitMethodCmd                    0x080018c7   Thumb Code    24  stm32f10x_usart.o(.text)
    USART_IrDAConfig                         0x080018df   Thumb Code    18  stm32f10x_usart.o(.text)
    USART_IrDACmd                            0x080018f1   Thumb Code    24  stm32f10x_usart.o(.text)
    USART_GetFlagStatus                      0x08001909   Thumb Code    26  stm32f10x_usart.o(.text)
    USART_ClearFlag                          0x08001923   Thumb Code    18  stm32f10x_usart.o(.text)
    USART_GetITStatus                        0x08001935   Thumb Code    84  stm32f10x_usart.o(.text)
    USART_ClearITPendingBit                  0x08001989   Thumb Code    52  stm32f10x_usart.o(.text)
    RCC_DeInit                               0x080019bd   Thumb Code    64  stm32f10x_rcc.o(.text)
    RCC_HSEConfig                            0x080019fd   Thumb Code    70  stm32f10x_rcc.o(.text)
    RCC_GetFlagStatus                        0x08001a43   Thumb Code    56  stm32f10x_rcc.o(.text)
    RCC_WaitForHSEStartUp                    0x08001a7b   Thumb Code    56  stm32f10x_rcc.o(.text)
    RCC_AdjustHSICalibrationValue            0x08001ab3   Thumb Code    20  stm32f10x_rcc.o(.text)
    RCC_HSICmd                               0x08001ac7   Thumb Code     6  stm32f10x_rcc.o(.text)
    RCC_PLLConfig                            0x08001acd   Thumb Code    24  stm32f10x_rcc.o(.text)
    RCC_PLLCmd                               0x08001ae5   Thumb Code     6  stm32f10x_rcc.o(.text)
    RCC_SYSCLKConfig                         0x08001aeb   Thumb Code    18  stm32f10x_rcc.o(.text)
    RCC_GetSYSCLKSource                      0x08001afd   Thumb Code    10  stm32f10x_rcc.o(.text)
    RCC_HCLKConfig                           0x08001b07   Thumb Code    18  stm32f10x_rcc.o(.text)
    RCC_PCLK1Config                          0x08001b19   Thumb Code    18  stm32f10x_rcc.o(.text)
    RCC_PCLK2Config                          0x08001b2b   Thumb Code    20  stm32f10x_rcc.o(.text)
    RCC_ITConfig                             0x08001b3f   Thumb Code    26  stm32f10x_rcc.o(.text)
    RCC_USBCLKConfig                         0x08001b59   Thumb Code     6  stm32f10x_rcc.o(.text)
    RCC_ADCCLKConfig                         0x08001b5f   Thumb Code    18  stm32f10x_rcc.o(.text)
    RCC_LSEConfig                            0x08001b71   Thumb Code    44  stm32f10x_rcc.o(.text)
    RCC_LSICmd                               0x08001b9d   Thumb Code     6  stm32f10x_rcc.o(.text)
    RCC_RTCCLKConfig                         0x08001ba3   Thumb Code    12  stm32f10x_rcc.o(.text)
    RCC_RTCCLKCmd                            0x08001baf   Thumb Code     8  stm32f10x_rcc.o(.text)
    RCC_GetClocksFreq                        0x08001bb7   Thumb Code   192  stm32f10x_rcc.o(.text)
    RCC_AHBPeriphClockCmd                    0x08001c77   Thumb Code    26  stm32f10x_rcc.o(.text)
    RCC_APB2PeriphClockCmd                   0x08001c91   Thumb Code    26  stm32f10x_rcc.o(.text)
    RCC_APB1PeriphClockCmd                   0x08001cab   Thumb Code    26  stm32f10x_rcc.o(.text)
    RCC_APB2PeriphResetCmd                   0x08001cc5   Thumb Code    26  stm32f10x_rcc.o(.text)
    RCC_APB1PeriphResetCmd                   0x08001cdf   Thumb Code    26  stm32f10x_rcc.o(.text)
    RCC_BackupResetCmd                       0x08001cf9   Thumb Code     8  stm32f10x_rcc.o(.text)
    RCC_ClockSecuritySystemCmd               0x08001d01   Thumb Code     6  stm32f10x_rcc.o(.text)
    RCC_MCOConfig                            0x08001d07   Thumb Code     6  stm32f10x_rcc.o(.text)
    RCC_ClearFlag                            0x08001d0d   Thumb Code    14  stm32f10x_rcc.o(.text)
    RCC_GetITStatus                          0x08001d1b   Thumb Code    20  stm32f10x_rcc.o(.text)
    RCC_ClearITPendingBit                    0x08001d2f   Thumb Code     6  stm32f10x_rcc.o(.text)
    SPI_I2S_DeInit                           0x08001d61   Thumb Code    76  stm32f10x_spi.o(.text)
    SPI_Init                                 0x08001dad   Thumb Code    60  stm32f10x_spi.o(.text)
    I2S_Init                                 0x08001de9   Thumb Code   226  stm32f10x_spi.o(.text)
    SPI_StructInit                           0x08001ecb   Thumb Code    24  stm32f10x_spi.o(.text)
    I2S_StructInit                           0x08001ee3   Thumb Code    20  stm32f10x_spi.o(.text)
    SPI_Cmd                                  0x08001ef7   Thumb Code    24  stm32f10x_spi.o(.text)
    I2S_Cmd                                  0x08001f0f   Thumb Code    24  stm32f10x_spi.o(.text)
    SPI_I2S_ITConfig                         0x08001f27   Thumb Code    32  stm32f10x_spi.o(.text)
    SPI_I2S_DMACmd                           0x08001f47   Thumb Code    18  stm32f10x_spi.o(.text)
    SPI_I2S_SendData                         0x08001f59   Thumb Code     4  stm32f10x_spi.o(.text)
    SPI_I2S_ReceiveData                      0x08001f5d   Thumb Code     6  stm32f10x_spi.o(.text)
    SPI_NSSInternalSoftwareConfig            0x08001f63   Thumb Code    30  stm32f10x_spi.o(.text)
    SPI_SSOutputCmd                          0x08001f81   Thumb Code    24  stm32f10x_spi.o(.text)
    SPI_DataSizeConfig                       0x08001f99   Thumb Code    18  stm32f10x_spi.o(.text)
    SPI_TransmitCRC                          0x08001fab   Thumb Code    10  stm32f10x_spi.o(.text)
    SPI_CalculateCRC                         0x08001fb5   Thumb Code    24  stm32f10x_spi.o(.text)
    SPI_GetCRC                               0x08001fcd   Thumb Code    16  stm32f10x_spi.o(.text)
    SPI_GetCRCPolynomial                     0x08001fdd   Thumb Code     6  stm32f10x_spi.o(.text)
    SPI_BiDirectionalLineConfig              0x08001fe3   Thumb Code    28  stm32f10x_spi.o(.text)
    SPI_I2S_GetFlagStatus                    0x08001fff   Thumb Code    18  stm32f10x_spi.o(.text)
    SPI_I2S_ClearFlag                        0x08002011   Thumb Code     6  stm32f10x_spi.o(.text)
    SPI_I2S_GetITStatus                      0x08002017   Thumb Code    52  stm32f10x_spi.o(.text)
    SPI_I2S_ClearITPendingBit                0x0800204b   Thumb Code    20  stm32f10x_spi.o(.text)
    FLASH_SetLatency                         0x0800206d   Thumb Code    18  stm32f10x_flash.o(.text)
    FLASH_HalfCycleAccessCmd                 0x0800207f   Thumb Code    22  stm32f10x_flash.o(.text)
    FLASH_PrefetchBufferCmd                  0x08002095   Thumb Code    22  stm32f10x_flash.o(.text)
    FLASH_Unlock                             0x080020ab   Thumb Code    12  stm32f10x_flash.o(.text)
    FLASH_UnlockBank1                        0x080020b7   Thumb Code    12  stm32f10x_flash.o(.text)
    FLASH_Lock                               0x080020c3   Thumb Code    14  stm32f10x_flash.o(.text)
    FLASH_LockBank1                          0x080020d1   Thumb Code    14  stm32f10x_flash.o(.text)
    FLASH_GetBank1Status                     0x080020df   Thumb Code    48  stm32f10x_flash.o(.text)
    FLASH_WaitForLastOperation               0x0800210f   Thumb Code    38  stm32f10x_flash.o(.text)
    FLASH_ErasePage                          0x08002135   Thumb Code    72  stm32f10x_flash.o(.text)
    FLASH_EraseAllPages                      0x0800217d   Thumb Code    68  stm32f10x_flash.o(.text)
    FLASH_WaitForLastBank1Operation          0x080021c1   Thumb Code    38  stm32f10x_flash.o(.text)
    FLASH_EraseAllBank1Pages                 0x080021e7   Thumb Code    68  stm32f10x_flash.o(.text)
    FLASH_GetReadOutProtectionStatus         0x0800222b   Thumb Code    20  stm32f10x_flash.o(.text)
    FLASH_EraseOptionBytes                   0x0800223f   Thumb Code   150  stm32f10x_flash.o(.text)
    FLASH_ProgramWord                        0x080022d5   Thumb Code   102  stm32f10x_flash.o(.text)
    FLASH_ProgramHalfWord                    0x0800233b   Thumb Code    60  stm32f10x_flash.o(.text)
    FLASH_ProgramOptionByteData              0x08002377   Thumb Code    72  stm32f10x_flash.o(.text)
    FLASH_EnableWriteProtection              0x080023bf   Thumb Code   200  stm32f10x_flash.o(.text)
    FLASH_ReadOutProtection                  0x08002487   Thumb Code   156  stm32f10x_flash.o(.text)
    FLASH_UserOptionByteConfig               0x08002523   Thumb Code    88  stm32f10x_flash.o(.text)
    FLASH_GetUserOptionByte                  0x0800257b   Thumb Code     8  stm32f10x_flash.o(.text)
    FLASH_GetWriteProtectionOptionByte       0x08002583   Thumb Code     6  stm32f10x_flash.o(.text)
    FLASH_GetPrefetchBufferStatus            0x08002589   Thumb Code    20  stm32f10x_flash.o(.text)
    FLASH_ITConfig                           0x0800259d   Thumb Code    26  stm32f10x_flash.o(.text)
    FLASH_GetFlagStatus                      0x080025b7   Thumb Code    42  stm32f10x_flash.o(.text)
    FLASH_ClearFlag                          0x080025e1   Thumb Code     6  stm32f10x_flash.o(.text)
    FLASH_GetStatus                          0x080025e7   Thumb Code    48  stm32f10x_flash.o(.text)
    ADC_DeInit                               0x08002629   Thumb Code    78  stm32f10x_adc.o(.text)
    ADC_Init                                 0x08002677   Thumb Code    70  stm32f10x_adc.o(.text)
    ADC_StructInit                           0x080026bd   Thumb Code    18  stm32f10x_adc.o(.text)
    ADC_Cmd                                  0x080026cf   Thumb Code    22  stm32f10x_adc.o(.text)
    ADC_DMACmd                               0x080026e5   Thumb Code    22  stm32f10x_adc.o(.text)
    ADC_ITConfig                             0x080026fb   Thumb Code    24  stm32f10x_adc.o(.text)
    ADC_ResetCalibration                     0x08002713   Thumb Code    10  stm32f10x_adc.o(.text)
    ADC_GetResetCalibrationStatus            0x0800271d   Thumb Code    20  stm32f10x_adc.o(.text)
    ADC_StartCalibration                     0x08002731   Thumb Code    10  stm32f10x_adc.o(.text)
    ADC_GetCalibrationStatus                 0x0800273b   Thumb Code    20  stm32f10x_adc.o(.text)
    ADC_SoftwareStartConvCmd                 0x0800274f   Thumb Code    22  stm32f10x_adc.o(.text)
    ADC_GetSoftwareStartConvStatus           0x08002765   Thumb Code    20  stm32f10x_adc.o(.text)
    ADC_DiscModeChannelCountConfig           0x08002779   Thumb Code    24  stm32f10x_adc.o(.text)
    ADC_DiscModeCmd                          0x08002791   Thumb Code    22  stm32f10x_adc.o(.text)
    ADC_RegularChannelConfig                 0x080027a7   Thumb Code   184  stm32f10x_adc.o(.text)
    ADC_ExternalTrigConvCmd                  0x0800285f   Thumb Code    22  stm32f10x_adc.o(.text)
    ADC_GetConversionValue                   0x08002875   Thumb Code     8  stm32f10x_adc.o(.text)
    ADC_GetDualModeConversionValue           0x0800287d   Thumb Code     8  stm32f10x_adc.o(.text)
    ADC_AutoInjectedConvCmd                  0x08002885   Thumb Code    22  stm32f10x_adc.o(.text)
    ADC_InjectedDiscModeCmd                  0x0800289b   Thumb Code    22  stm32f10x_adc.o(.text)
    ADC_ExternalTrigInjectedConvConfig       0x080028b1   Thumb Code    16  stm32f10x_adc.o(.text)
    ADC_ExternalTrigInjectedConvCmd          0x080028c1   Thumb Code    22  stm32f10x_adc.o(.text)
    ADC_SoftwareStartInjectedConvCmd         0x080028d7   Thumb Code    22  stm32f10x_adc.o(.text)
    ADC_GetSoftwareStartInjectedConvCmdStatus 0x080028ed   Thumb Code    20  stm32f10x_adc.o(.text)
    ADC_InjectedChannelConfig                0x08002901   Thumb Code   130  stm32f10x_adc.o(.text)
    ADC_InjectedSequencerLengthConfig        0x08002983   Thumb Code    24  stm32f10x_adc.o(.text)
    ADC_SetInjectedOffset                    0x0800299b   Thumb Code    20  stm32f10x_adc.o(.text)
    ADC_GetInjectedConversionValue           0x080029af   Thumb Code    28  stm32f10x_adc.o(.text)
    ADC_AnalogWatchdogCmd                    0x080029cb   Thumb Code    16  stm32f10x_adc.o(.text)
    ADC_AnalogWatchdogThresholdsConfig       0x080029db   Thumb Code     6  stm32f10x_adc.o(.text)
    ADC_AnalogWatchdogSingleChannelConfig    0x080029e1   Thumb Code    16  stm32f10x_adc.o(.text)
    ADC_TempSensorVrefintCmd                 0x080029f1   Thumb Code    64  stm32f10x_adc.o(.text)
    ADC_GetFlagStatus                        0x08002a31   Thumb Code    18  stm32f10x_adc.o(.text)
    ADC_ClearFlag                            0x08002a43   Thumb Code     6  stm32f10x_adc.o(.text)
    ADC_GetITStatus                          0x08002a49   Thumb Code    36  stm32f10x_adc.o(.text)
    ADC_ClearITPendingBit                    0x08002a6d   Thumb Code    10  stm32f10x_adc.o(.text)
    DMA_DeInit                               0x08002a79   Thumb Code   324  stm32f10x_dma.o(.text)
    DMA_Init                                 0x08002bbd   Thumb Code    60  stm32f10x_dma.o(.text)
    DMA_StructInit                           0x08002bf9   Thumb Code    26  stm32f10x_dma.o(.text)
    DMA_Cmd                                  0x08002c13   Thumb Code    24  stm32f10x_dma.o(.text)
    DMA_ITConfig                             0x08002c2b   Thumb Code    18  stm32f10x_dma.o(.text)
    DMA_SetCurrDataCounter                   0x08002c3d   Thumb Code     4  stm32f10x_dma.o(.text)
    DMA_GetCurrDataCounter                   0x08002c41   Thumb Code     8  stm32f10x_dma.o(.text)
    DMA_GetFlagStatus                        0x08002c49   Thumb Code    38  stm32f10x_dma.o(.text)
    DMA_ClearFlag                            0x08002c6f   Thumb Code    22  stm32f10x_dma.o(.text)
    DMA_GetITStatus                          0x08002c85   Thumb Code    38  stm32f10x_dma.o(.text)
    DMA_ClearITPendingBit                    0x08002cab   Thumb Code    22  stm32f10x_dma.o(.text)
    Reset_Handler                            0x08002cc9   Thumb Code     8  startup_stm32f10x_md.o(.text)
    ADC1_2_IRQHandler                        0x08002ce3   Thumb Code     0  startup_stm32f10x_md.o(.text)
    CAN1_RX1_IRQHandler                      0x08002ce3   Thumb Code     0  startup_stm32f10x_md.o(.text)
    CAN1_SCE_IRQHandler                      0x08002ce3   Thumb Code     0  startup_stm32f10x_md.o(.text)
    DMA1_Channel1_IRQHandler                 0x08002ce3   Thumb Code     0  startup_stm32f10x_md.o(.text)
    DMA1_Channel2_IRQHandler                 0x08002ce3   Thumb Code     0  startup_stm32f10x_md.o(.text)
    DMA1_Channel3_IRQHandler                 0x08002ce3   Thumb Code     0  startup_stm32f10x_md.o(.text)
    DMA1_Channel4_IRQHandler                 0x08002ce3   Thumb Code     0  startup_stm32f10x_md.o(.text)
    DMA1_Channel5_IRQHandler                 0x08002ce3   Thumb Code     0  startup_stm32f10x_md.o(.text)
    DMA1_Channel6_IRQHandler                 0x08002ce3   Thumb Code     0  startup_stm32f10x_md.o(.text)
    DMA1_Channel7_IRQHandler                 0x08002ce3   Thumb Code     0  startup_stm32f10x_md.o(.text)
    EXTI0_IRQHandler                         0x08002ce3   Thumb Code     0  startup_stm32f10x_md.o(.text)
    EXTI15_10_IRQHandler                     0x08002ce3   Thumb Code     0  startup_stm32f10x_md.o(.text)
    EXTI1_IRQHandler                         0x08002ce3   Thumb Code     0  startup_stm32f10x_md.o(.text)
    EXTI2_IRQHandler                         0x08002ce3   Thumb Code     0  startup_stm32f10x_md.o(.text)
    EXTI3_IRQHandler                         0x08002ce3   Thumb Code     0  startup_stm32f10x_md.o(.text)
    EXTI4_IRQHandler                         0x08002ce3   Thumb Code     0  startup_stm32f10x_md.o(.text)
    EXTI9_5_IRQHandler                       0x08002ce3   Thumb Code     0  startup_stm32f10x_md.o(.text)
    FLASH_IRQHandler                         0x08002ce3   Thumb Code     0  startup_stm32f10x_md.o(.text)
    I2C2_ER_IRQHandler                       0x08002ce3   Thumb Code     0  startup_stm32f10x_md.o(.text)
    I2C2_EV_IRQHandler                       0x08002ce3   Thumb Code     0  startup_stm32f10x_md.o(.text)
    PVD_IRQHandler                           0x08002ce3   Thumb Code     0  startup_stm32f10x_md.o(.text)
    RCC_IRQHandler                           0x08002ce3   Thumb Code     0  startup_stm32f10x_md.o(.text)
    RTCAlarm_IRQHandler                      0x08002ce3   Thumb Code     0  startup_stm32f10x_md.o(.text)
    RTC_IRQHandler                           0x08002ce3   Thumb Code     0  startup_stm32f10x_md.o(.text)
    SPI1_IRQHandler                          0x08002ce3   Thumb Code     0  startup_stm32f10x_md.o(.text)
    SPI2_IRQHandler                          0x08002ce3   Thumb Code     0  startup_stm32f10x_md.o(.text)
    TAMPER_IRQHandler                        0x08002ce3   Thumb Code     0  startup_stm32f10x_md.o(.text)
    TIM1_BRK_IRQHandler                      0x08002ce3   Thumb Code     0  startup_stm32f10x_md.o(.text)
    TIM1_CC_IRQHandler                       0x08002ce3   Thumb Code     0  startup_stm32f10x_md.o(.text)
    TIM1_TRG_COM_IRQHandler                  0x08002ce3   Thumb Code     0  startup_stm32f10x_md.o(.text)
    TIM1_UP_IRQHandler                       0x08002ce3   Thumb Code     0  startup_stm32f10x_md.o(.text)
    TIM2_IRQHandler                          0x08002ce3   Thumb Code     0  startup_stm32f10x_md.o(.text)
    TIM4_IRQHandler                          0x08002ce3   Thumb Code     0  startup_stm32f10x_md.o(.text)
    USART2_IRQHandler                        0x08002ce3   Thumb Code     0  startup_stm32f10x_md.o(.text)
    USART3_IRQHandler                        0x08002ce3   Thumb Code     0  startup_stm32f10x_md.o(.text)
    USBWakeUp_IRQHandler                     0x08002ce3   Thumb Code     0  startup_stm32f10x_md.o(.text)
    USB_HP_CAN1_TX_IRQHandler                0x08002ce3   Thumb Code     0  startup_stm32f10x_md.o(.text)
    USB_LP_CAN1_RX0_IRQHandler               0x08002ce3   Thumb Code     0  startup_stm32f10x_md.o(.text)
    WWDG_IRQHandler                          0x08002ce3   Thumb Code     0  startup_stm32f10x_md.o(.text)
    __user_initial_stackheap                 0x08002ce5   Thumb Code     0  startup_stm32f10x_md.o(.text)
    MCO_INIT                                 0x08002d09   Thumb Code    46  bsp.o(.text)
    Nvic_Init                                0x08002d37   Thumb Code    68  bsp.o(.text)
    EE_INIT                                  0x08002d7b   Thumb Code     8  bsp.o(.text)
    EE_SAVE_ACC_OFFSET                       0x08002d83   Thumb Code    46  bsp.o(.text)
    EE_READ_ACC_OFFSET                       0x08002db1   Thumb Code    38  bsp.o(.text)
    EE_SAVE_GYRO_OFFSET                      0x08002dd7   Thumb Code    46  bsp.o(.text)
    EE_READ_GYRO_OFFSET                      0x08002e05   Thumb Code    38  bsp.o(.text)
    EE_SAVE_PID                              0x08002e2b   Thumb Code   256  bsp.o(.text)
    EE_READ_PID                              0x08002f2b   Thumb Code   274  bsp.o(.text)
    Tim3_Init                                0x0800305d   Thumb Code    74  tim.o(.text)
    Uart1_Init                               0x080030ad   Thumb Code   168  usart.o(.text)
    Uart1_IRQ                                0x08003155   Thumb Code   208  usart.o(.text)
    Uart1_Put_Char                           0x08003225   Thumb Code    36  usart.o(.text)
    Uart1_Put_Int16                          0x08003249   Thumb Code    74  usart.o(.text)
    Uart1_Put_Float                          0x08003293   Thumb Code   132  usart.o(.text)
    Uart1_Put_String                         0x08003317   Thumb Code    46  usart.o(.text)
    Spi2_Init                                0x08003371   Thumb Code   240  spi.o(.text)
    Spi_RW                                   0x08003461   Thumb Code    50  spi.o(.text)
    Delay_ms_led                             0x080034a1   Thumb Code    30  led.o(.text)
    LED_INIT                                 0x080034bf   Thumb Code    98  led.o(.text)
    LED_FLASH                                0x08003521   Thumb Code   292  led.o(.text)
    LED1_ONOFF                               0x08003645   Thumb Code     2  led.o(.text)
    LED2_ONOFF                               0x08003647   Thumb Code     2  led.o(.text)
    Delay_ms_mpu                             0x08003659   Thumb Code    20  mpu6050.o(.text)
    MPU6050_Dataanl                          0x0800366d   Thumb Code   498  mpu6050.o(.text)
    MPU6050_Read                             0x0800385f   Thumb Code    16  mpu6050.o(.text)
    IICwriteBit                              0x0800386f   Thumb Code    66  mpu6050.o(.text)
    IICwriteBits                             0x080038b1   Thumb Code   102  mpu6050.o(.text)
    MPU6050_setClockSource                   0x08003917   Thumb Code    20  mpu6050.o(.text)
    MPU6050_setFullScaleGyroRange            0x0800392b   Thumb Code    20  mpu6050.o(.text)
    MPU6050_setFullScaleAccelRange           0x0800393f   Thumb Code    20  mpu6050.o(.text)
    MPU6050_setSleepEnabled                  0x08003953   Thumb Code    18  mpu6050.o(.text)
    MPU6050_setI2CMasterModeEnabled          0x08003965   Thumb Code    18  mpu6050.o(.text)
    MPU6050_setI2CBypassEnabled              0x08003977   Thumb Code    18  mpu6050.o(.text)
    MPU6050_setDLPF                          0x08003989   Thumb Code    20  mpu6050.o(.text)
    MPU6050_Init                             0x0800399d   Thumb Code    88  mpu6050.o(.text)
    Moto_PwmRflash                           0x08003a35   Thumb Code    84  moto.o(.text)
    Tim2_init                                0x08003a89   Thumb Code   106  moto.o(.text)
    Tim8_init                                0x08003af3   Thumb Code   112  moto.o(.text)
    Moto_Init                                0x08003b63   Thumb Code    78  moto.o(.text)
    NRF_Write_Reg                            0x08003bcd   Thumb Code    44  nrf24l01.o(.text)
    NRF_Read_Reg                             0x08003bf9   Thumb Code    42  nrf24l01.o(.text)
    NRF_Write_Buf                            0x08003c23   Thumb Code    62  nrf24l01.o(.text)
    NRF_Read_Buf                             0x08003c61   Thumb Code    64  nrf24l01.o(.text)
    NRF_TxPacket                             0x08003ca1   Thumb Code    48  nrf24l01.o(.text)
    NRF_TxPacket_AP                          0x08003cd1   Thumb Code    38  nrf24l01.o(.text)
    Nrf24l01_Check                           0x08003cf7   Thumb Code    62  nrf24l01.o(.text)
    Nrf24l01_Init                            0x08003d35   Thumb Code   242  nrf24l01.o(.text)
    InitCurrWrAddress                        0x08003e87   Thumb Code    92  eeprom.o(.text)
    EE_ReadVariable                          0x08003f95   Thumb Code    88  eeprom.o(.text)
    __EE_Init                                0x08003fed   Thumb Code   486  eeprom.o(.text)
    EE_Init                                  0x080041d3   Thumb Code    16  eeprom.o(.text)
    EE_WriteVariable                         0x080042d9   Thumb Code    36  eeprom.o(.text)
    ADC1_Init                                0x080043f9   Thumb Code    12  adc.o(.text)
    SYS_INIT                                 0x08004415   Thumb Code    84  main.o(.text)
    main                                     0x08004469   Thumb Code    20  main.o(.text)
    USART1_IRQHandler                        0x080044b5   Thumb Code     8  stm32f10x_it.o(.text)
    I2C1_EV_IRQHandler                       0x080044bd   Thumb Code     2  stm32f10x_it.o(.text)
    I2C1_ER_IRQHandler                       0x080044bf   Thumb Code     2  stm32f10x_it.o(.text)
    TIM3_IRQHandler                          0x080044c1   Thumb Code   210  stm32f10x_it.o(.text)
    NMI_Handler                              0x08004593   Thumb Code     2  stm32f10x_it.o(.text)
    HardFault_Handler                        0x08004595   Thumb Code     4  stm32f10x_it.o(.text)
    MemManage_Handler                        0x08004599   Thumb Code     4  stm32f10x_it.o(.text)
    BusFault_Handler                         0x0800459d   Thumb Code     4  stm32f10x_it.o(.text)
    UsageFault_Handler                       0x080045a1   Thumb Code     4  stm32f10x_it.o(.text)
    SVC_Handler                              0x080045a5   Thumb Code     2  stm32f10x_it.o(.text)
    DebugMon_Handler                         0x080045a7   Thumb Code     2  stm32f10x_it.o(.text)
    PendSV_Handler                           0x080045a9   Thumb Code     2  stm32f10x_it.o(.text)
    SysTick_Handler                          0x080045ab   Thumb Code     2  stm32f10x_it.o(.text)
    RC_FUN                                   0x080045dd   Thumb Code   132  rc.o(.text)
    NRF_Send_PID                             0x08004661   Thumb Code   360  rc.o(.text)
    NRF_Send_OFFSET                          0x080047c9   Thumb Code   126  rc.o(.text)
    NRF_Send_ARMED                           0x08004847   Thumb Code    68  rc.o(.text)
    NRF_DataAnl                              0x0800488b   Thumb Code   840  rc.o(.text)
    Nrf_Check_Event                          0x08004bd3   Thumb Code   134  rc.o(.text)
    NRF_Send_AF                              0x08004c59   Thumb Code   264  rc.o(.text)
    NRF_Send_AE                              0x08004d61   Thumb Code   374  rc.o(.text)
    NRF_SEND_test                            0x08004ed7   Thumb Code   112  rc.o(.text)
    Prepare_Data                             0x08004f5d   Thumb Code   228  imu.o(.text)
    IMUupdate                                0x08005041   Thumb Code  1380  imu.o(.text)
    Get_Attitude                             0x080055a5   Thumb Code   142  imu.o(.text)
    Get_MxMi                                 0x08005665   Thumb Code    40  control.o(.text)
    CONTROL                                  0x0800568d   Thumb Code   910  control.o(.text)
    i2cInit                                  0x08005c3b   Thumb Code    76  stm32_i2c.o(.text)
    i2cWriteBuffer                           0x08005c87   Thumb Code    92  stm32_i2c.o(.text)
    i2cWrite                                 0x08005ce3   Thumb Code    66  stm32_i2c.o(.text)
    i2cRead                                  0x08005d25   Thumb Code   110  stm32_i2c.o(.text)
    i2cGetErrorCounter                       0x08005d93   Thumb Code     4  stm32_i2c.o(.text)
    __use_two_region_memory                  0x08005d9d   Thumb Code     2  heapauxi.o(.text)
    __rt_heap_escrow$2region                 0x08005d9f   Thumb Code     2  heapauxi.o(.text)
    __rt_heap_expand$2region                 0x08005da1   Thumb Code     2  heapauxi.o(.text)
    __read_errno                             0x08005da3   Thumb Code    10  _rserrno.o(.text)
    __set_errno                              0x08005dad   Thumb Code    12  _rserrno.o(.text)
    __aeabi_errno_addr                       0x08005db9   Thumb Code     8  rt_errno_addr_intlibspace.o(.text)
    __errno$intlibspace                      0x08005db9   Thumb Code     0  rt_errno_addr_intlibspace.o(.text)
    __rt_errno_addr$intlibspace              0x08005db9   Thumb Code     0  rt_errno_addr_intlibspace.o(.text)
    __user_libspace                          0x08005dc1   Thumb Code     8  libspace.o(.text)
    __user_perproc_libspace                  0x08005dc1   Thumb Code     0  libspace.o(.text)
    __user_perthread_libspace                0x08005dc1   Thumb Code     0  libspace.o(.text)
    __user_setup_stackheap                   0x08005dc9   Thumb Code    74  sys_stackheap_outer.o(.text)
    exit                                     0x08005e13   Thumb Code    12  exit.o(.text)
    _sys_exit                                0x08005e21   Thumb Code     8  sys_exit.o(.text)
    __I$use$semihosting                      0x08005e2d   Thumb Code     0  use_no_semi.o(.text)
    __use_no_semihosting_swi                 0x08005e2d   Thumb Code     2  use_no_semi.o(.text)
    __ARM_fpclassify                         0x08005e2f   Thumb Code    40  fpclassify.o(i.__ARM_fpclassify)
    __semihosting_library_function           0x08005e2f   Thumb Code     0  indicate_semi.o(.text)
    __kernel_poly                            0x08005e57   Thumb Code   170  poly.o(i.__kernel_poly)
    __mathlib_dbl_underflow                  0x08005f01   Thumb Code    10  dunder.o(i.__mathlib_dbl_underflow)
    asin                                     0x08005f11   Thumb Code   584  asin.o(i.asin)
    atan                                     0x0800618d   Thumb Code   478  atan.o(i.atan)
    atan2                                    0x080063b1   Thumb Code   346  atan2.o(i.atan2)
    sqrt                                     0x08006531   Thumb Code    76  sqrt.o(i.sqrt)
    __aeabi_d2f                              0x0800657d   Thumb Code     0  d2f.o(x$fpl$d2f)
    _d2f                                     0x0800657d   Thumb Code    98  d2f.o(x$fpl$d2f)
    __aeabi_dadd                             0x080065e1   Thumb Code     0  daddsub_clz.o(x$fpl$dadd)
    _dadd                                    0x080065e1   Thumb Code   332  daddsub_clz.o(x$fpl$dadd)
    __fpl_dcheck_NaN1                        0x08006731   Thumb Code    10  dcheck1.o(x$fpl$dcheck1)
    __fpl_dcmp_Inf                           0x08006741   Thumb Code    24  dcmpi.o(x$fpl$dcmpinf)
    __aeabi_ddiv                             0x08006759   Thumb Code     0  ddiv.o(x$fpl$ddiv)
    _ddiv                                    0x08006759   Thumb Code   552  ddiv.o(x$fpl$ddiv)
    __aeabi_i2d                              0x08006a09   Thumb Code     0  dflt_clz.o(x$fpl$dflt)
    _dflt                                    0x08006a09   Thumb Code    46  dflt_clz.o(x$fpl$dflt)
    __aeabi_cdcmple                          0x08006a39   Thumb Code     0  dleqf.o(x$fpl$dleqf)
    _dcmple                                  0x08006a39   Thumb Code   120  dleqf.o(x$fpl$dleqf)
    __fpl_dcmple_InfNaN                      0x08006a9b   Thumb Code     0  dleqf.o(x$fpl$dleqf)
    __aeabi_dmul                             0x08006ab1   Thumb Code     0  dmul.o(x$fpl$dmul)
    _dmul                                    0x08006ab1   Thumb Code   332  dmul.o(x$fpl$dmul)
    __fpl_dnaninf                            0x08006c05   Thumb Code   156  dnaninf.o(x$fpl$dnaninf)
    __fpl_dretinf                            0x08006ca1   Thumb Code    12  dretinf.o(x$fpl$dretinf)
    __aeabi_drsub                            0x08006cad   Thumb Code     0  daddsub_clz.o(x$fpl$drsb)
    _drsb                                    0x08006cad   Thumb Code    22  daddsub_clz.o(x$fpl$drsb)
    _dsqrt                                   0x08006cc5   Thumb Code   456  dsqrt_noumaal.o(x$fpl$dsqrt)
    __aeabi_dsub                             0x08006e91   Thumb Code     0  daddsub_clz.o(x$fpl$dsub)
    _dsub                                    0x08006e91   Thumb Code   464  daddsub_clz.o(x$fpl$dsub)
    __aeabi_f2d                              0x08007065   Thumb Code     0  f2d.o(x$fpl$f2d)
    _f2d                                     0x08007065   Thumb Code    86  f2d.o(x$fpl$f2d)
    __aeabi_fadd                             0x080070bd   Thumb Code     0  faddsub_clz.o(x$fpl$fadd)
    _fadd                                    0x080070bd   Thumb Code   196  faddsub_clz.o(x$fpl$fadd)
    __fpl_fcmp_Inf                           0x08007181   Thumb Code    24  fcmpi.o(x$fpl$fcmpinf)
    __aeabi_fdiv                             0x08007199   Thumb Code     0  fdiv.o(x$fpl$fdiv)
    _fdiv                                    0x08007199   Thumb Code   384  fdiv.o(x$fpl$fdiv)
    __aeabi_cfcmpeq                          0x0800731d   Thumb Code     0  feqf.o(x$fpl$feqf)
    _fcmpeq                                  0x0800731d   Thumb Code   104  feqf.o(x$fpl$feqf)
    __aeabi_f2iz                             0x08007385   Thumb Code     0  ffix.o(x$fpl$ffix)
    _ffix                                    0x08007385   Thumb Code    54  ffix.o(x$fpl$ffix)
    __aeabi_f2uiz                            0x080073bd   Thumb Code     0  ffixu.o(x$fpl$ffixu)
    _ffixu                                   0x080073bd   Thumb Code    62  ffixu.o(x$fpl$ffixu)
    __aeabi_i2f                              0x080073fd   Thumb Code     0  fflt_clz.o(x$fpl$fflt)
    _fflt                                    0x080073fd   Thumb Code    48  fflt_clz.o(x$fpl$fflt)
    __aeabi_ui2f                             0x0800742d   Thumb Code     0  fflt_clz.o(x$fpl$ffltu)
    _ffltu                                   0x0800742d   Thumb Code    38  fflt_clz.o(x$fpl$ffltu)
    __aeabi_cfcmple                          0x08007455   Thumb Code     0  fleqf.o(x$fpl$fleqf)
    _fcmple                                  0x08007455   Thumb Code   104  fleqf.o(x$fpl$fleqf)
    __fpl_fcmple_InfNaN                      0x080074a7   Thumb Code     0  fleqf.o(x$fpl$fleqf)
    __aeabi_fmul                             0x080074bd   Thumb Code     0  fmul.o(x$fpl$fmul)
    _fmul                                    0x080074bd   Thumb Code   258  fmul.o(x$fpl$fmul)
    __fpl_fnaninf                            0x080075bf   Thumb Code   140  fnaninf.o(x$fpl$fnaninf)
    __fpl_fretinf                            0x0800764b   Thumb Code    10  fretinf.o(x$fpl$fretinf)
    __aeabi_cfrcmple                         0x08007655   Thumb Code     0  frleqf.o(x$fpl$frleqf)
    _frcmple                                 0x08007655   Thumb Code    98  frleqf.o(x$fpl$frleqf)
    __aeabi_fsub                             0x080076b9   Thumb Code     0  faddsub_clz.o(x$fpl$fsub)
    _fsub                                    0x080076b9   Thumb Code   234  faddsub_clz.o(x$fpl$fsub)
    __fpl_return_NaN                         0x080077a3   Thumb Code   100  retnan.o(x$fpl$retnan)
    __ARM_scalbn                             0x08007807   Thumb Code    92  scalbn.o(x$fpl$scalbn)
    __fpl_cmpreturn                          0x08007863   Thumb Code    48  trapv.o(x$fpl$trapveneer)
    __I$use$fp                               0x08007892   Number         0  usenofp.o(x$fpl$usenofp)
    __mathlib_zero                           0x08007980   Data           8  qnan.o(.constdata)
    Region$$Table$$Base                      0x08007988   Number         0  anon$$obj.o(Region$$Table)
    Region$$Table$$Limit                     0x080079a8   Number         0  anon$$obj.o(Region$$Table)
    SystemCoreClock                          0x20000000   Data           4  system_stm32f10x.o(.data)
    AHBPrescTable                            0x20000004   Data          16  system_stm32f10x.o(.data)
    SYS_INIT_OK                              0x20000028   Data           1  bsp.o(.data)
    VirtAddVarTab                            0x2000002a   Data          30  bsp.o(.data)
    temp                                     0x20000048   Data           2  bsp.o(.data)
    TIM3_IRQCNT                              0x2000004c   Data           4  tim.o(.data)
    TxCounter                                0x20000050   Data           1  usart.o(.data)
    count                                    0x20000051   Data           1  usart.o(.data)
    Rx_Act                                   0x20000052   Data           1  usart.o(.data)
    Rx_Adr                                   0x20000053   Data           1  usart.o(.data)
    Rx_Ok0                                   0x20000054   Data           1  usart.o(.data)
    Rx_Ok1                                   0x20000055   Data           1  usart.o(.data)
    floattobyte                              0x20000058   Data           4  usart.o(.data)
    GYRO_OFFSET_OK                           0x2000005c   Data           1  mpu6050.o(.data)
    ACC_OFFSET_OK                            0x2000005d   Data           1  mpu6050.o(.data)
    GYRO_OFFSET                              0x2000007e   Data           6  mpu6050.o(.data)
    ACC_OFFSET                               0x20000084   Data           6  mpu6050.o(.data)
    MPU6050_ACC_LAST                         0x2000008a   Data           6  mpu6050.o(.data)
    MPU6050_GYRO_LAST                        0x20000090   Data           6  mpu6050.o(.data)
    TX_ADDRESS                               0x20000096   Data           5  nrf24l01.o(.data)
    RX_ADDRESS                               0x2000009b   Data           5  nrf24l01.o(.data)
    DataVar                                  0x200000a0   Data           2  eeprom.o(.data)
    CurWrAddress                             0x200000a4   Data           4  eeprom.o(.data)
    ADC_ConvertedValue                       0x200000a8   Data           2  adc.o(.data)
    RC_Target_ROL                            0x200000b0   Data           4  rc.o(.data)
    RC_Target_PIT                            0x200000b4   Data           4  rc.o(.data)
    RC_Target_YAW                            0x200000b8   Data           4  rc.o(.data)
    q0                                       0x200000c4   Data           4  imu.o(.data)
    q1                                       0x200000c8   Data           4  imu.o(.data)
    q2                                       0x200000cc   Data           4  imu.o(.data)
    q3                                       0x200000d0   Data           4  imu.o(.data)
    exInt                                    0x200000d4   Data           4  imu.o(.data)
    eyInt                                    0x200000d8   Data           4  imu.o(.data)
    ezInt                                    0x200000dc   Data           4  imu.o(.data)
    ACC_AVG                                  0x200000e2   Data           6  imu.o(.data)
    ARMED                                    0x200000e8   Data           1  control.o(.data)
    TxBuffer                                 0x200000ec   Data         255  usart.o(.bss)
    Rx_Buf                                   0x200001eb   Data          64  usart.o(.bss)
    mpu6050_buffer                           0x2000022b   Data          14  mpu6050.o(.bss)
    NRF24L01_RXDATA                          0x2000026e   Data          32  nrf24l01.o(.bss)
    NRF24L01_TXDATA                          0x2000028e   Data          32  nrf24l01.o(.bss)
    Rc_Get                                   0x200002ae   Data          18  rc.o(.bss)
    GYRO_I                                   0x200002c0   Data          12  imu.o(.bss)
    EXP_ANGLE                                0x200002cc   Data          12  imu.o(.bss)
    DIF_ANGLE                                0x200002d8   Data          12  imu.o(.bss)
    Q_ANGLE                                  0x200002e4   Data          12  imu.o(.bss)
    ACC_X_BUF                                0x200002f0   Data          40  imu.o(.bss)
    ACC_Y_BUF                                0x20000318   Data          40  imu.o(.bss)
    ACC_Z_BUF                                0x20000340   Data          40  imu.o(.bss)
    PID_ROL                                  0x20000368   Data          32  control.o(.bss)
    PID_PIT                                  0x20000388   Data          32  control.o(.bss)
    PID_YAW                                  0x200003a8   Data          32  control.o(.bss)
    __libspace_start                         0x200003c8   Data          96  libspace.o(.bss)
    __temporary_stack_top$libspace           0x20000428   Data           0  libspace.o(.bss)



==============================================================================

Memory Map of the image

  Image Entry point : 0x080000ed

  Load Region LR_IROM1 (Base: 0x08000000, Size: 0x00007a94, Max: 0x00010000, ABSOLUTE)

    Execution Region ER_IROM1 (Base: 0x08000000, Size: 0x000079a8, Max: 0x00010000, ABSOLUTE)

    Base Addr    Size         Type   Attr      Idx    E Section Name        Object

    0x08000000   0x000000ec   Data   RO          203    RESET               startup_stm32f10x_md.o
    0x080000ec   0x00000008   Code   RO          679  * !!!main             c_w.l(__main.o)
    0x080000f4   0x00000034   Code   RO          962    !!!scatter          c_w.l(__scatter.o)
    0x08000128   0x0000001a   Code   RO          964    !!handler_copy      c_w.l(__scatter_copy.o)
    0x08000142   0x00000002   PAD
    0x08000144   0x0000001c   Code   RO          966    !!handler_zi        c_w.l(__scatter_zi.o)
    0x08000160   0x00000002   Code   RO          834    .ARM.Collect$$libinit$$00000000  c_w.l(libinit.o)
    0x08000162   0x00000000   Code   RO          840    .ARM.Collect$$libinit$$00000002  c_w.l(libinit2.o)
    0x08000162   0x00000000   Code   RO          843    .ARM.Collect$$libinit$$00000008  c_w.l(libinit2.o)
    0x08000162   0x00000000   Code   RO          845    .ARM.Collect$$libinit$$0000000A  c_w.l(libinit2.o)
    0x08000162   0x00000000   Code   RO          847    .ARM.Collect$$libinit$$0000000C  c_w.l(libinit2.o)
    0x08000162   0x00000000   Code   RO          850    .ARM.Collect$$libinit$$0000000F  c_w.l(libinit2.o)
    0x08000162   0x00000000   Code   RO          852    .ARM.Collect$$libinit$$00000011  c_w.l(libinit2.o)
    0x08000162   0x00000000   Code   RO          854    .ARM.Collect$$libinit$$00000013  c_w.l(libinit2.o)
    0x08000162   0x00000000   Code   RO          856    .ARM.Collect$$libinit$$00000015  c_w.l(libinit2.o)
    0x08000162   0x00000000   Code   RO          858    .ARM.Collect$$libinit$$00000017  c_w.l(libinit2.o)
    0x08000162   0x00000000   Code   RO          860    .ARM.Collect$$libinit$$00000019  c_w.l(libinit2.o)
    0x08000162   0x00000000   Code   RO          862    .ARM.Collect$$libinit$$0000001B  c_w.l(libinit2.o)
    0x08000162   0x00000000   Code   RO          864    .ARM.Collect$$libinit$$0000001D  c_w.l(libinit2.o)
    0x08000162   0x00000000   Code   RO          866    .ARM.Collect$$libinit$$0000001F  c_w.l(libinit2.o)
    0x08000162   0x00000000   Code   RO          868    .ARM.Collect$$libinit$$00000021  c_w.l(libinit2.o)
    0x08000162   0x00000000   Code   RO          870    .ARM.Collect$$libinit$$00000023  c_w.l(libinit2.o)
    0x08000162   0x00000000   Code   RO          874    .ARM.Collect$$libinit$$0000002A  c_w.l(libinit2.o)
    0x08000162   0x00000000   Code   RO          876    .ARM.Collect$$libinit$$0000002C  c_w.l(libinit2.o)
    0x08000162   0x00000000   Code   RO          878    .ARM.Collect$$libinit$$0000002E  c_w.l(libinit2.o)
    0x08000162   0x00000000   Code   RO          880    .ARM.Collect$$libinit$$00000030  c_w.l(libinit2.o)
    0x08000162   0x00000002   Code   RO          881    .ARM.Collect$$libinit$$00000031  c_w.l(libinit2.o)
    0x08000164   0x00000002   Code   RO          903    .ARM.Collect$$libshutdown$$00000000  c_w.l(libshutdown.o)
    0x08000166   0x00000000   Code   RO          917    .ARM.Collect$$libshutdown$$00000003  c_w.l(libshutdown2.o)
    0x08000166   0x00000000   Code   RO          920    .ARM.Collect$$libshutdown$$00000006  c_w.l(libshutdown2.o)
    0x08000166   0x00000000   Code   RO          923    .ARM.Collect$$libshutdown$$00000009  c_w.l(libshutdown2.o)
    0x08000166   0x00000000   Code   RO          925    .ARM.Collect$$libshutdown$$0000000B  c_w.l(libshutdown2.o)
    0x08000166   0x00000000   Code   RO          928    .ARM.Collect$$libshutdown$$0000000E  c_w.l(libshutdown2.o)
    0x08000166   0x00000002   Code   RO          929    .ARM.Collect$$libshutdown$$0000000F  c_w.l(libshutdown2.o)
    0x08000168   0x00000000   Code   RO          759    .ARM.Collect$$rtentry$$00000000  c_w.l(rtentry.o)
    0x08000168   0x00000000   Code   RO          801    .ARM.Collect$$rtentry$$00000002  c_w.l(rtentry2.o)
    0x08000168   0x00000006   Code   RO          813    .ARM.Collect$$rtentry$$00000004  c_w.l(rtentry4.o)
    0x0800016e   0x00000000   Code   RO          803    .ARM.Collect$$rtentry$$00000009  c_w.l(rtentry2.o)
    0x0800016e   0x00000004   Code   RO          804    .ARM.Collect$$rtentry$$0000000A  c_w.l(rtentry2.o)
    0x08000172   0x00000000   Code   RO          806    .ARM.Collect$$rtentry$$0000000C  c_w.l(rtentry2.o)
    0x08000172   0x00000008   Code   RO          807    .ARM.Collect$$rtentry$$0000000D  c_w.l(rtentry2.o)
    0x0800017a   0x00000002   Code   RO          837    .ARM.Collect$$rtexit$$00000000  c_w.l(rtexit.o)
    0x0800017c   0x00000000   Code   RO          885    .ARM.Collect$$rtexit$$00000002  c_w.l(rtexit2.o)
    0x0800017c   0x00000004   Code   RO          886    .ARM.Collect$$rtexit$$00000003  c_w.l(rtexit2.o)
    0x08000180   0x00000006   Code   RO          887    .ARM.Collect$$rtexit$$00000004  c_w.l(rtexit2.o)
    0x08000186   0x00000002   PAD
    0x08000188   0x000001dc   Code   RO            1    .text               system_stm32f10x.o
    0x08000364   0x000000dc   Code   RO           75    .text               misc.o
    0x08000440   0x00000358   Code   RO           91    .text               stm32f10x_gpio.o
    0x08000798   0x00000e1a   Code   RO          103    .text               stm32f10x_tim.o
    0x080015b2   0x00000002   PAD
    0x080015b4   0x00000408   Code   RO          115    .text               stm32f10x_usart.o
    0x080019bc   0x000003a4   Code   RO          127    .text               stm32f10x_rcc.o
    0x08001d60   0x0000030c   Code   RO          141    .text               stm32f10x_spi.o
    0x0800206c   0x000005bc   Code   RO          165    .text               stm32f10x_flash.o
    0x08002628   0x0000044e   Code   RO          177    .text               stm32f10x_adc.o
    0x08002a76   0x00000002   PAD
    0x08002a78   0x00000250   Code   RO          189    .text               stm32f10x_dma.o
    0x08002cc8   0x00000040   Code   RO          204    .text               startup_stm32f10x_md.o
    0x08002d08   0x00000354   Code   RO          208    .text               bsp.o
    0x0800305c   0x00000050   Code   RO          309    .text               tim.o
    0x080030ac   0x000002c4   Code   RO          327    .text               usart.o
    0x08003370   0x00000130   Code   RO          346    .text               spi.o
    0x080034a0   0x000001b8   Code   RO          361    .text               led.o
    0x08003658   0x000003dc   Code   RO          380    .text               mpu6050.o
    0x08003a34   0x00000198   Code   RO          441    .text               moto.o
    0x08003bcc   0x0000026c   Code   RO          460    .text               nrf24l01.o
    0x08003e38   0x000004cc   Code   RO          479    .text               eeprom.o
    0x08004304   0x00000110   Code   RO          498    .text               adc.o
    0x08004414   0x000000a0   Code   RO          528    .text               main.o
    0x080044b4   0x00000128   Code   RO          551    .text               stm32f10x_it.o
    0x080045dc   0x00000980   Code   RO          598    .text               rc.o
    0x08004f5c   0x00000708   Code   RO          617    .text               imu.o
    0x08005664   0x000003e8   Code   RO          644    .text               control.o
    0x08005a4c   0x00000350   Code   RO          663    .text               stm32_i2c.o
    0x08005d9c   0x00000006   Code   RO          677    .text               c_w.l(heapauxi.o)
    0x08005da2   0x00000016   Code   RO          760    .text               c_w.l(_rserrno.o)
    0x08005db8   0x00000008   Code   RO          818    .text               c_w.l(rt_errno_addr_intlibspace.o)
    0x08005dc0   0x00000008   Code   RO          822    .text               c_w.l(libspace.o)
    0x08005dc8   0x0000004a   Code   RO          825    .text               c_w.l(sys_stackheap_outer.o)
    0x08005e12   0x0000000c   Code   RO          827    .text               c_w.l(exit.o)
    0x08005e1e   0x00000002   PAD
    0x08005e20   0x0000000c   Code   RO          895    .text               c_w.l(sys_exit.o)
    0x08005e2c   0x00000002   Code   RO          906    .text               c_w.l(use_no_semi.o)
    0x08005e2e   0x00000000   Code   RO          908    .text               c_w.l(indicate_semi.o)
    0x08005e2e   0x00000028   Code   RO          795    i.__ARM_fpclassify  m_ws.l(fpclassify.o)
    0x08005e56   0x000000aa   Code   RO          797    i.__kernel_poly     m_ws.l(poly.o)
    0x08005f00   0x00000010   Code   RO          793    i.__mathlib_dbl_underflow  m_ws.l(dunder.o)
    0x08005f10   0x0000027c   Code   RO          734    i.asin              m_ws.l(asin.o)
    0x0800618c   0x00000224   Code   RO          784    i.atan              m_ws.l(atan.o)
    0x080063b0   0x00000180   Code   RO          744    i.atan2             m_ws.l(atan2.o)
    0x08006530   0x0000004c   Code   RO          752    i.sqrt              m_ws.l(sqrt.o)
    0x0800657c   0x00000062   Code   RO          681    x$fpl$d2f           fz_ws.l(d2f.o)
    0x080065de   0x00000002   PAD
    0x080065e0   0x00000150   Code   RO          683    x$fpl$dadd          fz_ws.l(daddsub_clz.o)
    0x08006730   0x00000010   Code   RO          820    x$fpl$dcheck1       fz_ws.l(dcheck1.o)
    0x08006740   0x00000018   Code   RO          762    x$fpl$dcmpinf       fz_ws.l(dcmpi.o)
    0x08006758   0x000002b0   Code   RO          765    x$fpl$ddiv          fz_ws.l(ddiv.o)
    0x08006a08   0x0000002e   Code   RO          690    x$fpl$dflt          fz_ws.l(dflt_clz.o)
    0x08006a36   0x00000002   PAD
    0x08006a38   0x00000078   Code   RO          695    x$fpl$dleqf         fz_ws.l(dleqf.o)
    0x08006ab0   0x00000154   Code   RO          697    x$fpl$dmul          fz_ws.l(dmul.o)
    0x08006c04   0x0000009c   Code   RO          768    x$fpl$dnaninf       fz_ws.l(dnaninf.o)
    0x08006ca0   0x0000000c   Code   RO          770    x$fpl$dretinf       fz_ws.l(dretinf.o)
    0x08006cac   0x00000016   Code   RO          684    x$fpl$drsb          fz_ws.l(daddsub_clz.o)
    0x08006cc2   0x00000002   PAD
    0x08006cc4   0x000001cc   Code   RO          772    x$fpl$dsqrt         fz_ws.l(dsqrt_noumaal.o)
    0x08006e90   0x000001d4   Code   RO          685    x$fpl$dsub          fz_ws.l(daddsub_clz.o)
    0x08007064   0x00000056   Code   RO          699    x$fpl$f2d           fz_ws.l(f2d.o)
    0x080070ba   0x00000002   PAD
    0x080070bc   0x000000c4   Code   RO          701    x$fpl$fadd          fz_ws.l(faddsub_clz.o)
    0x08007180   0x00000018   Code   RO          774    x$fpl$fcmpinf       fz_ws.l(fcmpi.o)
    0x08007198   0x00000184   Code   RO          708    x$fpl$fdiv          fz_ws.l(fdiv.o)
    0x0800731c   0x00000068   Code   RO          711    x$fpl$feqf          fz_ws.l(feqf.o)
    0x08007384   0x00000036   Code   RO          713    x$fpl$ffix          fz_ws.l(ffix.o)
    0x080073ba   0x00000002   PAD
    0x080073bc   0x0000003e   Code   RO          717    x$fpl$ffixu         fz_ws.l(ffixu.o)
    0x080073fa   0x00000002   PAD
    0x080073fc   0x00000030   Code   RO          722    x$fpl$fflt          fz_ws.l(fflt_clz.o)
    0x0800742c   0x00000026   Code   RO          721    x$fpl$ffltu         fz_ws.l(fflt_clz.o)
    0x08007452   0x00000002   PAD
    0x08007454   0x00000068   Code   RO          727    x$fpl$fleqf         fz_ws.l(fleqf.o)
    0x080074bc   0x00000102   Code   RO          729    x$fpl$fmul          fz_ws.l(fmul.o)
    0x080075be   0x0000008c   Code   RO          776    x$fpl$fnaninf       fz_ws.l(fnaninf.o)
    0x0800764a   0x0000000a   Code   RO          778    x$fpl$fretinf       fz_ws.l(fretinf.o)
    0x08007654   0x00000062   Code   RO          731    x$fpl$frleqf        fz_ws.l(frleqf.o)
    0x080076b6   0x00000002   PAD
    0x080076b8   0x000000ea   Code   RO          703    x$fpl$fsub          fz_ws.l(faddsub_clz.o)
    0x080077a2   0x00000064   Code   RO          835    x$fpl$retnan        fz_ws.l(retnan.o)
    0x08007806   0x0000005c   Code   RO          780    x$fpl$scalbn        fz_ws.l(scalbn.o)
    0x08007862   0x00000030   Code   RO          882    x$fpl$trapveneer    fz_ws.l(trapv.o)
    0x08007892   0x00000000   Code   RO          782    x$fpl$usenofp       fz_ws.l(usenofp.o)
    0x08007892   0x00000006   PAD
    0x08007898   0x00000050   Data   RO          735    .constdata          m_ws.l(asin.o)
    0x080078e8   0x00000098   Data   RO          785    .constdata          m_ws.l(atan.o)
    0x08007980   0x00000008   Data   RO          799    .constdata          m_ws.l(qnan.o)
    0x08007988   0x00000020   Data   RO          960    Region$$Table       anon$$obj.o


    Execution Region RW_IRAM1 (Base: 0x20000000, Size: 0x00000a28, Max: 0x00005000, ABSOLUTE)

    Base Addr    Size         Type   Attr      Idx    E Section Name        Object

    0x20000000   0x00000014   Data   RW            2    .data               system_stm32f10x.o
    0x20000014   0x00000014   Data   RW          128    .data               stm32f10x_rcc.o
    0x20000028   0x00000022   Data   RW          209    .data               bsp.o
    0x2000004a   0x00000002   PAD
    0x2000004c   0x00000004   Data   RW          310    .data               tim.o
    0x20000050   0x0000000c   Data   RW          329    .data               usart.o
    0x2000005c   0x0000003a   Data   RW          382    .data               mpu6050.o
    0x20000096   0x0000000a   Data   RW          462    .data               nrf24l01.o
    0x200000a0   0x00000008   Data   RW          480    .data               eeprom.o
    0x200000a8   0x00000002   Data   RW          499    .data               adc.o
    0x200000aa   0x00000005   Data   RW          552    .data               stm32f10x_it.o
    0x200000af   0x00000001   PAD
    0x200000b0   0x00000012   Data   RW          600    .data               rc.o
    0x200000c2   0x00000002   PAD
    0x200000c4   0x00000024   Data   RW          619    .data               imu.o
    0x200000e8   0x00000001   Data   RW          646    .data               control.o
    0x200000e9   0x00000003   PAD
    0x200000ec   0x0000013f   Zero   RW          328    .bss                usart.o
    0x2000022b   0x0000000e   Zero   RW          381    .bss                mpu6050.o
    0x20000239   0x00000001   PAD
    0x2000023a   0x00000034   Zero   RW          442    .bss                moto.o
    0x2000026e   0x00000040   Zero   RW          461    .bss                nrf24l01.o
    0x200002ae   0x00000012   Zero   RW          599    .bss                rc.o
    0x200002c0   0x000000a8   Zero   RW          618    .bss                imu.o
    0x20000368   0x00000060   Zero   RW          645    .bss                control.o
    0x200003c8   0x00000060   Zero   RW          823    .bss                c_w.l(libspace.o)
    0x20000428   0x00000200   Zero   RW          202    HEAP                startup_stm32f10x_md.o
    0x20000628   0x00000400   Zero   RW          201    STACK               startup_stm32f10x_md.o


==============================================================================

Image component sizes


      Code (inc. data)   RO Data    RW Data    ZI Data      Debug   Object Name

       272         16          0          2          0       1269   adc.o
       852         32          0         34          0     272072   bsp.o
      1000         50          0          1         96       2071   control.o
         0          0          0          0          0         32   core_cm3.o
      1228         32          0          8          0       4866   eeprom.o
      1800        138          0         36        168      13624   imu.o
       440         16          0          0          0       1100   led.o
       160         56          0          0          0        564   main.o
       220         20          0          0          0       1617   misc.o
       408         28          0          0         52       1597   moto.o
       988         64          0         58         14      14222   mpu6050.o
       620         18          0         10         64       2966   nrf24l01.o
      2432        154          0         18         18       3786   rc.o
       304         14          0          0          0        779   spi.o
        64         26        236          0       1536        732   startup_stm32f10x_md.o
       848          6          0          0          0       3541   stm32_i2c.o
      1102         26          0          0          0      10653   stm32f10x_adc.o
       592          8          0          0          0       4150   stm32f10x_dma.o
      1468         34          0          0          0       7850   stm32f10x_flash.o
       856         40          0          0          0       5465   stm32f10x_gpio.o
       296         48          0          5          0       1894   stm32f10x_it.o
       932         44          0         20          0       8576   stm32f10x_rcc.o
       780         14          0          0          0       6346   stm32f10x_spi.o
      3610         88          0          0          0      21952   stm32f10x_tim.o
      1032         22          0          0          0       8188   stm32f10x_usart.o
       476         36          0         20          0     283995   system_stm32f10x.o
        80          6          0          4          0        666   tim.o
       708         44          0         12        319       2749   usart.o

    ----------------------------------------------------------------------
     23572       1080        268        236       2268     687322   Object Totals
         0          0         32          0          0          0   (incl. Generated)
         4          0          0          8          1          0   (incl. Padding)

    ----------------------------------------------------------------------

      Code (inc. data)   RO Data    RW Data    ZI Data      Debug   Library Member Name

         8          0          0          0          0         68   __main.o
        52          8          0          0          0          0   __scatter.o
        26          0          0          0          0          0   __scatter_copy.o
        28          0          0          0          0          0   __scatter_zi.o
        22          0          0          0          0        100   _rserrno.o
        12          0          0          0          0         72   exit.o
         6          0          0          0          0        152   heapauxi.o
         0          0          0          0          0          0   indicate_semi.o
         2          0          0          0          0          0   libinit.o
         2          0          0          0          0          0   libinit2.o
         2          0          0          0          0          0   libshutdown.o
         2          0          0          0          0          0   libshutdown2.o
         8          4          0          0         96         68   libspace.o
         8          4          0          0          0         68   rt_errno_addr_intlibspace.o
         0          0          0          0          0          0   rtentry.o
        12          0          0          0          0          0   rtentry2.o
         6          0          0          0          0          0   rtentry4.o
         2          0          0          0          0          0   rtexit.o
        10          0          0          0          0          0   rtexit2.o
        12          4          0          0          0         68   sys_exit.o
        74          0          0          0          0         80   sys_stackheap_outer.o
         2          0          0          0          0         68   use_no_semi.o
        98          4          0          0          0         92   d2f.o
       826         16          0          0          0        348   daddsub_clz.o
        16          4          0          0          0         68   dcheck1.o
        24          0          0          0          0         68   dcmpi.o
       688        140          0          0          0        208   ddiv.o
        46          0          0          0          0         68   dflt_clz.o
       120          4          0          0          0         92   dleqf.o
       340         12          0          0          0        104   dmul.o
       156          4          0          0          0         92   dnaninf.o
        12          0          0          0          0         68   dretinf.o
       460         56          0          0          0        120   dsqrt_noumaal.o
        86          4          0          0          0         84   f2d.o
       430          8          0          0          0        168   faddsub_clz.o
        24          0          0          0          0         68   fcmpi.o
       388         76          0          0          0         96   fdiv.o
       104          4          0          0          0         84   feqf.o
        54          4          0          0          0         84   ffix.o
        62          4          0          0          0         84   ffixu.o
        86          0          0          0          0        136   fflt_clz.o
       104          4          0          0          0         84   fleqf.o
       258          4          0          0          0         84   fmul.o
       140          4          0          0          0         84   fnaninf.o
        10          0          0          0          0         68   fretinf.o
        98          0          0          0          0         68   frleqf.o
       100          0          0          0          0         68   retnan.o
        92          0          0          0          0         68   scalbn.o
        48          0          0          0          0         68   trapv.o
         0          0          0          0          0          0   usenofp.o
       636         52         80          0          0        168   asin.o
       548         70        152          0          0        124   atan.o
       384         38          0          0          0        144   atan2.o
        16          6          0          0          0         68   dunder.o
        40          0          0          0          0         68   fpclassify.o
       170          0          0          0          0         96   poly.o
         0          0          8          0          0          0   qnan.o
        76          0          0          0          0         84   sqrt.o

    ----------------------------------------------------------------------
      7064        538        240          0         96       4220   Library Totals
        28          0          0          0          0          0   (incl. Padding)

    ----------------------------------------------------------------------

      Code (inc. data)   RO Data    RW Data    ZI Data      Debug   Library Name

       296         20          0          0         96        744   c_w.l
      4870        352          0          0          0       2724   fz_ws.l
      1870        166        240          0          0        752   m_ws.l

    ----------------------------------------------------------------------
      7064        538        240          0         96       4220   Library Totals

    ----------------------------------------------------------------------

==============================================================================


      Code (inc. data)   RO Data    RW Data    ZI Data      Debug   

     30636       1618        508        236       2364     686706   Grand Totals
     30636       1618        508        236       2364     686706   ELF Image Totals
     30636       1618        508        236          0          0   ROM Totals

==============================================================================

    Total RO  Size (Code + RO Data)                31144 (  30.41kB)
    Total RW  Size (RW Data + ZI Data)              2600 (   2.54kB)
    Total ROM Size (Code + RO Data + RW Data)      31380 (  30.64kB)

==============================================================================

