<html>
<body>
<pre>
<h1>礦ision Build Log</h1>
<h2>Project:</h2>
D:\ANOTech\KEIL-0811-视频所用源码\ANO_USB\ANO_USB.uvproj
Project File Date:  10/11/2013

<h2>Output:</h2>
Build target 'ANO_USB'
compiling Nrf24l01.C...
linking...
Program Size: Code=19128 RO-data=336 RW-data=356 ZI-data=2092  
FromELF: creating hex file...
".\OUT\ANO_USB.axf" - 0 Errors, 0 Warning(s).
Load "D:\\ANOTech\\KEIL-0811-视频所用源码\\ANO_USB\\OUT\\ANO_USB.axf" 
Load "D:\\ANOTech\\KEIL-0811-视频所用源码\\ANO_USB\\OUT\\ANO_USB.axf" 
Build target 'ANO_USB'
linking...
Program Size: Code=19128 RO-data=336 RW-data=356 ZI-data=2092  
FromELF: creating hex file...
".\OUT\ANO_USB.axf" - 0 Errors, 0 Warning(s).
Load "D:\\ANOTech\\KEIL-0811-视频所用源码\\ANO_USB\\OUT\\ANO_USB.axf" 
Load "D:\\ANOTech\\KEIL-0811-视频所用源码\\ANO_USB\\OUT\\ANO_USB.axf" 
Build target 'ANO_USB'
linking...
Program Size: Code=19128 RO-data=336 RW-data=356 ZI-data=2092  
FromELF: creating hex file...
".\OUT\ANO_USB.axf" - 0 Errors, 0 Warning(s).
Load "D:\\ANOTech\\KEIL-0811-视频所用源码\\ANO_USB\\OUT\\ANO_USB.axf" 
Load "D:\\ANOTech\\KEIL-0811-视频所用源码\\ANO_USB\\OUT\\ANO_USB.axf" 
Erase Done.
Programming Done.
Verify OK.
Application running ...
Build target 'ANO_USB'
compiling Spi.c...
compiling Nrf24l01.C...
compiling main.c...
compiling stm32f10x_it.c...
compiling Rc.c...
linking...
Program Size: Code=11620 RO-data=336 RW-data=84 ZI-data=2092  
FromELF: creating hex file...
".\OUT\ANO_USB.axf" - 0 Errors, 0 Warning(s).
Build target 'ANO_USB'
assembling startup_stm32f10x_md.s...
linking...
Program Size: Code=11620 RO-data=268 RW-data=84 ZI-data=2092  
FromELF: creating hex file...
".\OUT\ANO_USB.axf" - 0 Errors, 0 Warning(s).
Load "D:\\ANOTech\\KEIL-0811-视频所用源码\\ANO_USB\\OUT\\ANO_USB.axf" 
Load "D:\\ANOTech\\KEIL-0811-视频所用源码\\ANO_USB\\OUT\\ANO_USB.axf" 
Erase Done.
Programming Done.
Verify OK.
Application running ...
Build target 'ANO_USB'
compiling system_stm32f10x.c...
compiling core_cm3.c...
compiling misc.c...
compiling stm32f10x_gpio.c...
compiling stm32f10x_tim.c...
compiling stm32f10x_usart.c...
compiling stm32f10x_rcc.c...
compiling stm32f10x_spi.c...
compiling BSP.c...
compiling Tim.c...
compiling Usart.c...
compiling Spi.c...
compiling Nrf24l01.C...
compiling main.c...
compiling stm32f10x_it.c...
compiling Uart1.c...
compiling Rc.c...
linking...
Program Size: Code=11620 RO-data=268 RW-data=84 ZI-data=2092  
FromELF: creating hex file...
".\OUT\ANO_USB.axf" - 0 Errors, 0 Warning(s).
Load "D:\\ANOTech\\KEIL-0811-视频所用源码\\ANO_USB\\OUT\\ANO_USB.axf" 
Erase Done.
Programming Done.
Verify OK.
Application running ...
Build target 'ANO_USB'
linking...
Program Size: Code=11620 RO-data=268 RW-data=84 ZI-data=2092  
FromELF: creating hex file...
".\OUT\ANO_USB.axf" - 0 Errors, 0 Warning(s).
Build target 'ANO_USB'
compiling system_stm32f10x.c...
compiling core_cm3.c...
compiling misc.c...
compiling stm32f10x_gpio.c...
compiling stm32f10x_tim.c...
compiling stm32f10x_usart.c...
compiling stm32f10x_rcc.c...
compiling stm32f10x_spi.c...
assembling startup_stm32f10x_hd.s...
compiling BSP.c...
compiling Tim.c...
compiling Usart.c...
compiling Spi.c...
compiling Nrf24l01.C...
compiling main.c...
APP\SYS\main.c(21): warning:  #223-D: function "TIM2_Cap_Init" declared implicitly
compiling stm32f10x_it.c...
compiling TIMCap.c...
compiling Uart1.c...
compiling Rc.c...
linking...
Program Size: Code=19132 RO-data=336 RW-data=356 ZI-data=2092  
FromELF: creating hex file...
".\OUT\ANO_USB.axf" - 0 Errors, 1 Warning(s).
Build target 'ANO_USB'
compiling main.c...
linking...
Program Size: Code=19176 RO-data=336 RW-data=356 ZI-data=2092  
FromELF: creating hex file...
".\OUT\ANO_USB.axf" - 0 Errors, 0 Warning(s).
Build target 'ANO_USB'
compiling BSP.c...
compiling main.c...
compiling TIMCap.c...
linking...
.\OUT\ANO_USB.axf: Error: L6200E: Symbol TIM2_IRQHandler multiply defined (by timcap.o and stm32f10x_it.o).
".\OUT\ANO_USB.axf" - 1 Errors, 0 Warning(s).
Target not created
Build target 'ANO_USB'
compiling main.c...
compiling TIMCap.c...
linking...
.\OUT\ANO_USB.axf: Error: L6200E: Symbol TIM2_IRQHandler multiply defined (by timcap.o and stm32f10x_it.o).
".\OUT\ANO_USB.axf" - 1 Errors, 0 Warning(s).
Target not created
Build target 'ANO_USB'
compiling main.c...
linking...
.\OUT\ANO_USB.axf: Error: L6200E: Symbol TIM2_IRQHandler multiply defined (by timcap.o and stm32f10x_it.o).
".\OUT\ANO_USB.axf" - 1 Errors, 0 Warning(s).
Target not created
Build target 'ANO_USB'
compiling main.c...
compiling stm32f10x_it.c...
linking...
Program Size: Code=19524 RO-data=336 RW-data=352 ZI-data=2168  
FromELF: creating hex file...
".\OUT\ANO_USB.axf" - 0 Errors, 0 Warning(s).
Load "D:\\ANOTech\\KEIL-0811-视频所用源码\\ANO_USB\\OUT\\ANO_USB.axf" 
Erase Done.
Programming Done.
Verify OK.
Application running ...
Build target 'ANO_USB'
compiling main.c...
linking...
Program Size: Code=19468 RO-data=336 RW-data=352 ZI-data=2168  
FromELF: creating hex file...
".\OUT\ANO_USB.axf" - 0 Errors, 0 Warning(s).
Build target 'ANO_USB'
compiling main.c...
linking...
Program Size: Code=19484 RO-data=336 RW-data=352 ZI-data=2168  
FromELF: creating hex file...
".\OUT\ANO_USB.axf" - 0 Errors, 0 Warning(s).
Load "D:\\ANOTech\\KEIL-0811-视频所用源码\\ANO_USB\\OUT\\ANO_USB.axf" 
Erase Done.
Programming Done.
Verify OK.
Application running ...
Build target 'ANO_USB'
compiling main.c...
linking...
Program Size: Code=19496 RO-data=336 RW-data=352 ZI-data=2168  
FromELF: creating hex file...
".\OUT\ANO_USB.axf" - 0 Errors, 0 Warning(s).
Load "D:\\ANOTech\\KEIL-0811-视频所用源码\\ANO_USB\\OUT\\ANO_USB.axf" 
Erase Done.
Programming Done.
Verify OK.
Application running ...
Build target 'ANO_USB'
compiling main.c...
linking...
Program Size: Code=18952 RO-data=336 RW-data=352 ZI-data=2072  
FromELF: creating hex file...
".\OUT\ANO_USB.axf" - 0 Errors, 0 Warning(s).
Load "D:\\ANOTech\\KEIL-0811-视频所用源码\\ANO_USB\\OUT\\ANO_USB.axf" 
Erase Done.
Programming Done.
Verify OK.
Application running ...
Build target 'ANO_USB'
compiling main.c...
linking...
Program Size: Code=18952 RO-data=336 RW-data=352 ZI-data=2072  
FromELF: creating hex file...
".\OUT\ANO_USB.axf" - 0 Errors, 0 Warning(s).
Build target 'ANO_USB'
compiling main.c...
linking...
Program Size: Code=18952 RO-data=336 RW-data=352 ZI-data=2072  
FromELF: creating hex file...
".\OUT\ANO_USB.axf" - 0 Errors, 0 Warning(s).
Build target 'ANO_USB'
compiling main.c...
linking...
Program Size: Code=18952 RO-data=336 RW-data=352 ZI-data=2072  
FromELF: creating hex file...
".\OUT\ANO_USB.axf" - 0 Errors, 0 Warning(s).
Load "D:\\ANOTech\\KEIL-0811-视频所用源码\\ANO_USB\\OUT\\ANO_USB.axf" 
Erase Done.
Programming Done.
Verify OK.
Application running ...
Build target 'ANO_USB'
compiling main.c...
linking...
Program Size: Code=19524 RO-data=336 RW-data=352 ZI-data=2168  
FromELF: creating hex file...
".\OUT\ANO_USB.axf" - 0 Errors, 0 Warning(s).
Load "D:\\ANOTech\\KEIL-0811-视频所用源码\\ANO_USB\\OUT\\ANO_USB.axf" 
Erase Done.
Programming Done.
Verify OK.
Application running ...
Build target 'ANO_USB'
compiling main.c...
linking...
Program Size: Code=19524 RO-data=336 RW-data=352 ZI-data=2168  
FromELF: creating hex file...
".\OUT\ANO_USB.axf" - 0 Errors, 0 Warning(s).
Load "D:\\ANOTech\\KEIL-0811-视频所用源码\\ANO_USB\\OUT\\ANO_USB.axf" 
Erase Done.
Programming Done.
Verify OK.
Application running ...
Build target 'ANO_USB'
compiling main.c...
linking...
Program Size: Code=18952 RO-data=336 RW-data=352 ZI-data=2072  
FromELF: creating hex file...
".\OUT\ANO_USB.axf" - 0 Errors, 0 Warning(s).
Load "D:\\ANOTech\\KEIL-0811-视频所用源码\\ANO_USB\\OUT\\ANO_USB.axf" 
Erase Done.
Programming Done.
Verify OK.
Application running ...
Build target 'ANO_USB'
compiling main.c...
linking...
Program Size: Code=18952 RO-data=336 RW-data=352 ZI-data=2072  
FromELF: creating hex file...
".\OUT\ANO_USB.axf" - 0 Errors, 0 Warning(s).
Load "D:\\ANOTech\\KEIL-0811-视频所用源码\\ANO_USB\\OUT\\ANO_USB.axf" 
Erase Done.
Programming Done.
Verify OK.
Application running ...
Build target 'ANO_USB'
compiling BSP.c...
compiling main.c...
linking...
Program Size: Code=19220 RO-data=336 RW-data=352 ZI-data=2072  
FromELF: creating hex file...
".\OUT\ANO_USB.axf" - 0 Errors, 0 Warning(s).
Load "D:\\ANOTech\\KEIL-0811-视频所用源码\\ANO_USB\\OUT\\ANO_USB.axf" 
Erase Done.
Programming Done.
Verify OK.
Application running ...
Build target 'ANO_USB'
compiling system_stm32f10x.c...
compiling core_cm3.c...
compiling misc.c...
compiling stm32f10x_gpio.c...
compiling stm32f10x_tim.c...
compiling stm32f10x_usart.c...
compiling stm32f10x_rcc.c...
compiling stm32f10x_spi.c...
assembling startup_stm32f10x_md.s...
compiling BSP.c...
compiling Tim.c...
compiling Usart.c...
compiling Spi.c...
compiling Nrf24l01.C...
compiling main.c...
compiling stm32f10x_it.c...
compiling TIMCap.c...
compiling Uart1.c...
compiling Rc.c...
linking...
Program Size: Code=19220 RO-data=268 RW-data=352 ZI-data=2072  
FromELF: creating hex file...
".\OUT\ANO_USB.axf" - 0 Errors, 0 Warning(s).
Load "D:\\ANOTech\\KEIL-0811-视频所用源码\\ANO_USB\\OUT\\ANO_USB.axf" 
Erase Done.
Programming Done.
Verify OK.
Application running ...
Build target 'ANO_USB'
compiling main.c...
linking...
Program Size: Code=19220 RO-data=268 RW-data=352 ZI-data=2072  
FromELF: creating hex file...
".\OUT\ANO_USB.axf" - 0 Errors, 0 Warning(s).
Load "D:\\ANOTech\\KEIL-0811-视频所用源码\\ANO_USB\\OUT\\ANO_USB.axf" 
Erase Done.
Programming Done.
Verify OK.
Application running ...
Build target 'ANO_USB'
compiling main.c...
linking...
Program Size: Code=19148 RO-data=268 RW-data=352 ZI-data=2072  
FromELF: creating hex file...
".\OUT\ANO_USB.axf" - 0 Errors, 0 Warning(s).
Load "D:\\ANOTech\\KEIL-0811-视频所用源码\\ANO_USB\\OUT\\ANO_USB.axf" 
Erase Done.
Programming Done.
Verify OK.
Application running ...
Build target 'ANO_USB'
linking...
Program Size: Code=19148 RO-data=268 RW-data=352 ZI-data=2072  
FromELF: creating hex file...
".\OUT\ANO_USB.axf" - 0 Errors, 0 Warning(s).
Build target 'ANO_USB'
compiling main.c...
linking...
Program Size: Code=19220 RO-data=268 RW-data=352 ZI-data=2072  
FromELF: creating hex file...
".\OUT\ANO_USB.axf" - 0 Errors, 0 Warning(s).
Load "D:\\ANOTech\\KEIL-0811-视频所用源码\\ANO_USB\\OUT\\ANO_USB.axf" 
Erase Done.
Programming Done.
Verify OK.
Application running ...
Build target 'ANO_USB'
compiling main.c...
linking...
Program Size: Code=19216 RO-data=268 RW-data=352 ZI-data=2072  
FromELF: creating hex file...
".\OUT\ANO_USB.axf" - 0 Errors, 0 Warning(s).
Load "D:\\ANOTech\\KEIL-0811-视频所用源码\\ANO_USB\\OUT\\ANO_USB.axf" 
Erase Done.
Programming Done.
Verify OK.
Application running ...
Build target 'ANO_USB'
compiling main.c...
linking...
Program Size: Code=19148 RO-data=268 RW-data=352 ZI-data=2072  
FromELF: creating hex file...
".\OUT\ANO_USB.axf" - 0 Errors, 0 Warning(s).
Load "D:\\ANOTech\\KEIL-0811-视频所用源码\\ANO_USB\\OUT\\ANO_USB.axf" 
Erase Done.
Programming Done.
Verify OK.
Application running ...
Build target 'ANO_USB'
compiling main.c...
linking...
Program Size: Code=19216 RO-data=268 RW-data=352 ZI-data=2072  
FromELF: creating hex file...
".\OUT\ANO_USB.axf" - 0 Errors, 0 Warning(s).
Load "D:\\ANOTech\\KEIL-0811-视频所用源码\\ANO_USB\\OUT\\ANO_USB.axf" 
Erase Done.
Programming Done.
Verify OK.
Application running ...
Build target 'ANO_USB'
compiling main.c...
linking...
Program Size: Code=19220 RO-data=268 RW-data=352 ZI-data=2072  
FromELF: creating hex file...
".\OUT\ANO_USB.axf" - 0 Errors, 0 Warning(s).
Build target 'ANO_USB'
compiling main.c...
compiling stm32f10x_it.c...
linking...
Program Size: Code=19224 RO-data=268 RW-data=352 ZI-data=2072  
FromELF: creating hex file...
".\OUT\ANO_USB.axf" - 0 Errors, 0 Warning(s).
Load "D:\\ANOTech\\KEIL-0811-视频所用源码\\ANO_USB\\OUT\\ANO_USB.axf" 
Erase Done.
Programming Done.
Verify OK.
Application running ...
Build target 'ANO_USB'
compiling stm32f10x_it.c...
linking...
Program Size: Code=19224 RO-data=268 RW-data=352 ZI-data=2072  
FromELF: creating hex file...
".\OUT\ANO_USB.axf" - 0 Errors, 0 Warning(s).
Load "D:\\ANOTech\\KEIL-0811-视频所用源码\\ANO_USB\\OUT\\ANO_USB.axf" 
Erase Done.
Programming Done.
Verify OK.
Application running ...
Build target 'ANO_USB'
compiling stm32f10x_it.c...
linking...
Program Size: Code=19224 RO-data=268 RW-data=352 ZI-data=2072  
FromELF: creating hex file...
".\OUT\ANO_USB.axf" - 0 Errors, 0 Warning(s).
Load "D:\\ANOTech\\KEIL-0811-视频所用源码\\ANO_USB\\OUT\\ANO_USB.axf" 
Erase Done.
Programming Done.
Verify OK.
Application running ...
Build target 'ANO_USB'
linking...
Program Size: Code=19224 RO-data=268 RW-data=352 ZI-data=2072  
FromELF: creating hex file...
".\OUT\ANO_USB.axf" - 0 Errors, 0 Warning(s).
Build target 'ANO_USB'
compiling stm32f10x_it.c...
linking...
Program Size: Code=19224 RO-data=268 RW-data=352 ZI-data=2072  
FromELF: creating hex file...
".\OUT\ANO_USB.axf" - 0 Errors, 0 Warning(s).
Load "D:\\ANOTech\\KEIL-0811-视频所用源码\\ANO_USB\\OUT\\ANO_USB.axf" 
Erase Done.
Programming Done.
Verify OK.
Application running ...
Build target 'ANO_USB'
compiling stm32f10x_it.c...
linking...
Program Size: Code=19220 RO-data=268 RW-data=352 ZI-data=2072  
FromELF: creating hex file...
".\OUT\ANO_USB.axf" - 0 Errors, 0 Warning(s).
Load "D:\\ANOTech\\KEIL-0811-视频所用源码\\ANO_USB\\OUT\\ANO_USB.axf" 
Erase Done.
Programming Done.
Verify OK.
Application running ...
Build target 'ANO_USB'
compiling stm32f10x_it.c...
APP\SYS\stm32f10x_it.c(116): error:  #20: identifier "percent4" is undefined
".\OUT\ANO_USB.axf" - 1 Errors, 0 Warning(s).
Target not created
Build target 'ANO_USB'
compiling stm32f10x_it.c...
linking...
Program Size: Code=19224 RO-data=268 RW-data=352 ZI-data=2072  
FromELF: creating hex file...
".\OUT\ANO_USB.axf" - 0 Errors, 0 Warning(s).
Load "D:\\ANOTech\\KEIL-0811-视频所用源码\\ANO_USB\\OUT\\ANO_USB.axf" 
Erase Done.
Programming Done.
Verify OK.
Application running ...
Build target 'ANO_USB'
compiling stm32f10x_it.c...
linking...
Program Size: Code=19232 RO-data=268 RW-data=352 ZI-data=2072  
FromELF: creating hex file...
".\OUT\ANO_USB.axf" - 0 Errors, 0 Warning(s).
Load "D:\\ANOTech\\KEIL-0811-视频所用源码\\ANO_USB\\OUT\\ANO_USB.axf" 
Erase Done.
Programming Done.
Verify OK.
Application running ...
Build target 'ANO_USB'
compiling stm32f10x_it.c...
linking...
Program Size: Code=19232 RO-data=268 RW-data=352 ZI-data=2072  
FromELF: creating hex file...
".\OUT\ANO_USB.axf" - 0 Errors, 0 Warning(s).
Load "D:\\ANOTech\\KEIL-0811-视频所用源码\\ANO_USB\\OUT\\ANO_USB.axf" 
Erase Done.
Programming Done.
Verify OK.
Application running ...
Load "D:\\ANOTech\\KEIL-0811-视频所用源码\\ANO_USB\\OUT\\ANO_USB.axf" 
Erase Done.
Programming Done.
Verify OK.
Application running ...
Load "D:\\ANOTech\\KEIL-0811-视频所用源码\\ANO_USB\\OUT\\ANO_USB.axf" 
Erase Done.
Programming Done.
Verify OK.
Application running ...
